<?xml version="1.0" encoding="ISO-8859-1" ?>
<link_info>
   <banner>TI ARM Linker PC v20.2.7.LTS</banner>
   <copyright>Copyright (c) 1996-2018 Texas Instruments Incorporated</copyright>
   <link_time>0x67555723</link_time>
   <link_errors>0x0</link_errors>
   <output_file>midterm.out</output_file>
   <entry_point>
      <name>_c_int00_noargs</name>
      <address>0x6129</address>
   </entry_point>
   <input_file_list>
      <input_file id="fl-2">
         <path>.\</path>
         <kind>object</kind>
         <file>main.obj</file>
         <name>main.obj</name>
      </input_file>
      <input_file id="fl-3">
         <path>.\</path>
         <kind>object</kind>
         <file>tm4c123gh6pm_startup_ccs.obj</file>
         <name>tm4c123gh6pm_startup_ccs.obj</name>
      </input_file>
      <input_file id="fl-4">
         <path>.\G8RTOS\src\</path>
         <kind>object</kind>
         <file>G8RTOS_CriticalSection.obj</file>
         <name>G8RTOS_CriticalSection.obj</name>
      </input_file>
      <input_file id="fl-5">
         <path>.\G8RTOS\src\</path>
         <kind>object</kind>
         <file>G8RTOS_IPC.obj</file>
         <name>G8RTOS_IPC.obj</name>
      </input_file>
      <input_file id="fl-6">
         <path>.\G8RTOS\src\</path>
         <kind>object</kind>
         <file>G8RTOS_Scheduler.obj</file>
         <name>G8RTOS_Scheduler.obj</name>
      </input_file>
      <input_file id="fl-7">
         <path>.\G8RTOS\src\</path>
         <kind>object</kind>
         <file>G8RTOS_SchedulerASM.obj</file>
         <name>G8RTOS_SchedulerASM.obj</name>
      </input_file>
      <input_file id="fl-8">
         <path>.\G8RTOS\src\</path>
         <kind>object</kind>
         <file>G8RTOS_Semaphores.obj</file>
         <name>G8RTOS_Semaphores.obj</name>
      </input_file>
      <input_file id="fl-9">
         <path>.\MultimodDrivers\src\</path>
         <kind>object</kind>
         <file>beagle_uart.obj</file>
         <name>beagle_uart.obj</name>
      </input_file>
      <input_file id="fl-a">
         <path>.\MultimodDrivers\src\</path>
         <kind>object</kind>
         <file>dma_lcd.obj</file>
         <name>dma_lcd.obj</name>
      </input_file>
      <input_file id="fl-b">
         <path>.\MultimodDrivers\src\</path>
         <kind>object</kind>
         <file>multimod_BMI160.obj</file>
         <name>multimod_BMI160.obj</name>
      </input_file>
      <input_file id="fl-c">
         <path>.\MultimodDrivers\src\</path>
         <kind>object</kind>
         <file>multimod_LaunchpadButtons.obj</file>
         <name>multimod_LaunchpadButtons.obj</name>
      </input_file>
      <input_file id="fl-d">
         <path>.\MultimodDrivers\src\</path>
         <kind>object</kind>
         <file>multimod_LaunchpadLED.obj</file>
         <name>multimod_LaunchpadLED.obj</name>
      </input_file>
      <input_file id="fl-e">
         <path>.\MultimodDrivers\src\</path>
         <kind>object</kind>
         <file>multimod_OPT3001.obj</file>
         <name>multimod_OPT3001.obj</name>
      </input_file>
      <input_file id="fl-f">
         <path>.\MultimodDrivers\src\</path>
         <kind>object</kind>
         <file>multimod_PCA9956b.obj</file>
         <name>multimod_PCA9956b.obj</name>
      </input_file>
      <input_file id="fl-10">
         <path>.\MultimodDrivers\src\</path>
         <kind>object</kind>
         <file>multimod_ST7789.obj</file>
         <name>multimod_ST7789.obj</name>
      </input_file>
      <input_file id="fl-11">
         <path>.\MultimodDrivers\src\</path>
         <kind>object</kind>
         <file>multimod_audioadc.obj</file>
         <name>multimod_audioadc.obj</name>
      </input_file>
      <input_file id="fl-12">
         <path>.\MultimodDrivers\src\</path>
         <kind>object</kind>
         <file>multimod_buttons.obj</file>
         <name>multimod_buttons.obj</name>
      </input_file>
      <input_file id="fl-13">
         <path>.\MultimodDrivers\src\</path>
         <kind>object</kind>
         <file>multimod_i2c.obj</file>
         <name>multimod_i2c.obj</name>
      </input_file>
      <input_file id="fl-14">
         <path>.\MultimodDrivers\src\</path>
         <kind>object</kind>
         <file>multimod_joystick.obj</file>
         <name>multimod_joystick.obj</name>
      </input_file>
      <input_file id="fl-15">
         <path>.\MultimodDrivers\src\</path>
         <kind>object</kind>
         <file>multimod_spi.obj</file>
         <name>multimod_spi.obj</name>
      </input_file>
      <input_file id="fl-16">
         <path>.\MultimodDrivers\src\</path>
         <kind>object</kind>
         <file>multimod_uart.obj</file>
         <name>multimod_uart.obj</name>
      </input_file>
      <input_file id="fl-17">
         <path>.\driverlib\</path>
         <kind>object</kind>
         <file>adc.obj</file>
         <name>adc.obj</name>
      </input_file>
      <input_file id="fl-18">
         <path>.\driverlib\</path>
         <kind>object</kind>
         <file>aes.obj</file>
         <name>aes.obj</name>
      </input_file>
      <input_file id="fl-19">
         <path>.\driverlib\</path>
         <kind>object</kind>
         <file>can.obj</file>
         <name>can.obj</name>
      </input_file>
      <input_file id="fl-1a">
         <path>.\driverlib\</path>
         <kind>object</kind>
         <file>comp.obj</file>
         <name>comp.obj</name>
      </input_file>
      <input_file id="fl-1b">
         <path>.\driverlib\</path>
         <kind>object</kind>
         <file>cpu.obj</file>
         <name>cpu.obj</name>
      </input_file>
      <input_file id="fl-1c">
         <path>.\driverlib\</path>
         <kind>object</kind>
         <file>crc.obj</file>
         <name>crc.obj</name>
      </input_file>
      <input_file id="fl-1d">
         <path>.\driverlib\</path>
         <kind>object</kind>
         <file>des.obj</file>
         <name>des.obj</name>
      </input_file>
      <input_file id="fl-1e">
         <path>.\driverlib\</path>
         <kind>object</kind>
         <file>eeprom.obj</file>
         <name>eeprom.obj</name>
      </input_file>
      <input_file id="fl-1f">
         <path>.\driverlib\</path>
         <kind>object</kind>
         <file>emac.obj</file>
         <name>emac.obj</name>
      </input_file>
      <input_file id="fl-20">
         <path>.\driverlib\</path>
         <kind>object</kind>
         <file>epi.obj</file>
         <name>epi.obj</name>
      </input_file>
      <input_file id="fl-21">
         <path>.\driverlib\</path>
         <kind>object</kind>
         <file>epi_workaround_ccs.obj</file>
         <name>epi_workaround_ccs.obj</name>
      </input_file>
      <input_file id="fl-22">
         <path>.\driverlib\</path>
         <kind>object</kind>
         <file>flash.obj</file>
         <name>flash.obj</name>
      </input_file>
      <input_file id="fl-23">
         <path>.\driverlib\</path>
         <kind>object</kind>
         <file>fpu.obj</file>
         <name>fpu.obj</name>
      </input_file>
      <input_file id="fl-24">
         <path>.\driverlib\</path>
         <kind>object</kind>
         <file>gpio.obj</file>
         <name>gpio.obj</name>
      </input_file>
      <input_file id="fl-25">
         <path>.\driverlib\</path>
         <kind>object</kind>
         <file>hibernate.obj</file>
         <name>hibernate.obj</name>
      </input_file>
      <input_file id="fl-26">
         <path>.\driverlib\</path>
         <kind>object</kind>
         <file>i2c.obj</file>
         <name>i2c.obj</name>
      </input_file>
      <input_file id="fl-27">
         <path>.\driverlib\</path>
         <kind>object</kind>
         <file>interrupt.obj</file>
         <name>interrupt.obj</name>
      </input_file>
      <input_file id="fl-28">
         <path>.\driverlib\</path>
         <kind>object</kind>
         <file>lcd.obj</file>
         <name>lcd.obj</name>
      </input_file>
      <input_file id="fl-29">
         <path>.\driverlib\</path>
         <kind>object</kind>
         <file>mpu.obj</file>
         <name>mpu.obj</name>
      </input_file>
      <input_file id="fl-2a">
         <path>.\driverlib\</path>
         <kind>object</kind>
         <file>onewire.obj</file>
         <name>onewire.obj</name>
      </input_file>
      <input_file id="fl-2b">
         <path>.\driverlib\</path>
         <kind>object</kind>
         <file>pwm.obj</file>
         <name>pwm.obj</name>
      </input_file>
      <input_file id="fl-2c">
         <path>.\driverlib\</path>
         <kind>object</kind>
         <file>qei.obj</file>
         <name>qei.obj</name>
      </input_file>
      <input_file id="fl-2d">
         <path>.\driverlib\</path>
         <kind>object</kind>
         <file>shamd5.obj</file>
         <name>shamd5.obj</name>
      </input_file>
      <input_file id="fl-2e">
         <path>.\driverlib\</path>
         <kind>object</kind>
         <file>ssi.obj</file>
         <name>ssi.obj</name>
      </input_file>
      <input_file id="fl-2f">
         <path>.\driverlib\</path>
         <kind>object</kind>
         <file>sw_crc.obj</file>
         <name>sw_crc.obj</name>
      </input_file>
      <input_file id="fl-30">
         <path>.\driverlib\</path>
         <kind>object</kind>
         <file>sysctl.obj</file>
         <name>sysctl.obj</name>
      </input_file>
      <input_file id="fl-31">
         <path>.\driverlib\</path>
         <kind>object</kind>
         <file>sysexc.obj</file>
         <name>sysexc.obj</name>
      </input_file>
      <input_file id="fl-32">
         <path>.\driverlib\</path>
         <kind>object</kind>
         <file>systick.obj</file>
         <name>systick.obj</name>
      </input_file>
      <input_file id="fl-33">
         <path>.\driverlib\</path>
         <kind>object</kind>
         <file>timer.obj</file>
         <name>timer.obj</name>
      </input_file>
      <input_file id="fl-34">
         <path>.\driverlib\</path>
         <kind>object</kind>
         <file>uart.obj</file>
         <name>uart.obj</name>
      </input_file>
      <input_file id="fl-35">
         <path>.\driverlib\</path>
         <kind>object</kind>
         <file>uartstdio.obj</file>
         <name>uartstdio.obj</name>
      </input_file>
      <input_file id="fl-36">
         <path>.\driverlib\</path>
         <kind>object</kind>
         <file>udma.obj</file>
         <name>udma.obj</name>
      </input_file>
      <input_file id="fl-37">
         <path>.\driverlib\</path>
         <kind>object</kind>
         <file>usb.obj</file>
         <name>usb.obj</name>
      </input_file>
      <input_file id="fl-38">
         <path>.\driverlib\</path>
         <kind>object</kind>
         <file>watchdog.obj</file>
         <name>watchdog.obj</name>
      </input_file>
      <input_file id="fl-40">
         <kind>object</kind>
         <file>&lt;internal&gt;</file>
         <name>&lt;internal&gt;</name>
      </input_file>
      <input_file id="fl-f6">
         <path>C:\ti\ccs1280\ccs\tools\compiler\ti-cgt-arm_20.2.7.LTS\lib\</path>
         <kind>archive</kind>
         <file>rtsv7M4_T_le_v4SPD16_eabi.lib</file>
         <name>fd_mul_t2.asm.obj</name>
      </input_file>
      <input_file id="fl-f7">
         <path>C:\ti\ccs1280\ccs\tools\compiler\ti-cgt-arm_20.2.7.LTS\lib\</path>
         <kind>archive</kind>
         <file>rtsv7M4_T_le_v4SPD16_eabi.lib</file>
         <name>fd_toi_t2.asm.obj</name>
      </input_file>
      <input_file id="fl-f8">
         <path>C:\ti\ccs1280\ccs\tools\compiler\ti-cgt-arm_20.2.7.LTS\lib\</path>
         <kind>archive</kind>
         <file>rtsv7M4_T_le_v4SPD16_eabi.lib</file>
         <name>i_tofd_t2.asm.obj</name>
      </input_file>
      <input_file id="fl-f9">
         <path>C:\ti\ccs1280\ccs\tools\compiler\ti-cgt-arm_20.2.7.LTS\lib\</path>
         <kind>archive</kind>
         <file>rtsv7M4_T_le_v4SPD16_eabi.lib</file>
         <name>u_divt2.asm.obj</name>
      </input_file>
      <input_file id="fl-fa">
         <path>C:\ti\ccs1280\ccs\tools\compiler\ti-cgt-arm_20.2.7.LTS\lib\</path>
         <kind>archive</kind>
         <file>rtsv7M4_T_le_v4SPD16_eabi.lib</file>
         <name>copy_zero_init.c.obj</name>
      </input_file>
      <input_file id="fl-fb">
         <path>C:\ti\ccs1280\ccs\tools\compiler\ti-cgt-arm_20.2.7.LTS\lib\</path>
         <kind>archive</kind>
         <file>rtsv7M4_T_le_v4SPD16_eabi.lib</file>
         <name>copy_decompress_none.c.obj</name>
      </input_file>
      <input_file id="fl-fc">
         <path>C:\ti\ccs1280\ccs\tools\compiler\ti-cgt-arm_20.2.7.LTS\lib\</path>
         <kind>archive</kind>
         <file>rtsv7M4_T_le_v4SPD16_eabi.lib</file>
         <name>copy_decompress_lzss.c.obj</name>
      </input_file>
      <input_file id="fl-fd">
         <path>C:\ti\ccs1280\ccs\tools\compiler\ti-cgt-arm_20.2.7.LTS\lib\</path>
         <kind>archive</kind>
         <file>rtsv7M4_T_le_v4SPD16_eabi.lib</file>
         <name>boot_cortex_m.c.obj</name>
      </input_file>
      <input_file id="fl-fe">
         <path>C:\ti\ccs1280\ccs\tools\compiler\ti-cgt-arm_20.2.7.LTS\lib\</path>
         <kind>archive</kind>
         <file>rtsv7M4_T_le_v4SPD16_eabi.lib</file>
         <name>div0.asm.obj</name>
      </input_file>
      <input_file id="fl-ff">
         <path>C:\ti\ccs1280\ccs\tools\compiler\ti-cgt-arm_20.2.7.LTS\lib\</path>
         <kind>archive</kind>
         <file>rtsv7M4_T_le_v4SPD16_eabi.lib</file>
         <name>memcpy_t2.asm.obj</name>
      </input_file>
      <input_file id="fl-100">
         <path>C:\ti\ccs1280\ccs\tools\compiler\ti-cgt-arm_20.2.7.LTS\lib\</path>
         <kind>archive</kind>
         <file>rtsv7M4_T_le_v4SPD16_eabi.lib</file>
         <name>memset_t2.asm.obj</name>
      </input_file>
      <input_file id="fl-101">
         <path>C:\ti\ccs1280\ccs\tools\compiler\ti-cgt-arm_20.2.7.LTS\lib\</path>
         <kind>archive</kind>
         <file>rtsv7M4_T_le_v4SPD16_eabi.lib</file>
         <name>autoinit.c.obj</name>
      </input_file>
      <input_file id="fl-102">
         <path>C:\ti\ccs1280\ccs\tools\compiler\ti-cgt-arm_20.2.7.LTS\lib\</path>
         <kind>archive</kind>
         <file>rtsv7M4_T_le_v4SPD16_eabi.lib</file>
         <name>pre_init.c.obj</name>
      </input_file>
      <input_file id="fl-103">
         <path>C:\ti\ccs1280\ccs\tools\compiler\ti-cgt-arm_20.2.7.LTS\lib\</path>
         <kind>archive</kind>
         <file>rtsv7M4_T_le_v4SPD16_eabi.lib</file>
         <name>cpy_tbl.c.obj</name>
      </input_file>
      <input_file id="fl-104">
         <path>C:\ti\ccs1280\ccs\tools\compiler\ti-cgt-arm_20.2.7.LTS\lib\</path>
         <kind>archive</kind>
         <file>rtsv7M4_T_le_v4SPD16_eabi.lib</file>
         <name>exit.c.obj</name>
      </input_file>
      <input_file id="fl-105">
         <path>C:\ti\ccs1280\ccs\tools\compiler\ti-cgt-arm_20.2.7.LTS\lib\</path>
         <kind>archive</kind>
         <file>rtsv7M4_T_le_v4SPD16_eabi.lib</file>
         <name>_lock.c.obj</name>
      </input_file>
      <input_file id="fl-106">
         <path>C:\ti\ccs1280\ccs\tools\compiler\ti-cgt-arm_20.2.7.LTS\lib\</path>
         <kind>archive</kind>
         <file>rtsv7M4_T_le_v4SPD16_eabi.lib</file>
         <name>args_main.c.obj</name>
      </input_file>
   </input_file_list>
   <object_component_list>
      <object_component id="oc-12">
         <name>.intvecs</name>
         <load_address>0x0</load_address>
         <run_address>0x0</run_address>
         <size>0x26c</size>
         <input_file_ref idref="fl-3"/>
      </object_component>
      <object_component id="oc-114">
         <name>.text</name>
         <load_address>0x26c</load_address>
         <run_address>0x26c</run_address>
         <size>0xf80</size>
         <input_file_ref idref="fl-30"/>
      </object_component>
      <object_component id="oc-105">
         <name>.text</name>
         <load_address>0x11ec</load_address>
         <run_address>0x11ec</run_address>
         <size>0xc14</size>
         <input_file_ref idref="fl-24"/>
      </object_component>
      <object_component id="oc-1a9">
         <name>.text</name>
         <load_address>0x1e00</load_address>
         <run_address>0x1e00</run_address>
         <size>0x840</size>
         <input_file_ref idref="fl-17"/>
      </object_component>
      <object_component id="oc-c9">
         <name>.text</name>
         <load_address>0x2640</load_address>
         <run_address>0x2640</run_address>
         <size>0x754</size>
         <input_file_ref idref="fl-10"/>
      </object_component>
      <object_component id="oc-247">
         <name>.text</name>
         <load_address>0x2d94</load_address>
         <run_address>0x2d94</run_address>
         <size>0x6f8</size>
         <input_file_ref idref="fl-26"/>
      </object_component>
      <object_component id="oc-ff">
         <name>.text</name>
         <load_address>0x348c</load_address>
         <run_address>0x348c</run_address>
         <size>0x6f0</size>
         <input_file_ref idref="fl-6"/>
      </object_component>
      <object_component id="oc-f3">
         <name>.text</name>
         <load_address>0x3b7c</load_address>
         <run_address>0x3b7c</run_address>
         <size>0x62e</size>
         <input_file_ref idref="fl-34"/>
      </object_component>
      <object_component id="oc-29e">
         <name>.text</name>
         <load_address>0x41aa</load_address>
         <run_address>0x41aa</run_address>
         <size>0x2</size>
         <input_file_ref idref="fl-fe"/>
      </object_component>
      <object_component id="oc-10b">
         <name>.text</name>
         <load_address>0x41ac</load_address>
         <run_address>0x41ac</run_address>
         <size>0x4a8</size>
         <input_file_ref idref="fl-35"/>
      </object_component>
      <object_component id="oc-9b">
         <name>.text</name>
         <load_address>0x4654</load_address>
         <run_address>0x4654</run_address>
         <size>0x47c</size>
         <input_file_ref idref="fl-2"/>
      </object_component>
      <object_component id="oc-1a0">
         <name>.text</name>
         <load_address>0x4ad0</load_address>
         <run_address>0x4ad0</run_address>
         <size>0x3c0</size>
         <input_file_ref idref="fl-27"/>
      </object_component>
      <object_component id="oc-23f">
         <name>.text</name>
         <load_address>0x4e90</load_address>
         <run_address>0x4e90</run_address>
         <size>0x362</size>
         <input_file_ref idref="fl-2e"/>
      </object_component>
      <object_component id="oc-cf">
         <name>.text</name>
         <load_address>0x51f4</load_address>
         <run_address>0x51f4</run_address>
         <size>0x2fc</size>
         <input_file_ref idref="fl-b"/>
      </object_component>
      <object_component id="oc-185">
         <name>.text</name>
         <load_address>0x54f0</load_address>
         <run_address>0x54f0</run_address>
         <size>0x214</size>
         <input_file_ref idref="fl-13"/>
      </object_component>
      <object_component id="oc-17d">
         <name>.text</name>
         <load_address>0x5704</load_address>
         <run_address>0x5704</run_address>
         <size>0x18c</size>
         <input_file_ref idref="fl-15"/>
      </object_component>
      <object_component id="oc-d5">
         <name>.text</name>
         <load_address>0x5890</load_address>
         <run_address>0x5890</run_address>
         <size>0x128</size>
         <input_file_ref idref="fl-e"/>
      </object_component>
      <object_component id="oc-ed">
         <name>.text</name>
         <load_address>0x59b8</load_address>
         <run_address>0x59b8</run_address>
         <size>0x10c</size>
         <input_file_ref idref="fl-14"/>
      </object_component>
      <object_component id="oc-192">
         <name>.text</name>
         <load_address>0x5ac4</load_address>
         <run_address>0x5ac4</run_address>
         <size>0xfc</size>
         <input_file_ref idref="fl-f6"/>
      </object_component>
      <object_component id="oc-f9">
         <name>.text</name>
         <load_address>0x5bc0</load_address>
         <run_address>0x5bc0</run_address>
         <size>0xb0</size>
         <input_file_ref idref="fl-8"/>
      </object_component>
      <object_component id="oc-3b">
         <name>.text</name>
         <load_address>0x5c70</load_address>
         <run_address>0x5c70</run_address>
         <size>0x9c</size>
         <input_file_ref idref="fl-ff"/>
      </object_component>
      <object_component id="oc-1ca">
         <name>.text</name>
         <load_address>0x5d0c</load_address>
         <run_address>0x5d0c</run_address>
         <size>0x88</size>
         <input_file_ref idref="fl-32"/>
      </object_component>
      <object_component id="oc-e1">
         <name>.text</name>
         <load_address>0x5d94</load_address>
         <run_address>0x5d94</run_address>
         <size>0x80</size>
         <input_file_ref idref="fl-9"/>
      </object_component>
      <object_component id="oc-8f">
         <name>.text</name>
         <load_address>0x5e14</load_address>
         <run_address>0x5e14</run_address>
         <size>0x7a</size>
         <input_file_ref idref="fl-100"/>
      </object_component>
      <object_component id="oc-15">
         <name>.text:decompress:lzss:__TI_decompress_lzss</name>
         <load_address>0x5e8e</load_address>
         <run_address>0x5e8e</run_address>
         <size>0x68</size>
         <input_file_ref idref="fl-fc"/>
      </object_component>
      <object_component id="oc-db">
         <name>.text</name>
         <load_address>0x5ef8</load_address>
         <run_address>0x5ef8</run_address>
         <size>0x68</size>
         <input_file_ref idref="fl-16"/>
      </object_component>
      <object_component id="oc-e7">
         <name>.text</name>
         <load_address>0x5f60</load_address>
         <run_address>0x5f60</run_address>
         <size>0x60</size>
         <input_file_ref idref="fl-12"/>
      </object_component>
      <object_component id="oc-1d0">
         <name>.text</name>
         <load_address>0x5fc0</load_address>
         <run_address>0x5fc0</run_address>
         <size>0x5c</size>
         <input_file_ref idref="fl-7"/>
      </object_component>
      <object_component id="oc-197">
         <name>.text</name>
         <load_address>0x601c</load_address>
         <run_address>0x601c</run_address>
         <size>0x48</size>
         <input_file_ref idref="fl-f7"/>
      </object_component>
      <object_component id="oc-130">
         <name>.text:__TI_auto_init_nobinit_nopinit:__TI_auto_init_nobinit_nopinit</name>
         <load_address>0x6064</load_address>
         <run_address>0x6064</run_address>
         <size>0x44</size>
         <input_file_ref idref="fl-101"/>
      </object_component>
      <object_component id="oc-1fa">
         <name>.text</name>
         <load_address>0x60a8</load_address>
         <run_address>0x60a8</run_address>
         <size>0x40</size>
         <input_file_ref idref="fl-f9"/>
      </object_component>
      <object_component id="oc-20e">
         <name>.text</name>
         <load_address>0x60e8</load_address>
         <run_address>0x60e8</run_address>
         <size>0x3e</size>
         <input_file_ref idref="fl-1b"/>
      </object_component>
      <object_component id="oc-59">
         <name>.text:_c_int00_noargs:_c_int00_noargs</name>
         <load_address>0x6128</load_address>
         <run_address>0x6128</run_address>
         <size>0x34</size>
         <input_file_ref idref="fl-fd"/>
      </object_component>
      <object_component id="oc-18d">
         <name>.text</name>
         <load_address>0x615c</load_address>
         <run_address>0x615c</run_address>
         <size>0x2e</size>
         <input_file_ref idref="fl-f8"/>
      </object_component>
      <object_component id="oc-1be">
         <name>.text</name>
         <load_address>0x618a</load_address>
         <run_address>0x618a</run_address>
         <size>0xe</size>
         <input_file_ref idref="fl-4"/>
      </object_component>
      <object_component id="oc-1b">
         <name>.text:decompress:none:__TI_decompress_none</name>
         <load_address>0x6198</load_address>
         <run_address>0x6198</run_address>
         <size>0xe</size>
         <input_file_ref idref="fl-fb"/>
      </object_component>
      <object_component id="oc-4d">
         <name>.text:decompress:ZI:__TI_zero_init</name>
         <load_address>0x61a6</load_address>
         <run_address>0x61a6</run_address>
         <size>0xc</size>
         <input_file_ref idref="fl-fa"/>
      </object_component>
      <object_component id="oc-27">
         <name>.text</name>
         <load_address>0x61b2</load_address>
         <run_address>0x61b2</run_address>
         <size>0xc</size>
         <input_file_ref idref="fl-3"/>
      </object_component>
      <object_component id="oc-183">
         <name>.text:SysCtlDelay</name>
         <load_address>0x61be</load_address>
         <run_address>0x61be</run_address>
         <size>0x6</size>
         <input_file_ref idref="fl-30"/>
      </object_component>
      <object_component id="oc-95">
         <name>.text:_system_pre_init</name>
         <load_address>0x61c4</load_address>
         <run_address>0x61c4</run_address>
         <size>0x4</size>
         <input_file_ref idref="fl-102"/>
      </object_component>
      <object_component id="oc-124">
         <name>.text:abort:abort</name>
         <load_address>0x61c8</load_address>
         <run_address>0x61c8</run_address>
         <size>0x4</size>
         <input_file_ref idref="fl-104"/>
      </object_component>
      <object_component id="oc-21a">
         <name>.const:g_pppui32XTALtoVCO</name>
         <load_address>0x61cc</load_address>
         <run_address>0x61cc</run_address>
         <size>0x1b0</size>
         <input_file_ref idref="fl-30"/>
      </object_component>
      <object_component id="oc-1e9">
         <name>.const:g_ppui32GPIOIntMapSnowflake</name>
         <load_address>0x637c</load_address>
         <run_address>0x637c</run_address>
         <size>0xd8</size>
         <input_file_ref idref="fl-24"/>
      </object_component>
      <object_component id="oc-1e6">
         <name>.const:g_ppui32GPIOIntMapBlizzard</name>
         <load_address>0x6454</load_address>
         <run_address>0x6454</run_address>
         <size>0xc0</size>
         <input_file_ref idref="fl-24"/>
      </object_component>
      <object_component id="oc-25e">
         <name>.const:g_pui32Regs</name>
         <load_address>0x6514</load_address>
         <run_address>0x6514</run_address>
         <size>0x9c</size>
         <input_file_ref idref="fl-27"/>
      </object_component>
      <object_component id="oc-1ec">
         <name>.const:g_pui32GPIOBaseAddrs</name>
         <load_address>0x65b0</load_address>
         <run_address>0x65b0</run_address>
         <size>0x90</size>
         <input_file_ref idref="fl-24"/>
      </object_component>
      <object_component id="oc-214">
         <name>.const:g_pui32Xtals</name>
         <load_address>0x6640</load_address>
         <run_address>0x6640</run_address>
         <size>0x6c</size>
         <input_file_ref idref="fl-30"/>
      </object_component>
      <object_component id="oc-2e6">
         <name>.const:g_ppui32I2CIntMapSnowflake</name>
         <load_address>0x66ac</load_address>
         <run_address>0x66ac</run_address>
         <size>0x50</size>
         <input_file_ref idref="fl-26"/>
      </object_component>
      <object_component id="oc-1b1">
         <name>.const:g_ppui32UARTIntMap</name>
         <load_address>0x66fc</load_address>
         <run_address>0x66fc</run_address>
         <size>0x40</size>
         <input_file_ref idref="fl-34"/>
      </object_component>
      <object_component id="oc-1b4">
         <name>.const:g_ppui32UARTIntMapSnowflake</name>
         <load_address>0x673c</load_address>
         <run_address>0x673c</run_address>
         <size>0x40</size>
         <input_file_ref idref="fl-34"/>
      </object_component>
      <object_component id="oc-2e3">
         <name>.const:g_ppui32I2CIntMap</name>
         <load_address>0x677c</load_address>
         <run_address>0x677c</run_address>
         <size>0x30</size>
         <input_file_ref idref="fl-26"/>
      </object_component>
      <object_component id="oc-20b">
         <name>.const:g_sXTALtoMEMTIM</name>
         <load_address>0x67ac</load_address>
         <run_address>0x67ac</run_address>
         <size>0x30</size>
         <input_file_ref idref="fl-30"/>
      </object_component>
      <object_component id="oc-2d9">
         <name>.const:g_ppui32SSIIntMap</name>
         <load_address>0x67dc</load_address>
         <run_address>0x67dc</run_address>
         <size>0x20</size>
         <input_file_ref idref="fl-2e"/>
      </object_component>
      <object_component id="oc-2dc">
         <name>.const:g_ppui32SSIIntMapSnowflake</name>
         <load_address>0x67fc</load_address>
         <run_address>0x67fc</run_address>
         <size>0x20</size>
         <input_file_ref idref="fl-2e"/>
      </object_component>
      <object_component id="oc-25b">
         <name>.const:g_pui32Priority</name>
         <load_address>0x681c</load_address>
         <run_address>0x681c</run_address>
         <size>0x20</size>
         <input_file_ref idref="fl-27"/>
      </object_component>
      <object_component id="oc-264">
         <name>.const:g_pui32Dii16Regs</name>
         <load_address>0x683c</load_address>
         <run_address>0x683c</run_address>
         <size>0x14</size>
         <input_file_ref idref="fl-27"/>
      </object_component>
      <object_component id="oc-261">
         <name>.const:g_pui32EnRegs</name>
         <load_address>0x6850</load_address>
         <run_address>0x6850</run_address>
         <size>0x14</size>
         <input_file_ref idref="fl-27"/>
      </object_component>
      <object_component id="oc-267">
         <name>.const:g_pui32PendRegs</name>
         <load_address>0x6864</load_address>
         <run_address>0x6864</run_address>
         <size>0x14</size>
         <input_file_ref idref="fl-27"/>
      </object_component>
      <object_component id="oc-26a">
         <name>.const:g_pui32UnpendRegs</name>
         <load_address>0x6878</load_address>
         <run_address>0x6878</run_address>
         <size>0x14</size>
         <input_file_ref idref="fl-27"/>
      </object_component>
      <object_component id="oc-2a4">
         <name>.const:.string</name>
         <load_address>0x688c</load_address>
         <run_address>0x688c</run_address>
         <size>0x12</size>
         <input_file_ref idref="fl-35"/>
      </object_component>
      <object_component id="oc-1f7">
         <name>.const:g_ui32UARTBase</name>
         <load_address>0x68a0</load_address>
         <run_address>0x68a0</run_address>
         <size>0xc</size>
         <input_file_ref idref="fl-35"/>
      </object_component>
      <object_component id="oc-1f1">
         <name>.const:g_ui32UARTPeriph</name>
         <load_address>0x68ac</load_address>
         <run_address>0x68ac</run_address>
         <size>0xc</size>
         <input_file_ref idref="fl-35"/>
      </object_component>
      <object_component id="oc-217">
         <name>.const:g_pui32VCOFrequencies</name>
         <load_address>0x68b8</load_address>
         <run_address>0x68b8</run_address>
         <size>0x8</size>
         <input_file_ref idref="fl-30"/>
      </object_component>
      <object_component id="oc-1ff">
         <name>.const</name>
         <load_address>0x68c0</load_address>
         <run_address>0x68c0</run_address>
         <size>0x4</size>
         <input_file_ref idref="fl-35"/>
      </object_component>
      <object_component id="oc-34b">
         <name>.cinit..data.load</name>
         <load_address>0x68c8</load_address>
         <run_address>0x68c8</run_address>
         <size>0xe</size>
      </object_component>
      <object_component id="oc-348">
         <name>__TI_handler_table</name>
         <load_address>0x68d8</load_address>
         <run_address>0x68d8</run_address>
         <size>0xc</size>
      </object_component>
      <object_component id="oc-34c">
         <name>.cinit..bss.load</name>
         <load_address>0x68e8</load_address>
         <run_address>0x68e8</run_address>
         <size>0x8</size>
      </object_component>
      <object_component id="oc-34a">
         <name>.cinit..vtable.load</name>
         <load_address>0x68f0</load_address>
         <run_address>0x68f0</run_address>
         <size>0x8</size>
      </object_component>
      <object_component id="oc-349">
         <name>__TI_cinit_table</name>
         <load_address>0x68f8</load_address>
         <run_address>0x68f8</run_address>
         <size>0x18</size>
      </object_component>
      <object_component id="oc-258">
         <name>.vtable</name>
         <uninitialized>true</uninitialized>
         <run_address>0x20000000</run_address>
         <size>0x26c</size>
         <input_file_ref idref="fl-27"/>
      </object_component>
      <object_component id="oc-111">
         <name>.data</name>
         <load_address>0x20007510</load_address>
         <run_address>0x20007510</run_address>
         <size>0x7</size>
         <input_file_ref idref="fl-2"/>
      </object_component>
      <object_component id="oc-1df">
         <name>.data</name>
         <load_address>0x20007520</load_address>
         <run_address>0x20007520</run_address>
         <size>0x4</size>
         <input_file_ref idref="fl-6"/>
      </object_component>
      <object_component id="oc-1f4">
         <name>.data</name>
         <load_address>0x20007518</load_address>
         <run_address>0x20007518</run_address>
         <size>0x5</size>
         <input_file_ref idref="fl-35"/>
      </object_component>
      <object_component id="oc-1dc">
         <name>.bss:threadControlBlocks</name>
         <uninitialized>true</uninitialized>
         <run_address>0x2000626c</run_address>
         <size>0x210</size>
         <input_file_ref idref="fl-6"/>
      </object_component>
      <object_component id="oc-1e2">
         <name>.bss:threadStacks</name>
         <uninitialized>true</uninitialized>
         <run_address>0x2000026c</run_address>
         <size>0x6000</size>
         <input_file_ref idref="fl-6"/>
      </object_component>
      <object_component id="oc-1d9">
         <name>.bss:pthreadControlBlocks</name>
         <uninitialized>true</uninitialized>
         <run_address>0x2000647c</run_address>
         <size>0x60</size>
         <input_file_ref idref="fl-6"/>
      </object_component>
      <object_component id="oc-1d6">
         <name>.bss</name>
         <uninitialized>true</uninitialized>
         <run_address>0x200064e8</run_address>
         <size>0x8</size>
         <input_file_ref idref="fl-6"/>
      </object_component>
      <object_component id="oc-271">
         <name>.bss:g_pui8OversampleFactor</name>
         <uninitialized>true</uninitialized>
         <run_address>0x200064f0</run_address>
         <size>0x8</size>
         <input_file_ref idref="fl-17"/>
      </object_component>
      <object_component id="oc-1c3">
         <name>.common:IBit_State</name>
         <uninitialized>true</uninitialized>
         <run_address>0x200064fc</run_address>
         <size>0x4</size>
      </object_component>
      <object_component id="oc-11b">
         <name>.common:sw_semaphore</name>
         <uninitialized>true</uninitialized>
         <run_address>0x2000650c</run_address>
         <size>0x4</size>
      </object_component>
      <object_component id="oc-11a">
         <name>.common:joystick_semaphore</name>
         <uninitialized>true</uninitialized>
         <run_address>0x20006504</run_address>
         <size>0x4</size>
      </object_component>
      <object_component id="oc-11d">
         <name>.common:spi_semaphore</name>
         <uninitialized>true</uninitialized>
         <run_address>0x20006508</run_address>
         <size>0x4</size>
      </object_component>
      <object_component id="oc-11c">
         <name>.common:to_send_s</name>
         <uninitialized>true</uninitialized>
         <run_address>0x200064dc</run_address>
         <size>0xc</size>
      </object_component>
      <object_component id="oc-1d5">
         <name>.common:SystemTime</name>
         <uninitialized>true</uninitialized>
         <run_address>0x20006500</run_address>
         <size>0x4</size>
      </object_component>
      <object_component id="oc-1c8">
         <name>.common:CurrentlyRunningThread</name>
         <uninitialized>true</uninitialized>
         <run_address>0x200064f8</run_address>
         <size>0x4</size>
      </object_component>
      <object_component id="oc-24">
         <name>.stack</name>
         <uninitialized>true</uninitialized>
         <run_address>0x20006510</run_address>
         <size>0x4</size>
         <input_file_ref idref="fl-fd"/>
      </object_component>
      <object_component id="oc-34e">
         <name>.stack</name>
         <uninitialized>true</uninitialized>
         <run_address>0x20006510</run_address>
         <size>0x0</size>
      </object_component>
      <object_component id="oc-b7">
         <name>.debug_info</name>
         <load_address>0x0</load_address>
         <run_address>0x0</run_address>
         <size>0xa66</size>
         <input_file_ref idref="fl-2"/>
      </object_component>
      <object_component id="oc-112">
         <name>.debug_info</name>
         <load_address>0xa66</load_address>
         <run_address>0xa66</run_address>
         <size>0x1a4</size>
         <input_file_ref idref="fl-2"/>
      </object_component>
      <object_component id="oc-9c">
         <name>.debug_info</name>
         <load_address>0xc0a</load_address>
         <run_address>0xc0a</run_address>
         <size>0xb65</size>
         <input_file_ref idref="fl-2"/>
      </object_component>
      <object_component id="oc-178">
         <name>.debug_info</name>
         <load_address>0x176f</load_address>
         <run_address>0x176f</run_address>
         <size>0x7e</size>
         <input_file_ref idref="fl-2"/>
      </object_component>
      <object_component id="oc-11f">
         <name>.debug_info</name>
         <load_address>0x17ed</load_address>
         <run_address>0x17ed</run_address>
         <size>0x18d</size>
         <input_file_ref idref="fl-2"/>
      </object_component>
      <object_component id="oc-70">
         <name>.debug_info</name>
         <load_address>0x197a</load_address>
         <run_address>0x197a</run_address>
         <size>0x26b</size>
         <input_file_ref idref="fl-2"/>
      </object_component>
      <object_component id="oc-164">
         <name>.debug_info</name>
         <load_address>0x1be5</load_address>
         <run_address>0x1be5</run_address>
         <size>0xb7</size>
         <input_file_ref idref="fl-2"/>
      </object_component>
      <object_component id="oc-b2">
         <name>.debug_info</name>
         <load_address>0x1c9c</load_address>
         <run_address>0x1c9c</run_address>
         <size>0x8b</size>
         <input_file_ref idref="fl-2"/>
      </object_component>
      <object_component id="oc-ad">
         <name>.debug_info</name>
         <load_address>0x1d27</load_address>
         <run_address>0x1d27</run_address>
         <size>0x2a4</size>
         <input_file_ref idref="fl-2"/>
      </object_component>
      <object_component id="oc-1b8">
         <name>.debug_info</name>
         <load_address>0x1fcb</load_address>
         <run_address>0x1fcb</run_address>
         <size>0xef</size>
         <input_file_ref idref="fl-2"/>
      </object_component>
      <object_component id="oc-75">
         <name>.debug_info</name>
         <load_address>0x20ba</load_address>
         <run_address>0x20ba</run_address>
         <size>0xbb</size>
         <input_file_ref idref="fl-2"/>
      </object_component>
      <object_component id="oc-169">
         <name>.debug_info</name>
         <load_address>0x2175</load_address>
         <run_address>0x2175</run_address>
         <size>0x2c</size>
         <input_file_ref idref="fl-2"/>
      </object_component>
      <object_component id="oc-173">
         <name>.debug_info</name>
         <load_address>0x21a1</load_address>
         <run_address>0x21a1</run_address>
         <size>0x1a2</size>
         <input_file_ref idref="fl-2"/>
      </object_component>
      <object_component id="oc-204">
         <name>.debug_info</name>
         <load_address>0x2343</load_address>
         <run_address>0x2343</run_address>
         <size>0x2c</size>
         <input_file_ref idref="fl-2"/>
      </object_component>
      <object_component id="oc-16e">
         <name>.debug_info</name>
         <load_address>0x236f</load_address>
         <run_address>0x236f</run_address>
         <size>0x35</size>
         <input_file_ref idref="fl-2"/>
      </object_component>
      <object_component id="oc-2f">
         <name>.debug_info</name>
         <load_address>0x23a4</load_address>
         <run_address>0x23a4</run_address>
         <size>0x2a9</size>
         <input_file_ref idref="fl-3"/>
      </object_component>
      <object_component id="oc-13">
         <name>.debug_info</name>
         <load_address>0x264d</load_address>
         <run_address>0x264d</run_address>
         <size>0xe8</size>
         <input_file_ref idref="fl-3"/>
      </object_component>
      <object_component id="oc-28">
         <name>.debug_info</name>
         <load_address>0x2735</load_address>
         <run_address>0x2735</run_address>
         <size>0x264</size>
         <input_file_ref idref="fl-3"/>
      </object_component>
      <object_component id="oc-36">
         <name>.debug_info</name>
         <load_address>0x2999</load_address>
         <run_address>0x2999</run_address>
         <size>0x84</size>
         <input_file_ref idref="fl-3"/>
      </object_component>
      <object_component id="oc-1bf">
         <name>.debug_info</name>
         <load_address>0x2a1d</load_address>
         <run_address>0x2a1d</run_address>
         <size>0x148</size>
         <input_file_ref idref="fl-4"/>
      </object_component>
      <object_component id="oc-1c4">
         <name>.debug_info</name>
         <load_address>0x2b65</load_address>
         <run_address>0x2b65</run_address>
         <size>0x57b</size>
         <input_file_ref idref="fl-6"/>
      </object_component>
      <object_component id="oc-1dd">
         <name>.debug_info</name>
         <load_address>0x30e0</load_address>
         <run_address>0x30e0</run_address>
         <size>0xf8</size>
         <input_file_ref idref="fl-6"/>
      </object_component>
      <object_component id="oc-1e3">
         <name>.debug_info</name>
         <load_address>0x31d8</load_address>
         <run_address>0x31d8</run_address>
         <size>0xea</size>
         <input_file_ref idref="fl-6"/>
      </object_component>
      <object_component id="oc-1da">
         <name>.debug_info</name>
         <load_address>0x32c2</load_address>
         <run_address>0x32c2</run_address>
         <size>0xfa</size>
         <input_file_ref idref="fl-6"/>
      </object_component>
      <object_component id="oc-1d7">
         <name>.debug_info</name>
         <load_address>0x33bc</load_address>
         <run_address>0x33bc</run_address>
         <size>0x120</size>
         <input_file_ref idref="fl-6"/>
      </object_component>
      <object_component id="oc-1e0">
         <name>.debug_info</name>
         <load_address>0x34dc</load_address>
         <run_address>0x34dc</run_address>
         <size>0xec</size>
         <input_file_ref idref="fl-6"/>
      </object_component>
      <object_component id="oc-103">
         <name>.debug_info</name>
         <load_address>0x35c8</load_address>
         <run_address>0x35c8</run_address>
         <size>0xe48</size>
         <input_file_ref idref="fl-6"/>
      </object_component>
      <object_component id="oc-1d1">
         <name>.debug_info</name>
         <load_address>0x4410</load_address>
         <run_address>0x4410</run_address>
         <size>0x144</size>
         <input_file_ref idref="fl-7"/>
      </object_component>
      <object_component id="oc-1c6">
         <name>.debug_info</name>
         <load_address>0x4554</load_address>
         <run_address>0x4554</run_address>
         <size>0x36a</size>
         <input_file_ref idref="fl-8"/>
      </object_component>
      <object_component id="oc-fd">
         <name>.debug_info</name>
         <load_address>0x48be</load_address>
         <run_address>0x48be</run_address>
         <size>0x3e9</size>
         <input_file_ref idref="fl-8"/>
      </object_component>
      <object_component id="oc-1a7">
         <name>.debug_info</name>
         <load_address>0x4ca7</load_address>
         <run_address>0x4ca7</run_address>
         <size>0x3d8</size>
         <input_file_ref idref="fl-9"/>
      </object_component>
      <object_component id="oc-e5">
         <name>.debug_info</name>
         <load_address>0x507f</load_address>
         <run_address>0x507f</run_address>
         <size>0x283</size>
         <input_file_ref idref="fl-9"/>
      </object_component>
      <object_component id="oc-18c">
         <name>.debug_info</name>
         <load_address>0x5302</load_address>
         <run_address>0x5302</run_address>
         <size>0x3de</size>
         <input_file_ref idref="fl-b"/>
      </object_component>
      <object_component id="oc-d1">
         <name>.debug_info</name>
         <load_address>0x56e0</load_address>
         <run_address>0x56e0</run_address>
         <size>0x1194</size>
         <input_file_ref idref="fl-b"/>
      </object_component>
      <object_component id="oc-19d">
         <name>.debug_info</name>
         <load_address>0x6874</load_address>
         <run_address>0x6874</run_address>
         <size>0x379</size>
         <input_file_ref idref="fl-e"/>
      </object_component>
      <object_component id="oc-d7">
         <name>.debug_info</name>
         <load_address>0x6bed</load_address>
         <run_address>0x6bed</run_address>
         <size>0x79c</size>
         <input_file_ref idref="fl-e"/>
      </object_component>
      <object_component id="oc-cb">
         <name>.debug_info</name>
         <load_address>0x7389</load_address>
         <run_address>0x7389</run_address>
         <size>0x1a45</size>
         <input_file_ref idref="fl-10"/>
      </object_component>
      <object_component id="oc-e8">
         <name>.debug_info</name>
         <load_address>0x8dce</load_address>
         <run_address>0x8dce</run_address>
         <size>0x2e2</size>
         <input_file_ref idref="fl-12"/>
      </object_component>
      <object_component id="oc-24e">
         <name>.debug_info</name>
         <load_address>0x90b0</load_address>
         <run_address>0x90b0</run_address>
         <size>0x4e1</size>
         <input_file_ref idref="fl-13"/>
      </object_component>
      <object_component id="oc-186">
         <name>.debug_info</name>
         <load_address>0x9591</load_address>
         <run_address>0x9591</run_address>
         <size>0x940</size>
         <input_file_ref idref="fl-13"/>
      </object_component>
      <object_component id="oc-1b0">
         <name>.debug_info</name>
         <load_address>0x9ed1</load_address>
         <run_address>0x9ed1</run_address>
         <size>0x618</size>
         <input_file_ref idref="fl-14"/>
      </object_component>
      <object_component id="oc-ee">
         <name>.debug_info</name>
         <load_address>0xa4e9</load_address>
         <run_address>0xa4e9</run_address>
         <size>0x6b6</size>
         <input_file_ref idref="fl-14"/>
      </object_component>
      <object_component id="oc-246">
         <name>.debug_info</name>
         <load_address>0xab9f</load_address>
         <run_address>0xab9f</run_address>
         <size>0x492</size>
         <input_file_ref idref="fl-15"/>
      </object_component>
      <object_component id="oc-17e">
         <name>.debug_info</name>
         <load_address>0xb031</load_address>
         <run_address>0xb031</run_address>
         <size>0x6e6</size>
         <input_file_ref idref="fl-15"/>
      </object_component>
      <object_component id="oc-19f">
         <name>.debug_info</name>
         <load_address>0xb717</load_address>
         <run_address>0xb717</run_address>
         <size>0x38b</size>
         <input_file_ref idref="fl-16"/>
      </object_component>
      <object_component id="oc-dc">
         <name>.debug_info</name>
         <load_address>0xbaa2</load_address>
         <run_address>0xbaa2</run_address>
         <size>0x257</size>
         <input_file_ref idref="fl-16"/>
      </object_component>
      <object_component id="oc-275">
         <name>.debug_info</name>
         <load_address>0xbcf9</load_address>
         <run_address>0xbcf9</run_address>
         <size>0x32f</size>
         <input_file_ref idref="fl-17"/>
      </object_component>
      <object_component id="oc-272">
         <name>.debug_info</name>
         <load_address>0xc028</load_address>
         <run_address>0xc028</run_address>
         <size>0xf0</size>
         <input_file_ref idref="fl-17"/>
      </object_component>
      <object_component id="oc-1ab">
         <name>.debug_info</name>
         <load_address>0xc118</load_address>
         <run_address>0xc118</run_address>
         <size>0x2b44</size>
         <input_file_ref idref="fl-17"/>
      </object_component>
      <object_component id="oc-210">
         <name>.debug_info</name>
         <load_address>0xec5c</load_address>
         <run_address>0xec5c</run_address>
         <size>0x335</size>
         <input_file_ref idref="fl-1b"/>
      </object_component>
      <object_component id="oc-1f0">
         <name>.debug_info</name>
         <load_address>0xef91</load_address>
         <run_address>0xef91</run_address>
         <size>0x359</size>
         <input_file_ref idref="fl-24"/>
      </object_component>
      <object_component id="oc-1e7">
         <name>.debug_info</name>
         <load_address>0xf2ea</load_address>
         <run_address>0xf2ea</run_address>
         <size>0xf9</size>
         <input_file_ref idref="fl-24"/>
      </object_component>
      <object_component id="oc-1ea">
         <name>.debug_info</name>
         <load_address>0xf3e3</load_address>
         <run_address>0xf3e3</run_address>
         <size>0xfb</size>
         <input_file_ref idref="fl-24"/>
      </object_component>
      <object_component id="oc-1ed">
         <name>.debug_info</name>
         <load_address>0xf4de</load_address>
         <run_address>0xf4de</run_address>
         <size>0xed</size>
         <input_file_ref idref="fl-24"/>
      </object_component>
      <object_component id="oc-106">
         <name>.debug_info</name>
         <load_address>0xf5cb</load_address>
         <run_address>0xf5cb</run_address>
         <size>0x31e2</size>
         <input_file_ref idref="fl-24"/>
      </object_component>
      <object_component id="oc-2ea">
         <name>.debug_info</name>
         <load_address>0x127ad</load_address>
         <run_address>0x127ad</run_address>
         <size>0x34a</size>
         <input_file_ref idref="fl-26"/>
      </object_component>
      <object_component id="oc-2e4">
         <name>.debug_info</name>
         <load_address>0x12af7</load_address>
         <run_address>0x12af7</run_address>
         <size>0xe6</size>
         <input_file_ref idref="fl-26"/>
      </object_component>
      <object_component id="oc-2e7">
         <name>.debug_info</name>
         <load_address>0x12bdd</load_address>
         <run_address>0x12bdd</run_address>
         <size>0xf8</size>
         <input_file_ref idref="fl-26"/>
      </object_component>
      <object_component id="oc-248">
         <name>.debug_info</name>
         <load_address>0x12cd5</load_address>
         <run_address>0x12cd5</run_address>
         <size>0x2b52</size>
         <input_file_ref idref="fl-26"/>
      </object_component>
      <object_component id="oc-26e">
         <name>.debug_info</name>
         <load_address>0x15827</load_address>
         <run_address>0x15827</run_address>
         <size>0x336</size>
         <input_file_ref idref="fl-27"/>
      </object_component>
      <object_component id="oc-25c">
         <name>.debug_info</name>
         <load_address>0x15b5d</load_address>
         <run_address>0x15b5d</run_address>
         <size>0xe8</size>
         <input_file_ref idref="fl-27"/>
      </object_component>
      <object_component id="oc-25f">
         <name>.debug_info</name>
         <load_address>0x15c45</load_address>
         <run_address>0x15c45</run_address>
         <size>0xe0</size>
         <input_file_ref idref="fl-27"/>
      </object_component>
      <object_component id="oc-262">
         <name>.debug_info</name>
         <load_address>0x15d25</load_address>
         <run_address>0x15d25</run_address>
         <size>0xe4</size>
         <input_file_ref idref="fl-27"/>
      </object_component>
      <object_component id="oc-265">
         <name>.debug_info</name>
         <load_address>0x15e09</load_address>
         <run_address>0x15e09</run_address>
         <size>0xea</size>
         <input_file_ref idref="fl-27"/>
      </object_component>
      <object_component id="oc-268">
         <name>.debug_info</name>
         <load_address>0x15ef3</load_address>
         <run_address>0x15ef3</run_address>
         <size>0xe8</size>
         <input_file_ref idref="fl-27"/>
      </object_component>
      <object_component id="oc-26b">
         <name>.debug_info</name>
         <load_address>0x15fdb</load_address>
         <run_address>0x15fdb</run_address>
         <size>0xec</size>
         <input_file_ref idref="fl-27"/>
      </object_component>
      <object_component id="oc-259">
         <name>.debug_info</name>
         <load_address>0x160c7</load_address>
         <run_address>0x160c7</run_address>
         <size>0xe9</size>
         <input_file_ref idref="fl-27"/>
      </object_component>
      <object_component id="oc-1a2">
         <name>.debug_info</name>
         <load_address>0x161b0</load_address>
         <run_address>0x161b0</run_address>
         <size>0xce9</size>
         <input_file_ref idref="fl-27"/>
      </object_component>
      <object_component id="oc-2e0">
         <name>.debug_info</name>
         <load_address>0x16e99</load_address>
         <run_address>0x16e99</run_address>
         <size>0x33a</size>
         <input_file_ref idref="fl-2e"/>
      </object_component>
      <object_component id="oc-2da">
         <name>.debug_info</name>
         <load_address>0x171d3</load_address>
         <run_address>0x171d3</run_address>
         <size>0xe6</size>
         <input_file_ref idref="fl-2e"/>
      </object_component>
      <object_component id="oc-2dd">
         <name>.debug_info</name>
         <load_address>0x172b9</load_address>
         <run_address>0x172b9</run_address>
         <size>0xf8</size>
         <input_file_ref idref="fl-2e"/>
      </object_component>
      <object_component id="oc-240">
         <name>.debug_info</name>
         <load_address>0x173b1</load_address>
         <run_address>0x173b1</run_address>
         <size>0x1661</size>
         <input_file_ref idref="fl-2e"/>
      </object_component>
      <object_component id="oc-21e">
         <name>.debug_info</name>
         <load_address>0x18a12</load_address>
         <run_address>0x18a12</run_address>
         <size>0x3bb</size>
         <input_file_ref idref="fl-30"/>
      </object_component>
      <object_component id="oc-215">
         <name>.debug_info</name>
         <load_address>0x18dcd</load_address>
         <run_address>0x18dcd</run_address>
         <size>0xdf</size>
         <input_file_ref idref="fl-30"/>
      </object_component>
      <object_component id="oc-21b">
         <name>.debug_info</name>
         <load_address>0x18eac</load_address>
         <run_address>0x18eac</run_address>
         <size>0xeb</size>
         <input_file_ref idref="fl-30"/>
      </object_component>
      <object_component id="oc-20c">
         <name>.debug_info</name>
         <load_address>0x18f97</load_address>
         <run_address>0x18f97</run_address>
         <size>0xe5</size>
         <input_file_ref idref="fl-30"/>
      </object_component>
      <object_component id="oc-218">
         <name>.debug_info</name>
         <load_address>0x1907c</load_address>
         <run_address>0x1907c</run_address>
         <size>0xf2</size>
         <input_file_ref idref="fl-30"/>
      </object_component>
      <object_component id="oc-118">
         <name>.debug_info</name>
         <load_address>0x1916e</load_address>
         <run_address>0x1916e</run_address>
         <size>0x2b2f</size>
         <input_file_ref idref="fl-30"/>
      </object_component>
      <object_component id="oc-2b4">
         <name>.debug_info</name>
         <load_address>0x1bc9d</load_address>
         <run_address>0x1bc9d</run_address>
         <size>0x51</size>
         <input_file_ref idref="fl-30"/>
      </object_component>
      <object_component id="oc-284">
         <name>.debug_info</name>
         <load_address>0x1bcee</load_address>
         <run_address>0x1bcee</run_address>
         <size>0x2c5</size>
         <input_file_ref idref="fl-32"/>
      </object_component>
      <object_component id="oc-1cb">
         <name>.debug_info</name>
         <load_address>0x1bfb3</load_address>
         <run_address>0x1bfb3</run_address>
         <size>0x53e</size>
         <input_file_ref idref="fl-32"/>
      </object_component>
      <object_component id="oc-1bd">
         <name>.debug_info</name>
         <load_address>0x1c4f1</load_address>
         <run_address>0x1c4f1</run_address>
         <size>0x33b</size>
         <input_file_ref idref="fl-34"/>
      </object_component>
      <object_component id="oc-1b2">
         <name>.debug_info</name>
         <load_address>0x1c82c</load_address>
         <run_address>0x1c82c</run_address>
         <size>0xe9</size>
         <input_file_ref idref="fl-34"/>
      </object_component>
      <object_component id="oc-1b5">
         <name>.debug_info</name>
         <load_address>0x1c915</load_address>
         <run_address>0x1c915</run_address>
         <size>0xfb</size>
         <input_file_ref idref="fl-34"/>
      </object_component>
      <object_component id="oc-f4">
         <name>.debug_info</name>
         <load_address>0x1ca10</load_address>
         <run_address>0x1ca10</run_address>
         <size>0x26fb</size>
         <input_file_ref idref="fl-34"/>
      </object_component>
      <object_component id="oc-203">
         <name>.debug_info</name>
         <load_address>0x1f10b</load_address>
         <run_address>0x1f10b</run_address>
         <size>0x3e7</size>
         <input_file_ref idref="fl-35"/>
      </object_component>
      <object_component id="oc-1f5">
         <name>.debug_info</name>
         <load_address>0x1f4f2</load_address>
         <run_address>0x1f4f2</run_address>
         <size>0xde</size>
         <input_file_ref idref="fl-35"/>
      </object_component>
      <object_component id="oc-200">
         <name>.debug_info</name>
         <load_address>0x1f5d0</load_address>
         <run_address>0x1f5d0</run_address>
         <size>0xd8</size>
         <input_file_ref idref="fl-35"/>
      </object_component>
      <object_component id="oc-1f8">
         <name>.debug_info</name>
         <load_address>0x1f6a8</load_address>
         <run_address>0x1f6a8</run_address>
         <size>0xe6</size>
         <input_file_ref idref="fl-35"/>
      </object_component>
      <object_component id="oc-1f2">
         <name>.debug_info</name>
         <load_address>0x1f78e</load_address>
         <run_address>0x1f78e</run_address>
         <size>0xea</size>
         <input_file_ref idref="fl-35"/>
      </object_component>
      <object_component id="oc-10d">
         <name>.debug_info</name>
         <load_address>0x1f878</load_address>
         <run_address>0x1f878</run_address>
         <size>0x7ff</size>
         <input_file_ref idref="fl-35"/>
      </object_component>
      <object_component id="oc-195">
         <name>.debug_info</name>
         <load_address>0x20077</load_address>
         <run_address>0x20077</run_address>
         <size>0x13a</size>
         <input_file_ref idref="fl-f6"/>
      </object_component>
      <object_component id="oc-199">
         <name>.debug_info</name>
         <load_address>0x201b1</load_address>
         <run_address>0x201b1</run_address>
         <size>0x12e</size>
         <input_file_ref idref="fl-f7"/>
      </object_component>
      <object_component id="oc-18e">
         <name>.debug_info</name>
         <load_address>0x202df</load_address>
         <run_address>0x202df</run_address>
         <size>0x12c</size>
         <input_file_ref idref="fl-f8"/>
      </object_component>
      <object_component id="oc-1fc">
         <name>.debug_info</name>
         <load_address>0x2040b</load_address>
         <run_address>0x2040b</run_address>
         <size>0x142</size>
         <input_file_ref idref="fl-f9"/>
      </object_component>
      <object_component id="oc-8e">
         <name>.debug_info</name>
         <load_address>0x2054d</load_address>
         <run_address>0x2054d</run_address>
         <size>0x2d4</size>
         <input_file_ref idref="fl-fa"/>
      </object_component>
      <object_component id="oc-50">
         <name>.debug_info</name>
         <load_address>0x20821</load_address>
         <run_address>0x20821</run_address>
         <size>0x1b5</size>
         <input_file_ref idref="fl-fa"/>
      </object_component>
      <object_component id="oc-89">
         <name>.debug_info</name>
         <load_address>0x209d6</load_address>
         <run_address>0x209d6</run_address>
         <size>0x46</size>
         <input_file_ref idref="fl-fa"/>
      </object_component>
      <object_component id="oc-c0">
         <name>.debug_info</name>
         <load_address>0x20a1c</load_address>
         <run_address>0x20a1c</run_address>
         <size>0x2c</size>
         <input_file_ref idref="fl-fa"/>
      </object_component>
      <object_component id="oc-46">
         <name>.debug_info</name>
         <load_address>0x20a48</load_address>
         <run_address>0x20a48</run_address>
         <size>0x2a8</size>
         <input_file_ref idref="fl-fb"/>
      </object_component>
      <object_component id="oc-1f">
         <name>.debug_info</name>
         <load_address>0x20cf0</load_address>
         <run_address>0x20cf0</run_address>
         <size>0x1ea</size>
         <input_file_ref idref="fl-fb"/>
      </object_component>
      <object_component id="oc-41">
         <name>.debug_info</name>
         <load_address>0x20eda</load_address>
         <run_address>0x20eda</run_address>
         <size>0x46</size>
         <input_file_ref idref="fl-fb"/>
      </object_component>
      <object_component id="oc-81">
         <name>.debug_info</name>
         <load_address>0x20f20</load_address>
         <run_address>0x20f20</run_address>
         <size>0x2c</size>
         <input_file_ref idref="fl-fb"/>
      </object_component>
      <object_component id="oc-7f">
         <name>.debug_info</name>
         <load_address>0x20f4c</load_address>
         <run_address>0x20f4c</run_address>
         <size>0x29e</size>
         <input_file_ref idref="fl-fc"/>
      </object_component>
      <object_component id="oc-16">
         <name>.debug_info</name>
         <load_address>0x211ea</load_address>
         <run_address>0x211ea</run_address>
         <size>0x250</size>
         <input_file_ref idref="fl-fc"/>
      </object_component>
      <object_component id="oc-31">
         <name>.debug_info</name>
         <load_address>0x2143a</load_address>
         <run_address>0x2143a</run_address>
         <size>0x60</size>
         <input_file_ref idref="fl-fc"/>
      </object_component>
      <object_component id="oc-b9">
         <name>.debug_info</name>
         <load_address>0x2149a</load_address>
         <run_address>0x2149a</run_address>
         <size>0x46</size>
         <input_file_ref idref="fl-fc"/>
      </object_component>
      <object_component id="oc-7a">
         <name>.debug_info</name>
         <load_address>0x214e0</load_address>
         <run_address>0x214e0</run_address>
         <size>0x39</size>
         <input_file_ref idref="fl-fc"/>
      </object_component>
      <object_component id="oc-25">
         <name>.debug_info</name>
         <load_address>0x21519</load_address>
         <run_address>0x21519</run_address>
         <size>0x10b</size>
         <input_file_ref idref="fl-fd"/>
      </object_component>
      <object_component id="oc-5a">
         <name>.debug_info</name>
         <load_address>0x21624</load_address>
         <run_address>0x21624</run_address>
         <size>0x1a9</size>
         <input_file_ref idref="fl-fd"/>
      </object_component>
      <object_component id="oc-29f">
         <name>.debug_info</name>
         <load_address>0x217cd</load_address>
         <run_address>0x217cd</run_address>
         <size>0x115</size>
         <input_file_ref idref="fl-fe"/>
      </object_component>
      <object_component id="oc-3d">
         <name>.debug_info</name>
         <load_address>0x218e2</load_address>
         <run_address>0x218e2</run_address>
         <size>0x119</size>
         <input_file_ref idref="fl-ff"/>
      </object_component>
      <object_component id="oc-91">
         <name>.debug_info</name>
         <load_address>0x219fb</load_address>
         <run_address>0x219fb</run_address>
         <size>0x147</size>
         <input_file_ref idref="fl-100"/>
      </object_component>
      <object_component id="oc-22a">
         <name>.debug_info</name>
         <load_address>0x21b42</load_address>
         <run_address>0x21b42</run_address>
         <size>0x4b3</size>
         <input_file_ref idref="fl-101"/>
      </object_component>
      <object_component id="oc-131">
         <name>.debug_info</name>
         <load_address>0x21ff5</load_address>
         <run_address>0x21ff5</run_address>
         <size>0x1a6</size>
         <input_file_ref idref="fl-101"/>
      </object_component>
      <object_component id="oc-2c8">
         <name>.debug_info</name>
         <load_address>0x2219b</load_address>
         <run_address>0x2219b</run_address>
         <size>0x39</size>
         <input_file_ref idref="fl-101"/>
      </object_component>
      <object_component id="oc-307">
         <name>.debug_info</name>
         <load_address>0x221d4</load_address>
         <run_address>0x221d4</run_address>
         <size>0x39</size>
         <input_file_ref idref="fl-101"/>
      </object_component>
      <object_component id="oc-2cd">
         <name>.debug_info</name>
         <load_address>0x2220d</load_address>
         <run_address>0x2220d</run_address>
         <size>0x39</size>
         <input_file_ref idref="fl-101"/>
      </object_component>
      <object_component id="oc-2d2">
         <name>.debug_info</name>
         <load_address>0x22246</load_address>
         <run_address>0x22246</run_address>
         <size>0xcd</size>
         <input_file_ref idref="fl-101"/>
      </object_component>
      <object_component id="oc-96">
         <name>.debug_info</name>
         <load_address>0x22313</load_address>
         <run_address>0x22313</run_address>
         <size>0x153</size>
         <input_file_ref idref="fl-102"/>
      </object_component>
      <object_component id="oc-126">
         <name>.debug_info</name>
         <load_address>0x22466</load_address>
         <run_address>0x22466</run_address>
         <size>0x122</size>
         <input_file_ref idref="fl-104"/>
      </object_component>
      <object_component id="oc-34f">
         <name>.debug_info</name>
         <load_address>0x22588</load_address>
         <run_address>0x22588</run_address>
         <size>0x9b</size>
      </object_component>
      <object_component id="oc-163">
         <name>.debug_line</name>
         <load_address>0x0</load_address>
         <run_address>0x0</run_address>
         <size>0x2b7</size>
         <input_file_ref idref="fl-2"/>
      </object_component>
      <object_component id="oc-20a">
         <name>.debug_line</name>
         <load_address>0x2b7</load_address>
         <run_address>0x2b7</run_address>
         <size>0x2d</size>
         <input_file_ref idref="fl-2"/>
      </object_component>
      <object_component id="oc-9f">
         <name>.debug_line</name>
         <load_address>0x2e4</load_address>
         <run_address>0x2e4</run_address>
         <size>0x2ca</size>
         <input_file_ref idref="fl-2"/>
      </object_component>
      <object_component id="oc-17b">
         <name>.debug_line</name>
         <load_address>0x5ae</load_address>
         <run_address>0x5ae</run_address>
         <size>0x40</size>
         <input_file_ref idref="fl-2"/>
      </object_component>
      <object_component id="oc-122">
         <name>.debug_line</name>
         <load_address>0x5ee</load_address>
         <run_address>0x5ee</run_address>
         <size>0x2d</size>
         <input_file_ref idref="fl-2"/>
      </object_component>
      <object_component id="oc-73">
         <name>.debug_line</name>
         <load_address>0x61b</load_address>
         <run_address>0x61b</run_address>
         <size>0x6f</size>
         <input_file_ref idref="fl-2"/>
      </object_component>
      <object_component id="oc-167">
         <name>.debug_line</name>
         <load_address>0x68a</load_address>
         <run_address>0x68a</run_address>
         <size>0x3a</size>
         <input_file_ref idref="fl-2"/>
      </object_component>
      <object_component id="oc-b5">
         <name>.debug_line</name>
         <load_address>0x6c4</load_address>
         <run_address>0x6c4</run_address>
         <size>0x20</size>
         <input_file_ref idref="fl-2"/>
      </object_component>
      <object_component id="oc-b0">
         <name>.debug_line</name>
         <load_address>0x6e4</load_address>
         <run_address>0x6e4</run_address>
         <size>0x73</size>
         <input_file_ref idref="fl-2"/>
      </object_component>
      <object_component id="oc-1bb">
         <name>.debug_line</name>
         <load_address>0x757</load_address>
         <run_address>0x757</run_address>
         <size>0x6f</size>
         <input_file_ref idref="fl-2"/>
      </object_component>
      <object_component id="oc-78">
         <name>.debug_line</name>
         <load_address>0x7c6</load_address>
         <run_address>0x7c6</run_address>
         <size>0x70</size>
         <input_file_ref idref="fl-2"/>
      </object_component>
      <object_component id="oc-16c">
         <name>.debug_line</name>
         <load_address>0x836</load_address>
         <run_address>0x836</run_address>
         <size>0x41</size>
         <input_file_ref idref="fl-2"/>
      </object_component>
      <object_component id="oc-176">
         <name>.debug_line</name>
         <load_address>0x877</load_address>
         <run_address>0x877</run_address>
         <size>0x41</size>
         <input_file_ref idref="fl-2"/>
      </object_component>
      <object_component id="oc-207">
         <name>.debug_line</name>
         <load_address>0x8b8</load_address>
         <run_address>0x8b8</run_address>
         <size>0x6b</size>
         <input_file_ref idref="fl-2"/>
      </object_component>
      <object_component id="oc-171">
         <name>.debug_line</name>
         <load_address>0x923</load_address>
         <run_address>0x923</run_address>
         <size>0x72</size>
         <input_file_ref idref="fl-2"/>
      </object_component>
      <object_component id="oc-6f">
         <name>.debug_line</name>
         <load_address>0x995</load_address>
         <run_address>0x995</run_address>
         <size>0x41</size>
         <input_file_ref idref="fl-3"/>
      </object_component>
      <object_component id="oc-2e">
         <name>.debug_line</name>
         <load_address>0x9d6</load_address>
         <run_address>0x9d6</run_address>
         <size>0x41</size>
         <input_file_ref idref="fl-3"/>
      </object_component>
      <object_component id="oc-2c">
         <name>.debug_line</name>
         <load_address>0xa17</load_address>
         <run_address>0xa17</run_address>
         <size>0xa1</size>
         <input_file_ref idref="fl-3"/>
      </object_component>
      <object_component id="oc-39">
         <name>.debug_line</name>
         <load_address>0xab8</load_address>
         <run_address>0xab8</run_address>
         <size>0x20</size>
         <input_file_ref idref="fl-3"/>
      </object_component>
      <object_component id="oc-1c2">
         <name>.debug_line</name>
         <load_address>0xad8</load_address>
         <run_address>0xad8</run_address>
         <size>0x66</size>
         <input_file_ref idref="fl-4"/>
      </object_component>
      <object_component id="oc-280">
         <name>.debug_line</name>
         <load_address>0xb3e</load_address>
         <run_address>0xb3e</run_address>
         <size>0x153</size>
         <input_file_ref idref="fl-6"/>
      </object_component>
      <object_component id="oc-28b">
         <name>.debug_line</name>
         <load_address>0xc91</load_address>
         <run_address>0xc91</run_address>
         <size>0x44</size>
         <input_file_ref idref="fl-6"/>
      </object_component>
      <object_component id="oc-28f">
         <name>.debug_line</name>
         <load_address>0xcd5</load_address>
         <run_address>0xcd5</run_address>
         <size>0x44</size>
         <input_file_ref idref="fl-6"/>
      </object_component>
      <object_component id="oc-289">
         <name>.debug_line</name>
         <load_address>0xd19</load_address>
         <run_address>0xd19</run_address>
         <size>0x44</size>
         <input_file_ref idref="fl-6"/>
      </object_component>
      <object_component id="oc-287">
         <name>.debug_line</name>
         <load_address>0xd5d</load_address>
         <run_address>0xd5d</run_address>
         <size>0x44</size>
         <input_file_ref idref="fl-6"/>
      </object_component>
      <object_component id="oc-28d">
         <name>.debug_line</name>
         <load_address>0xda1</load_address>
         <run_address>0xda1</run_address>
         <size>0x44</size>
         <input_file_ref idref="fl-6"/>
      </object_component>
      <object_component id="oc-101">
         <name>.debug_line</name>
         <load_address>0xde5</load_address>
         <run_address>0xde5</run_address>
         <size>0x2d0</size>
         <input_file_ref idref="fl-6"/>
      </object_component>
      <object_component id="oc-1d4">
         <name>.debug_line</name>
         <load_address>0x10b5</load_address>
         <run_address>0x10b5</run_address>
         <size>0x79</size>
         <input_file_ref idref="fl-7"/>
      </object_component>
      <object_component id="oc-282">
         <name>.debug_line</name>
         <load_address>0x112e</load_address>
         <run_address>0x112e</run_address>
         <size>0x74</size>
         <input_file_ref idref="fl-8"/>
      </object_component>
      <object_component id="oc-fa">
         <name>.debug_line</name>
         <load_address>0x11a2</load_address>
         <run_address>0x11a2</run_address>
         <size>0xaf</size>
         <input_file_ref idref="fl-8"/>
      </object_component>
      <object_component id="oc-270">
         <name>.debug_line</name>
         <load_address>0x1251</load_address>
         <run_address>0x1251</run_address>
         <size>0x132</size>
         <input_file_ref idref="fl-9"/>
      </object_component>
      <object_component id="oc-e2">
         <name>.debug_line</name>
         <load_address>0x1383</load_address>
         <run_address>0x1383</run_address>
         <size>0x76</size>
         <input_file_ref idref="fl-9"/>
      </object_component>
      <object_component id="oc-250">
         <name>.debug_line</name>
         <load_address>0x13f9</load_address>
         <run_address>0x13f9</run_address>
         <size>0x89</size>
         <input_file_ref idref="fl-b"/>
      </object_component>
      <object_component id="oc-d3">
         <name>.debug_line</name>
         <load_address>0x1482</load_address>
         <run_address>0x1482</run_address>
         <size>0x27e</size>
         <input_file_ref idref="fl-b"/>
      </object_component>
      <object_component id="oc-255">
         <name>.debug_line</name>
         <load_address>0x1700</load_address>
         <run_address>0x1700</run_address>
         <size>0x4c</size>
         <input_file_ref idref="fl-e"/>
      </object_component>
      <object_component id="oc-d6">
         <name>.debug_line</name>
         <load_address>0x174c</load_address>
         <run_address>0x174c</run_address>
         <size>0x116</size>
         <input_file_ref idref="fl-e"/>
      </object_component>
      <object_component id="oc-ce">
         <name>.debug_line</name>
         <load_address>0x1862</load_address>
         <run_address>0x1862</run_address>
         <size>0x336</size>
         <input_file_ref idref="fl-10"/>
      </object_component>
      <object_component id="oc-eb">
         <name>.debug_line</name>
         <load_address>0x1b98</load_address>
         <run_address>0x1b98</run_address>
         <size>0x8c</size>
         <input_file_ref idref="fl-12"/>
      </object_component>
      <object_component id="oc-2ec">
         <name>.debug_line</name>
         <load_address>0x1c24</load_address>
         <run_address>0x1c24</run_address>
         <size>0xd2</size>
         <input_file_ref idref="fl-13"/>
      </object_component>
      <object_component id="oc-189">
         <name>.debug_line</name>
         <load_address>0x1cf6</load_address>
         <run_address>0x1cf6</run_address>
         <size>0x120</size>
         <input_file_ref idref="fl-13"/>
      </object_component>
      <object_component id="oc-277">
         <name>.debug_line</name>
         <load_address>0x1e16</load_address>
         <run_address>0x1e16</run_address>
         <size>0xd2</size>
         <input_file_ref idref="fl-14"/>
      </object_component>
      <object_component id="oc-f2">
         <name>.debug_line</name>
         <load_address>0x1ee8</load_address>
         <run_address>0x1ee8</run_address>
         <size>0x115</size>
         <input_file_ref idref="fl-14"/>
      </object_component>
      <object_component id="oc-2e2">
         <name>.debug_line</name>
         <load_address>0x1ffd</load_address>
         <run_address>0x1ffd</run_address>
         <size>0xd2</size>
         <input_file_ref idref="fl-15"/>
      </object_component>
      <object_component id="oc-182">
         <name>.debug_line</name>
         <load_address>0x20cf</load_address>
         <run_address>0x20cf</run_address>
         <size>0xfd</size>
         <input_file_ref idref="fl-15"/>
      </object_component>
      <object_component id="oc-257">
         <name>.debug_line</name>
         <load_address>0x21cc</load_address>
         <run_address>0x21cc</run_address>
         <size>0x10a</size>
         <input_file_ref idref="fl-16"/>
      </object_component>
      <object_component id="oc-df">
         <name>.debug_line</name>
         <load_address>0x22d6</load_address>
         <run_address>0x22d6</run_address>
         <size>0x72</size>
         <input_file_ref idref="fl-16"/>
      </object_component>
      <object_component id="oc-300">
         <name>.debug_line</name>
         <load_address>0x2348</load_address>
         <run_address>0x2348</run_address>
         <size>0x60</size>
         <input_file_ref idref="fl-17"/>
      </object_component>
[...]
      </symbol>
      <symbol id="sm-7f7">
         <name>SysCtlDeepSleepClockConfigSet</name>
         <value>0xf5d</value>
         <object_component_ref idref="oc-114"/>
      </symbol>
      <symbol id="sm-7f8">
         <name>SysCtlDelay</name>
         <value>0x61bf</value>
         <object_component_ref idref="oc-183"/>
      </symbol>
      <symbol id="sm-7f9">
         <name>SysCtlVoltageEventClear</name>
         <value>0x1089</value>
         <object_component_ref idref="oc-114"/>
      </symbol>
      <symbol id="sm-7fa">
         <name>SysCtlLDOSleepSet</name>
         <value>0x775</value>
         <object_component_ref idref="oc-114"/>
      </symbol>
      <symbol id="sm-7fb">
         <name>SysCtlMOSCConfigSet</name>
         <value>0x80b</value>
         <object_component_ref idref="oc-114"/>
      </symbol>
      <symbol id="sm-7fc">
         <name>SysCtlPeripheralEnable</name>
         <value>0x509</value>
         <object_component_ref idref="oc-114"/>
      </symbol>
      <symbol id="sm-7fd">
         <name>SysCtlIntEnable</name>
         <value>0x71d</value>
         <object_component_ref idref="oc-114"/>
      </symbol>
      <symbol id="sm-7fe">
         <name>SysCtlNMIClear</name>
         <value>0x1171</value>
         <object_component_ref idref="oc-114"/>
      </symbol>
      <symbol id="sm-7ff">
         <name>SysCtlPeripheralPowerOff</name>
         <value>0x445</value>
         <object_component_ref idref="oc-114"/>
      </symbol>
      <symbol id="sm-800">
         <name>SysCtlSleepPowerSet</name>
         <value>0x7a1</value>
         <object_component_ref idref="oc-114"/>
      </symbol>
      <symbol id="sm-801">
         <name>SysCtlDeepSleep</name>
         <value>0x7d5</value>
         <object_component_ref idref="oc-114"/>
      </symbol>
      <symbol id="sm-802">
         <name>SysCtlLDODeepSleepSet</name>
         <value>0x78b</value>
         <object_component_ref idref="oc-114"/>
      </symbol>
      <symbol id="sm-803">
         <name>SysCtlPeripheralPowerOn</name>
         <value>0x409</value>
         <object_component_ref idref="oc-114"/>
      </symbol>
      <symbol id="sm-804">
         <name>SysCtlPeripheralDeepSleepDisable</name>
         <value>0x659</value>
         <object_component_ref idref="oc-114"/>
      </symbol>
      <symbol id="sm-805">
         <name>SysCtlPeripheralSleepDisable</name>
         <value>0x5cd</value>
         <object_component_ref idref="oc-114"/>
      </symbol>
      <symbol id="sm-806">
         <name>SysCtlVCOGet</name>
         <value>0x10a1</value>
         <object_component_ref idref="oc-114"/>
      </symbol>
      <symbol id="sm-807">
         <name>SysCtlResetBehaviorSet</name>
         <value>0x871</value>
         <object_component_ref idref="oc-114"/>
      </symbol>
      <symbol id="sm-808">
         <name>SysCtlReset</name>
         <value>0x7c5</value>
         <object_component_ref idref="oc-114"/>
      </symbol>
      <symbol id="sm-809">
         <name>SysCtlGPIOAHBDisable</name>
         <value>0x1033</value>
         <object_component_ref idref="oc-114"/>
      </symbol>
      <symbol id="sm-80a">
         <name>SysCtlSRAMSizeGet</name>
         <value>0x32d</value>
         <object_component_ref idref="oc-114"/>
      </symbol>
      <symbol id="sm-80b">
         <name>SysCtlClockGet</name>
         <value>0xd99</value>
         <object_component_ref idref="oc-114"/>
      </symbol>
      <symbol id="sm-80c">
         <name>SysCtlPeripheralDisable</name>
         <value>0x545</value>
         <object_component_ref idref="oc-114"/>
      </symbol>
      <symbol id="sm-80d">
         <name>SysCtlPWMClockSet</name>
         <value>0xfe7</value>
         <object_component_ref idref="oc-114"/>
      </symbol>
      <symbol id="sm-80e">
         <name>SysCtlUSBPLLEnable</name>
         <value>0x104f</value>
         <object_component_ref idref="oc-114"/>
      </symbol>
      <symbol id="sm-80f">
         <name>SysCtlPeripheralSleepEnable</name>
         <value>0x589</value>
         <object_component_ref idref="oc-114"/>
      </symbol>
      <symbol id="sm-810">
         <name>SysCtlIntUnregister</name>
         <value>0x70d</value>
         <object_component_ref idref="oc-114"/>
      </symbol>
      <symbol id="sm-811">
         <name>SysCtlUSBPLLDisable</name>
         <value>0x105b</value>
         <object_component_ref idref="oc-114"/>
      </symbol>
      <symbol id="sm-812">
         <name>SysCtlPeripheralReady</name>
         <value>0x3c9</value>
         <object_component_ref idref="oc-114"/>
      </symbol>
      <symbol id="sm-813">
         <name>SysCtlPIOSCCalibrate</name>
         <value>0x821</value>
         <object_component_ref idref="oc-114"/>
      </symbol>
      <symbol id="sm-814">
         <name>SysCtlResetCauseClear</name>
         <value>0x7f7</value>
         <object_component_ref idref="oc-114"/>
      </symbol>
      <symbol id="sm-815">
         <name>SysCtlLDOSleepGet</name>
         <value>0x785</value>
         <object_component_ref idref="oc-114"/>
      </symbol>
      <symbol id="sm-816">
         <name>SysCtlClockFreqSet</name>
         <value>0x8d1</value>
         <object_component_ref idref="oc-114"/>
      </symbol>
      <symbol id="sm-817">
         <name>SysCtlPeripheralReset</name>
         <value>0x481</value>
         <object_component_ref idref="oc-114"/>
      </symbol>
      <symbol id="sm-831">
         <name>SysTickIntDisable</name>
         <value>0x5d5d</value>
         <object_component_ref idref="oc-1ca"/>
      </symbol>
      <symbol id="sm-832">
         <name>SysTickEnable</name>
         <value>0x5d0d</value>
         <object_component_ref idref="oc-1ca"/>
      </symbol>
      <symbol id="sm-833">
         <name>SysTickPeriodGet</name>
         <value>0x5d7b</value>
         <object_component_ref idref="oc-1ca"/>
      </symbol>
      <symbol id="sm-834">
         <name>SysTickIntRegister</name>
         <value>0x5d25</value>
         <object_component_ref idref="oc-1ca"/>
      </symbol>
      <symbol id="sm-835">
         <name>SysTickIntEnable</name>
         <value>0x5d51</value>
         <object_component_ref idref="oc-1ca"/>
      </symbol>
      <symbol id="sm-836">
         <name>SysTickValueGet</name>
         <value>0x5d83</value>
         <object_component_ref idref="oc-1ca"/>
      </symbol>
      <symbol id="sm-837">
         <name>SysTickIntUnregister</name>
         <value>0x5d3d</value>
         <object_component_ref idref="oc-1ca"/>
      </symbol>
      <symbol id="sm-838">
         <name>SysTickPeriodSet</name>
         <value>0x5d69</value>
         <object_component_ref idref="oc-1ca"/>
      </symbol>
      <symbol id="sm-839">
         <name>SysTickDisable</name>
         <value>0x5d19</value>
         <object_component_ref idref="oc-1ca"/>
      </symbol>
      <symbol id="sm-8ad">
         <name>UARTClockSourceGet</name>
         <value>0x40eb</value>
         <object_component_ref idref="oc-f3"/>
      </symbol>
      <symbol id="sm-8ae">
         <name>UARTCharPutNonBlocking</name>
         <value>0x3f5d</value>
         <object_component_ref idref="oc-f3"/>
      </symbol>
      <symbol id="sm-8af">
         <name>UARTDMAEnable</name>
         <value>0x4085</value>
         <object_component_ref idref="oc-f3"/>
      </symbol>
      <symbol id="sm-8b0">
         <name>UARTTxIntModeSet</name>
         <value>0x3ec1</value>
         <object_component_ref idref="oc-f3"/>
      </symbol>
      <symbol id="sm-8b1">
         <name>UARTFIFODisable</name>
         <value>0x3d6f</value>
         <object_component_ref idref="oc-f3"/>
      </symbol>
      <symbol id="sm-8b2">
         <name>UARTIntUnregister</name>
         <value>0x4005</value>
         <object_component_ref idref="oc-f3"/>
      </symbol>
      <symbol id="sm-8b3">
         <name>UARTRxErrorClear</name>
         <value>0x40c7</value>
         <object_component_ref idref="oc-f3"/>
      </symbol>
      <symbol id="sm-8b4">
         <name>UARTModemControlSet</name>
         <value>0x3e11</value>
         <object_component_ref idref="oc-f3"/>
      </symbol>
      <symbol id="sm-8b5">
         <name>UARTFlowControlSet</name>
         <value>0x3e93</value>
         <object_component_ref idref="oc-f3"/>
      </symbol>
      <symbol id="sm-8b6">
         <name>UARTConfigSetExpClk</name>
         <value>0x3c49</value>
         <object_component_ref idref="oc-f3"/>
      </symbol>
      <symbol id="sm-8b7">
         <name>UARTSmartCardDisable</name>
         <value>0x3dfb</value>
         <object_component_ref idref="oc-f3"/>
      </symbol>
      <symbol id="sm-8b8">
         <name>UARTDisable</name>
         <value>0x3d2f</value>
         <object_component_ref idref="oc-f3"/>
      </symbol>
      <symbol id="sm-8b9">
         <name>UART9BitDisable</name>
         <value>0x4111</value>
         <object_component_ref idref="oc-f3"/>
      </symbol>
      <symbol id="sm-8ba">
         <name>UARTFIFOLevelGet</name>
         <value>0x3c21</value>
         <object_component_ref idref="oc-f3"/>
      </symbol>
      <symbol id="sm-8bb">
         <name>UARTBusy</name>
         <value>0x3fc9</value>
         <object_component_ref idref="oc-f3"/>
      </symbol>
      <symbol id="sm-8bc">
         <name>UARTDisableSIR</name>
         <value>0x3db3</value>
         <object_component_ref idref="oc-f3"/>
      </symbol>
      <symbol id="sm-8bd">
         <name>UARTLoopbackEnable</name>
         <value>0x4195</value>
         <object_component_ref idref="oc-f3"/>
      </symbol>
      <symbol id="sm-8be">
         <name>UARTIntEnable</name>
         <value>0x4025</value>
         <object_component_ref idref="oc-f3"/>
      </symbol>
      <symbol id="sm-8bf">
         <name>UARTCharsAvail</name>
         <value>0x3eef</value>
         <object_component_ref idref="oc-f3"/>
      </symbol>
      <symbol id="sm-8c0">
         <name>UARTCharGetNonBlocking</name>
         <value>0x3f2b</value>
         <object_component_ref idref="oc-f3"/>
      </symbol>
      <symbol id="sm-8c1">
         <name>UARTClockSourceSet</name>
         <value>0x40d7</value>
         <object_component_ref idref="oc-f3"/>
      </symbol>
      <symbol id="sm-8c2">
         <name>UARTTxIntModeGet</name>
         <value>0x3edd</value>
         <object_component_ref idref="oc-f3"/>
      </symbol>
      <symbol id="sm-8c3">
         <name>UARTModemStatusGet</name>
         <value>0x3e7f</value>
         <object_component_ref idref="oc-f3"/>
      </symbol>
      <symbol id="sm-8c4">
         <name>UARTIntDisable</name>
         <value>0x403d</value>
         <object_component_ref idref="oc-f3"/>
      </symbol>
      <symbol id="sm-8c5">
         <name>UARTCharPut</name>
         <value>0x3f81</value>
         <object_component_ref idref="oc-f3"/>
      </symbol>
      <symbol id="sm-8c6">
         <name>UARTParityModeSet</name>
         <value>0x3bdb</value>
         <object_component_ref idref="oc-f3"/>
      </symbol>
      <symbol id="sm-8c7">
         <name>UARTRxErrorGet</name>
         <value>0x40b5</value>
         <object_component_ref idref="oc-f3"/>
      </symbol>
      <symbol id="sm-8c8">
         <name>UARTConfigGetExpClk</name>
         <value>0x3cbf</value>
         <object_component_ref idref="oc-f3"/>
      </symbol>
      <symbol id="sm-8c9">
         <name>UARTEnableSIR</name>
         <value>0x3d85</value>
         <object_component_ref idref="oc-f3"/>
      </symbol>
      <symbol id="sm-8ca">
         <name>UARTEnable</name>
         <value>0x3d0b</value>
         <object_component_ref idref="oc-f3"/>
      </symbol>
      <symbol id="sm-8cb">
         <name>UART9BitAddrSend</name>
         <value>0x414d</value>
         <object_component_ref idref="oc-f3"/>
      </symbol>
      <symbol id="sm-8cc">
         <name>UARTModemControlGet</name>
         <value>0x3e6d</value>
         <object_component_ref idref="oc-f3"/>
      </symbol>
      <symbol id="sm-8cd">
         <name>UARTSmartCardEnable</name>
         <value>0x3dc9</value>
         <object_component_ref idref="oc-f3"/>
      </symbol>
      <symbol id="sm-8ce">
         <name>UARTFlowControlGet</name>
         <value>0x3eaf</value>
         <object_component_ref idref="oc-f3"/>
      </symbol>
      <symbol id="sm-8cf">
         <name>UARTFIFOEnable</name>
         <value>0x3d59</value>
         <object_component_ref idref="oc-f3"/>
      </symbol>
      <symbol id="sm-8d0">
         <name>UARTIntClear</name>
         <value>0x4073</value>
         <object_component_ref idref="oc-f3"/>
      </symbol>
      <symbol id="sm-8d1">
         <name>UARTIntStatus</name>
         <value>0x4055</value>
         <object_component_ref idref="oc-f3"/>
      </symbol>
      <symbol id="sm-8d2">
         <name>UARTDMADisable</name>
         <value>0x409d</value>
         <object_component_ref idref="oc-f3"/>
      </symbol>
      <symbol id="sm-8d3">
         <name>UART9BitEnable</name>
         <value>0x40fb</value>
         <object_component_ref idref="oc-f3"/>
      </symbol>
      <symbol id="sm-8d4">
         <name>UARTSpaceAvail</name>
         <value>0x3f0d</value>
         <object_component_ref idref="oc-f3"/>
      </symbol>
      <symbol id="sm-8d5">
         <name>UARTCharGet</name>
         <value>0x3f47</value>
         <object_component_ref idref="oc-f3"/>
      </symbol>
      <symbol id="sm-8d6">
         <name>UARTFIFOLevelSet</name>
         <value>0x3c09</value>
         <object_component_ref idref="oc-f3"/>
      </symbol>
      <symbol id="sm-8d7">
         <name>UARTModemControlClear</name>
         <value>0x3e49</value>
         <object_component_ref idref="oc-f3"/>
      </symbol>
      <symbol id="sm-8d8">
         <name>UARTParityModeGet</name>
         <value>0x3bf7</value>
         <object_component_ref idref="oc-f3"/>
      </symbol>
      <symbol id="sm-8d9">
         <name>UARTIntRegister</name>
         <value>0x3fe7</value>
         <object_component_ref idref="oc-f3"/>
      </symbol>
      <symbol id="sm-8da">
         <name>UARTBreakCtl</name>
         <value>0x3f9f</value>
         <object_component_ref idref="oc-f3"/>
      </symbol>
      <symbol id="sm-8db">
         <name>UART9BitAddrSet</name>
         <value>0x4127</value>
         <object_component_ref idref="oc-f3"/>
      </symbol>
      <symbol id="sm-94b">
         <name>UARTgetc</name>
         <value>0x42fd</value>
         <object_component_ref idref="oc-10b"/>
      </symbol>
      <symbol id="sm-94c">
         <name>UARTgets</name>
         <value>0x4243</value>
         <object_component_ref idref="oc-10b"/>
      </symbol>
      <symbol id="sm-94d">
         <name>UARTStdioConfig</name>
         <value>0x41ad</value>
         <object_component_ref idref="oc-10b"/>
      </symbol>
      <symbol id="sm-94e">
         <name>UARTwrite</name>
         <value>0x41f3</value>
         <object_component_ref idref="oc-10b"/>
      </symbol>
      <symbol id="sm-94f">
         <name>UARTprintf</name>
         <value>0x461f</value>
         <object_component_ref idref="oc-10b"/>
      </symbol>
      <symbol id="sm-950">
         <name>UARTvprintf</name>
         <value>0x4325</value>
         <object_component_ref idref="oc-10b"/>
      </symbol>
      <symbol id="sm-95e">
         <name>__aeabi_dmul</name>
         <value>0x5ac5</value>
         <object_component_ref idref="oc-192"/>
      </symbol>
      <symbol id="sm-968">
         <name>__aeabi_d2iz</name>
         <value>0x601d</value>
         <object_component_ref idref="oc-197"/>
      </symbol>
      <symbol id="sm-972">
         <name>__aeabi_i2d</name>
         <value>0x615d</value>
         <object_component_ref idref="oc-18d"/>
      </symbol>
      <symbol id="sm-981">
         <name>__aeabi_uidivmod</name>
         <value>0x60a9</value>
         <object_component_ref idref="oc-1fa"/>
      </symbol>
      <symbol id="sm-982">
         <name>__aeabi_uidiv</name>
         <value>0x60a9</value>
         <object_component_ref idref="oc-1fa"/>
      </symbol>
      <symbol id="sm-999">
         <name>__TI_zero_init</name>
         <value>0x61a7</value>
         <object_component_ref idref="oc-4d"/>
      </symbol>
      <symbol id="sm-9b0">
         <name>__TI_decompress_none</name>
         <value>0x6199</value>
         <object_component_ref idref="oc-1b"/>
      </symbol>
      <symbol id="sm-9d3">
         <name>__TI_decompress_lzss</name>
         <value>0x5e8f</value>
         <object_component_ref idref="oc-15"/>
      </symbol>
      <symbol id="sm-9e6">
         <name>__stack</name>
         <value>0x20006510</value>
         <object_component_ref idref="oc-24"/>
      </symbol>
      <symbol id="sm-9e7">
         <name>_c_int00_noargs</name>
         <value>0x6129</value>
         <object_component_ref idref="oc-59"/>
      </symbol>
      <symbol id="sm-9f1">
         <name>__aeabi_idiv0</name>
         <value>0x41ab</value>
         <object_component_ref idref="oc-29e"/>
      </symbol>
      <symbol id="sm-9f2">
         <name>__aeabi_ldiv0</name>
         <value>0x41ab</value>
         <object_component_ref idref="oc-29e"/>
      </symbol>
      <symbol id="sm-a0d">
         <name>memcpy</name>
         <value>0x5c71</value>
         <object_component_ref idref="oc-3b"/>
      </symbol>
      <symbol id="sm-a0e">
         <name>__aeabi_memcpy</name>
         <value>0x5c71</value>
         <object_component_ref idref="oc-3b"/>
      </symbol>
      <symbol id="sm-a0f">
         <name>__aeabi_memcpy8</name>
         <value>0x5c71</value>
         <object_component_ref idref="oc-3b"/>
      </symbol>
      <symbol id="sm-a10">
         <name>__aeabi_memcpy4</name>
         <value>0x5c71</value>
         <object_component_ref idref="oc-3b"/>
      </symbol>
      <symbol id="sm-a1f">
         <name>__aeabi_memset</name>
         <value>0x5e17</value>
         <object_component_ref idref="oc-8f"/>
      </symbol>
      <symbol id="sm-a20">
         <name>memset</name>
         <value>0x5e1d</value>
         <object_component_ref idref="oc-8f"/>
      </symbol>
      <symbol id="sm-a21">
         <name>__aeabi_memset8</name>
         <value>0x5e17</value>
         <object_component_ref idref="oc-8f"/>
      </symbol>
      <symbol id="sm-a22">
         <name>__aeabi_memset4</name>
         <value>0x5e17</value>
         <object_component_ref idref="oc-8f"/>
      </symbol>
      <symbol id="sm-a23">
         <name>__aeabi_memclr8</name>
         <value>0x5e15</value>
         <object_component_ref idref="oc-8f"/>
      </symbol>
      <symbol id="sm-a24">
         <name>__aeabi_memclr4</name>
         <value>0x5e15</value>
         <object_component_ref idref="oc-8f"/>
      </symbol>
      <symbol id="sm-a25">
         <name>__aeabi_memclr</name>
         <value>0x5e15</value>
         <object_component_ref idref="oc-8f"/>
      </symbol>
      <symbol id="sm-a4d">
         <name>__TI_auto_init_nobinit_nopinit</name>
         <value>0x6065</value>
         <object_component_ref idref="oc-130"/>
      </symbol>
      <symbol id="sm-a57">
         <name>_system_pre_init</name>
         <value>0x61c5</value>
         <object_component_ref idref="oc-95"/>
      </symbol>
      <symbol id="sm-a63">
         <name>C$$EXIT</name>
         <value>0x61c9</value>
         <object_component_ref idref="oc-124"/>
      </symbol>
      <symbol id="sm-a64">
         <name>abort</name>
         <value>0x61c9</value>
         <object_component_ref idref="oc-124"/>
      </symbol>
      <symbol id="sm-a67">
         <name>__TI_static_base__</name>
         <value>0x0</value>
      </symbol>
      <symbol id="sm-a6a">
         <name>__mpu_init</name>
         <value>0x0</value>
      </symbol>
      <symbol id="sm-a6b">
         <name>_system_post_cinit</name>
         <value>0x0</value>
      </symbol>
   </symbol_table>
   <title>Link successful</title>
</link_info>
