<?xml version="1.0" encoding="ISO-8859-1" ?>
<link_info>
   <banner>TI ARM Linker PC v20.2.7.LTS</banner>
   <copyright>Copyright (c) 1996-2018 Texas Instruments Incorporated</copyright>
   <link_time>0x675a2489</link_time>
   <link_errors>0x0</link_errors>
   <output_file>midterm.out</output_file>
   <entry_point>
      <name>_c_int00_noargs</name>
      <address>0x6315</address>
   </entry_point>
   <input_file_list>
      <input_file id="fl-2">
         <path>.\</path>
         <kind>object</kind>
         <file>main.obj</file>
         <name>main.obj</name>
      </input_file>
      <input_file id="fl-3">
         <path>.\</path>
         <kind>object</kind>
         <file>tm4c123gh6pm_startup_ccs.obj</file>
         <name>tm4c123gh6pm_startup_ccs.obj</name>
      </input_file>
      <input_file id="fl-4">
         <path>.\G8RTOS\src\</path>
         <kind>object</kind>
         <file>G8RTOS_CriticalSection.obj</file>
         <name>G8RTOS_CriticalSection.obj</name>
      </input_file>
      <input_file id="fl-5">
         <path>.\G8RTOS\src\</path>
         <kind>object</kind>
         <file>G8RTOS_IPC.obj</file>
         <name>G8RTOS_IPC.obj</name>
      </input_file>
      <input_file id="fl-6">
         <path>.\G8RTOS\src\</path>
         <kind>object</kind>
         <file>G8RTOS_Scheduler.obj</file>
         <name>G8RTOS_Scheduler.obj</name>
      </input_file>
      <input_file id="fl-7">
         <path>.\G8RTOS\src\</path>
         <kind>object</kind>
         <file>G8RTOS_SchedulerASM.obj</file>
         <name>G8RTOS_SchedulerASM.obj</name>
      </input_file>
      <input_file id="fl-8">
         <path>.\G8RTOS\src\</path>
         <kind>object</kind>
         <file>G8RTOS_Semaphores.obj</file>
         <name>G8RTOS_Semaphores.obj</name>
      </input_file>
      <input_file id="fl-9">
         <path>.\MultimodDrivers\src\</path>
         <kind>object</kind>
         <file>beagle_uart.obj</file>
         <name>beagle_uart.obj</name>
      </input_file>
      <input_file id="fl-a">
         <path>.\MultimodDrivers\src\</path>
         <kind>object</kind>
         <file>dma_lcd.obj</file>
         <name>dma_lcd.obj</name>
      </input_file>
      <input_file id="fl-b">
         <path>.\MultimodDrivers\src\</path>
         <kind>object</kind>
         <file>multimod_BMI160.obj</file>
         <name>multimod_BMI160.obj</name>
      </input_file>
      <input_file id="fl-c">
         <path>.\MultimodDrivers\src\</path>
         <kind>object</kind>
         <file>multimod_LaunchpadButtons.obj</file>
         <name>multimod_LaunchpadButtons.obj</name>
      </input_file>
      <input_file id="fl-d">
         <path>.\MultimodDrivers\src\</path>
         <kind>object</kind>
         <file>multimod_LaunchpadLED.obj</file>
         <name>multimod_LaunchpadLED.obj</name>
      </input_file>
      <input_file id="fl-e">
         <path>.\MultimodDrivers\src\</path>
         <kind>object</kind>
         <file>multimod_OPT3001.obj</file>
         <name>multimod_OPT3001.obj</name>
      </input_file>
      <input_file id="fl-f">
         <path>.\MultimodDrivers\src\</path>
         <kind>object</kind>
         <file>multimod_PCA9956b.obj</file>
         <name>multimod_PCA9956b.obj</name>
      </input_file>
      <input_file id="fl-10">
         <path>.\MultimodDrivers\src\</path>
         <kind>object</kind>
         <file>multimod_ST7789.obj</file>
         <name>multimod_ST7789.obj</name>
      </input_file>
      <input_file id="fl-11">
         <path>.\MultimodDrivers\src\</path>
         <kind>object</kind>
         <file>multimod_audioadc.obj</file>
         <name>multimod_audioadc.obj</name>
      </input_file>
      <input_file id="fl-12">
         <path>.\MultimodDrivers\src\</path>
         <kind>object</kind>
         <file>multimod_buttons.obj</file>
         <name>multimod_buttons.obj</name>
      </input_file>
      <input_file id="fl-13">
         <path>.\MultimodDrivers\src\</path>
         <kind>object</kind>
         <file>multimod_i2c.obj</file>
         <name>multimod_i2c.obj</name>
      </input_file>
      <input_file id="fl-14">
         <path>.\MultimodDrivers\src\</path>
         <kind>object</kind>
         <file>multimod_joystick.obj</file>
         <name>multimod_joystick.obj</name>
      </input_file>
      <input_file id="fl-15">
         <path>.\MultimodDrivers\src\</path>
         <kind>object</kind>
         <file>multimod_spi.obj</file>
         <name>multimod_spi.obj</name>
      </input_file>
      <input_file id="fl-16">
         <path>.\MultimodDrivers\src\</path>
         <kind>object</kind>
         <file>multimod_uart.obj</file>
         <name>multimod_uart.obj</name>
      </input_file>
      <input_file id="fl-17">
         <path>.\driverlib\</path>
         <kind>object</kind>
         <file>adc.obj</file>
         <name>adc.obj</name>
      </input_file>
      <input_file id="fl-18">
         <path>.\driverlib\</path>
         <kind>object</kind>
         <file>aes.obj</file>
         <name>aes.obj</name>
      </input_file>
      <input_file id="fl-19">
         <path>.\driverlib\</path>
         <kind>object</kind>
         <file>can.obj</file>
         <name>can.obj</name>
      </input_file>
      <input_file id="fl-1a">
         <path>.\driverlib\</path>
         <kind>object</kind>
         <file>comp.obj</file>
         <name>comp.obj</name>
      </input_file>
      <input_file id="fl-1b">
         <path>.\driverlib\</path>
         <kind>object</kind>
         <file>cpu.obj</file>
         <name>cpu.obj</name>
      </input_file>
      <input_file id="fl-1c">
         <path>.\driverlib\</path>
         <kind>object</kind>
         <file>crc.obj</file>
         <name>crc.obj</name>
      </input_file>
      <input_file id="fl-1d">
         <path>.\driverlib\</path>
         <kind>object</kind>
         <file>des.obj</file>
         <name>des.obj</name>
      </input_file>
      <input_file id="fl-1e">
         <path>.\driverlib\</path>
         <kind>object</kind>
         <file>eeprom.obj</file>
         <name>eeprom.obj</name>
      </input_file>
      <input_file id="fl-1f">
         <path>.\driverlib\</path>
         <kind>object</kind>
         <file>emac.obj</file>
         <name>emac.obj</name>
      </input_file>
      <input_file id="fl-20">
         <path>.\driverlib\</path>
         <kind>object</kind>
         <file>epi.obj</file>
         <name>epi.obj</name>
      </input_file>
      <input_file id="fl-21">
         <path>.\driverlib\</path>
         <kind>object</kind>
         <file>epi_workaround_ccs.obj</file>
         <name>epi_workaround_ccs.obj</name>
      </input_file>
      <input_file id="fl-22">
         <path>.\driverlib\</path>
         <kind>object</kind>
         <file>flash.obj</file>
         <name>flash.obj</name>
      </input_file>
      <input_file id="fl-23">
         <path>.\driverlib\</path>
         <kind>object</kind>
         <file>fpu.obj</file>
         <name>fpu.obj</name>
      </input_file>
      <input_file id="fl-24">
         <path>.\driverlib\</path>
         <kind>object</kind>
         <file>gpio.obj</file>
         <name>gpio.obj</name>
      </input_file>
      <input_file id="fl-25">
         <path>.\driverlib\</path>
         <kind>object</kind>
         <file>hibernate.obj</file>
         <name>hibernate.obj</name>
      </input_file>
      <input_file id="fl-26">
         <path>.\driverlib\</path>
         <kind>object</kind>
         <file>i2c.obj</file>
         <name>i2c.obj</name>
      </input_file>
      <input_file id="fl-27">
         <path>.\driverlib\</path>
         <kind>object</kind>
         <file>interrupt.obj</file>
         <name>interrupt.obj</name>
      </input_file>
      <input_file id="fl-28">
         <path>.\driverlib\</path>
         <kind>object</kind>
         <file>lcd.obj</file>
         <name>lcd.obj</name>
      </input_file>
      <input_file id="fl-29">
         <path>.\driverlib\</path>
         <kind>object</kind>
         <file>mpu.obj</file>
         <name>mpu.obj</name>
      </input_file>
      <input_file id="fl-2a">
         <path>.\driverlib\</path>
         <kind>object</kind>
         <file>onewire.obj</file>
         <name>onewire.obj</name>
      </input_file>
      <input_file id="fl-2b">
         <path>.\driverlib\</path>
         <kind>object</kind>
         <file>pwm.obj</file>
         <name>pwm.obj</name>
      </input_file>
      <input_file id="fl-2c">
         <path>.\driverlib\</path>
         <kind>object</kind>
         <file>qei.obj</file>
         <name>qei.obj</name>
      </input_file>
      <input_file id="fl-2d">
         <path>.\driverlib\</path>
         <kind>object</kind>
         <file>shamd5.obj</file>
         <name>shamd5.obj</name>
      </input_file>
      <input_file id="fl-2e">
         <path>.\driverlib\</path>
         <kind>object</kind>
         <file>ssi.obj</file>
         <name>ssi.obj</name>
      </input_file>
      <input_file id="fl-2f">
         <path>.\driverlib\</path>
         <kind>object</kind>
         <file>sw_crc.obj</file>
         <name>sw_crc.obj</name>
      </input_file>
      <input_file id="fl-30">
         <path>.\driverlib\</path>
         <kind>object</kind>
         <file>sysctl.obj</file>
         <name>sysctl.obj</name>
      </input_file>
      <input_file id="fl-31">
         <path>.\driverlib\</path>
         <kind>object</kind>
         <file>sysexc.obj</file>
         <name>sysexc.obj</name>
      </input_file>
      <input_file id="fl-32">
         <path>.\driverlib\</path>
         <kind>object</kind>
         <file>systick.obj</file>
         <name>systick.obj</name>
      </input_file>
      <input_file id="fl-33">
         <path>.\driverlib\</path>
         <kind>object</kind>
         <file>timer.obj</file>
         <name>timer.obj</name>
      </input_file>
      <input_file id="fl-34">
         <path>.\driverlib\</path>
         <kind>object</kind>
         <file>uart.obj</file>
         <name>uart.obj</name>
      </input_file>
      <input_file id="fl-35">
         <path>.\driverlib\</path>
         <kind>object</kind>
         <file>uartstdio.obj</file>
         <name>uartstdio.obj</name>
      </input_file>
      <input_file id="fl-36">
         <path>.\driverlib\</path>
         <kind>object</kind>
         <file>udma.obj</file>
         <name>udma.obj</name>
      </input_file>
      <input_file id="fl-37">
         <path>.\driverlib\</path>
         <kind>object</kind>
         <file>usb.obj</file>
         <name>usb.obj</name>
      </input_file>
      <input_file id="fl-38">
         <path>.\driverlib\</path>
         <kind>object</kind>
         <file>watchdog.obj</file>
         <name>watchdog.obj</name>
      </input_file>
      <input_file id="fl-40">
         <kind>object</kind>
         <file>&lt;internal&gt;</file>
         <name>&lt;internal&gt;</name>
      </input_file>
      <input_file id="fl-f6">
         <path>C:\ti\ccs1280\ccs\tools\compiler\ti-cgt-arm_20.2.7.LTS\lib\</path>
         <kind>archive</kind>
         <file>rtsv7M4_T_le_v4SPD16_eabi.lib</file>
         <name>fd_mul_t2.asm.obj</name>
      </input_file>
      <input_file id="fl-f7">
         <path>C:\ti\ccs1280\ccs\tools\compiler\ti-cgt-arm_20.2.7.LTS\lib\</path>
         <kind>archive</kind>
         <file>rtsv7M4_T_le_v4SPD16_eabi.lib</file>
         <name>fd_toi_t2.asm.obj</name>
      </input_file>
      <input_file id="fl-f8">
         <path>C:\ti\ccs1280\ccs\tools\compiler\ti-cgt-arm_20.2.7.LTS\lib\</path>
         <kind>archive</kind>
         <file>rtsv7M4_T_le_v4SPD16_eabi.lib</file>
         <name>i_tofd_t2.asm.obj</name>
      </input_file>
      <input_file id="fl-f9">
         <path>C:\ti\ccs1280\ccs\tools\compiler\ti-cgt-arm_20.2.7.LTS\lib\</path>
         <kind>archive</kind>
         <file>rtsv7M4_T_le_v4SPD16_eabi.lib</file>
         <name>u_divt2.asm.obj</name>
      </input_file>
      <input_file id="fl-fa">
         <path>C:\ti\ccs1280\ccs\tools\compiler\ti-cgt-arm_20.2.7.LTS\lib\</path>
         <kind>archive</kind>
         <file>rtsv7M4_T_le_v4SPD16_eabi.lib</file>
         <name>copy_zero_init.c.obj</name>
      </input_file>
      <input_file id="fl-fb">
         <path>C:\ti\ccs1280\ccs\tools\compiler\ti-cgt-arm_20.2.7.LTS\lib\</path>
         <kind>archive</kind>
         <file>rtsv7M4_T_le_v4SPD16_eabi.lib</file>
         <name>copy_decompress_none.c.obj</name>
      </input_file>
      <input_file id="fl-fc">
         <path>C:\ti\ccs1280\ccs\tools\compiler\ti-cgt-arm_20.2.7.LTS\lib\</path>
         <kind>archive</kind>
         <file>rtsv7M4_T_le_v4SPD16_eabi.lib</file>
         <name>copy_decompress_lzss.c.obj</name>
      </input_file>
      <input_file id="fl-fd">
         <path>C:\ti\ccs1280\ccs\tools\compiler\ti-cgt-arm_20.2.7.LTS\lib\</path>
         <kind>archive</kind>
         <file>rtsv7M4_T_le_v4SPD16_eabi.lib</file>
         <name>boot_cortex_m.c.obj</name>
      </input_file>
      <input_file id="fl-fe">
         <path>C:\ti\ccs1280\ccs\tools\compiler\ti-cgt-arm_20.2.7.LTS\lib\</path>
         <kind>archive</kind>
         <file>rtsv7M4_T_le_v4SPD16_eabi.lib</file>
         <name>div0.asm.obj</name>
      </input_file>
      <input_file id="fl-ff">
         <path>C:\ti\ccs1280\ccs\tools\compiler\ti-cgt-arm_20.2.7.LTS\lib\</path>
         <kind>archive</kind>
         <file>rtsv7M4_T_le_v4SPD16_eabi.lib</file>
         <name>memcpy_t2.asm.obj</name>
      </input_file>
      <input_file id="fl-100">
         <path>C:\ti\ccs1280\ccs\tools\compiler\ti-cgt-arm_20.2.7.LTS\lib\</path>
         <kind>archive</kind>
         <file>rtsv7M4_T_le_v4SPD16_eabi.lib</file>
         <name>memset_t2.asm.obj</name>
      </input_file>
      <input_file id="fl-101">
         <path>C:\ti\ccs1280\ccs\tools\compiler\ti-cgt-arm_20.2.7.LTS\lib\</path>
         <kind>archive</kind>
         <file>rtsv7M4_T_le_v4SPD16_eabi.lib</file>
         <name>autoinit.c.obj</name>
      </input_file>
      <input_file id="fl-102">
         <path>C:\ti\ccs1280\ccs\tools\compiler\ti-cgt-arm_20.2.7.LTS\lib\</path>
         <kind>archive</kind>
         <file>rtsv7M4_T_le_v4SPD16_eabi.lib</file>
         <name>pre_init.c.obj</name>
      </input_file>
      <input_file id="fl-103">
         <path>C:\ti\ccs1280\ccs\tools\compiler\ti-cgt-arm_20.2.7.LTS\lib\</path>
         <kind>archive</kind>
         <file>rtsv7M4_T_le_v4SPD16_eabi.lib</file>
         <name>cpy_tbl.c.obj</name>
      </input_file>
      <input_file id="fl-104">
         <path>C:\ti\ccs1280\ccs\tools\compiler\ti-cgt-arm_20.2.7.LTS\lib\</path>
         <kind>archive</kind>
         <file>rtsv7M4_T_le_v4SPD16_eabi.lib</file>
         <name>exit.c.obj</name>
      </input_file>
      <input_file id="fl-105">
         <path>C:\ti\ccs1280\ccs\tools\compiler\ti-cgt-arm_20.2.7.LTS\lib\</path>
         <kind>archive</kind>
         <file>rtsv7M4_T_le_v4SPD16_eabi.lib</file>
         <name>_lock.c.obj</name>
      </input_file>
      <input_file id="fl-106">
         <path>C:\ti\ccs1280\ccs\tools\compiler\ti-cgt-arm_20.2.7.LTS\lib\</path>
         <kind>archive</kind>
         <file>rtsv7M4_T_le_v4SPD16_eabi.lib</file>
         <name>args_main.c.obj</name>
      </input_file>
   </input_file_list>
   <object_component_list>
      <object_component id="oc-12">
         <name>.intvecs</name>
         <load_address>0x0</load_address>
         <run_address>0x0</run_address>
         <size>0x26c</size>
         <input_file_ref idref="fl-3"/>
      </object_component>
      <object_component id="oc-116">
         <name>.text</name>
         <load_address>0x26c</load_address>
         <run_address>0x26c</run_address>
         <size>0xf80</size>
         <input_file_ref idref="fl-30"/>
      </object_component>
      <object_component id="oc-105">
         <name>.text</name>
         <load_address>0x11ec</load_address>
         <run_address>0x11ec</run_address>
         <size>0xc14</size>
         <input_file_ref idref="fl-24"/>
      </object_component>
      <object_component id="oc-c9">
         <name>.text</name>
         <load_address>0x1e00</load_address>
         <run_address>0x1e00</run_address>
         <size>0x8b0</size>
         <input_file_ref idref="fl-10"/>
      </object_component>
      <object_component id="oc-1b5">
         <name>.text</name>
         <load_address>0x26b0</load_address>
         <run_address>0x26b0</run_address>
         <size>0x840</size>
         <input_file_ref idref="fl-17"/>
      </object_component>
      <object_component id="oc-25c">
         <name>.text</name>
         <load_address>0x2ef0</load_address>
         <run_address>0x2ef0</run_address>
         <size>0x6f8</size>
         <input_file_ref idref="fl-26"/>
      </object_component>
      <object_component id="oc-ff">
         <name>.text</name>
         <load_address>0x35e8</load_address>
         <run_address>0x35e8</run_address>
         <size>0x6f0</size>
         <input_file_ref idref="fl-6"/>
      </object_component>
      <object_component id="oc-f3">
         <name>.text</name>
         <load_address>0x3cd8</load_address>
         <run_address>0x3cd8</run_address>
         <size>0x62e</size>
         <input_file_ref idref="fl-34"/>
      </object_component>
      <object_component id="oc-2b3">
         <name>.text</name>
         <load_address>0x4306</load_address>
         <run_address>0x4306</run_address>
         <size>0x2</size>
         <input_file_ref idref="fl-fe"/>
      </object_component>
      <object_component id="oc-9b">
         <name>.text</name>
         <load_address>0x4308</load_address>
         <run_address>0x4308</run_address>
         <size>0x500</size>
         <input_file_ref idref="fl-2"/>
      </object_component>
      <object_component id="oc-10b">
         <name>.text</name>
         <load_address>0x4808</load_address>
         <run_address>0x4808</run_address>
         <size>0x4a8</size>
         <input_file_ref idref="fl-35"/>
      </object_component>
      <object_component id="oc-1ac">
         <name>.text</name>
         <load_address>0x4cb0</load_address>
         <run_address>0x4cb0</run_address>
         <size>0x3c0</size>
         <input_file_ref idref="fl-27"/>
      </object_component>
      <object_component id="oc-24b">
         <name>.text</name>
         <load_address>0x5070</load_address>
         <run_address>0x5070</run_address>
         <size>0x362</size>
         <input_file_ref idref="fl-2e"/>
      </object_component>
      <object_component id="oc-cf">
         <name>.text</name>
         <load_address>0x53d4</load_address>
         <run_address>0x53d4</run_address>
         <size>0x2fc</size>
         <input_file_ref idref="fl-b"/>
      </object_component>
      <object_component id="oc-191">
         <name>.text</name>
         <load_address>0x56d0</load_address>
         <run_address>0x56d0</run_address>
         <size>0x214</size>
         <input_file_ref idref="fl-13"/>
      </object_component>
      <object_component id="oc-17d">
         <name>.text</name>
         <load_address>0x58e4</load_address>
         <run_address>0x58e4</run_address>
         <size>0x18c</size>
         <input_file_ref idref="fl-15"/>
      </object_component>
      <object_component id="oc-d5">
         <name>.text</name>
         <load_address>0x5a70</load_address>
         <run_address>0x5a70</run_address>
         <size>0x128</size>
         <input_file_ref idref="fl-e"/>
      </object_component>
      <object_component id="oc-ed">
         <name>.text</name>
         <load_address>0x5b98</load_address>
         <run_address>0x5b98</run_address>
         <size>0x10c</size>
         <input_file_ref idref="fl-14"/>
      </object_component>
      <object_component id="oc-19e">
         <name>.text</name>
         <load_address>0x5ca4</load_address>
         <run_address>0x5ca4</run_address>
         <size>0xfc</size>
         <input_file_ref idref="fl-f6"/>
      </object_component>
      <object_component id="oc-f9">
         <name>.text</name>
         <load_address>0x5da0</load_address>
         <run_address>0x5da0</run_address>
         <size>0xb0</size>
         <input_file_ref idref="fl-8"/>
      </object_component>
      <object_component id="oc-3b">
         <name>.text</name>
         <load_address>0x5e50</load_address>
         <run_address>0x5e50</run_address>
         <size>0x9c</size>
         <input_file_ref idref="fl-ff"/>
      </object_component>
      <object_component id="oc-e1">
         <name>.text</name>
         <load_address>0x5eec</load_address>
         <run_address>0x5eec</run_address>
         <size>0x8c</size>
         <input_file_ref idref="fl-9"/>
      </object_component>
      <object_component id="oc-1d6">
         <name>.text</name>
         <load_address>0x5f78</load_address>
         <run_address>0x5f78</run_address>
         <size>0x88</size>
         <input_file_ref idref="fl-32"/>
      </object_component>
      <object_component id="oc-8f">
         <name>.text</name>
         <load_address>0x6000</load_address>
         <run_address>0x6000</run_address>
         <size>0x7a</size>
         <input_file_ref idref="fl-100"/>
      </object_component>
      <object_component id="oc-15">
         <name>.text:decompress:lzss:__TI_decompress_lzss</name>
         <load_address>0x607a</load_address>
         <run_address>0x607a</run_address>
         <size>0x68</size>
         <input_file_ref idref="fl-fc"/>
      </object_component>
      <object_component id="oc-db">
         <name>.text</name>
         <load_address>0x60e4</load_address>
         <run_address>0x60e4</run_address>
         <size>0x68</size>
         <input_file_ref idref="fl-16"/>
      </object_component>
      <object_component id="oc-e7">
         <name>.text</name>
         <load_address>0x614c</load_address>
         <run_address>0x614c</run_address>
         <size>0x60</size>
         <input_file_ref idref="fl-12"/>
      </object_component>
      <object_component id="oc-1dc">
         <name>.text</name>
         <load_address>0x61ac</load_address>
         <run_address>0x61ac</run_address>
         <size>0x5c</size>
         <input_file_ref idref="fl-7"/>
      </object_component>
      <object_component id="oc-1a3">
         <name>.text</name>
         <load_address>0x6208</load_address>
         <run_address>0x6208</run_address>
         <size>0x48</size>
         <input_file_ref idref="fl-f7"/>
      </object_component>
      <object_component id="oc-130">
         <name>.text:__TI_auto_init_nobinit_nopinit:__TI_auto_init_nobinit_nopinit</name>
         <load_address>0x6250</load_address>
         <run_address>0x6250</run_address>
         <size>0x44</size>
         <input_file_ref idref="fl-101"/>
      </object_component>
      <object_component id="oc-206">
         <name>.text</name>
         <load_address>0x6294</load_address>
         <run_address>0x6294</run_address>
         <size>0x40</size>
         <input_file_ref idref="fl-f9"/>
      </object_component>
      <object_component id="oc-21a">
         <name>.text</name>
         <load_address>0x62d4</load_address>
         <run_address>0x62d4</run_address>
         <size>0x3e</size>
         <input_file_ref idref="fl-1b"/>
      </object_component>
      <object_component id="oc-59">
         <name>.text:_c_int00_noargs:_c_int00_noargs</name>
         <load_address>0x6314</load_address>
         <run_address>0x6314</run_address>
         <size>0x34</size>
         <input_file_ref idref="fl-fd"/>
      </object_component>
      <object_component id="oc-199">
         <name>.text</name>
         <load_address>0x6348</load_address>
         <run_address>0x6348</run_address>
         <size>0x2e</size>
         <input_file_ref idref="fl-f8"/>
      </object_component>
      <object_component id="oc-1ca">
         <name>.text</name>
         <load_address>0x6376</load_address>
         <run_address>0x6376</run_address>
         <size>0xe</size>
         <input_file_ref idref="fl-4"/>
      </object_component>
      <object_component id="oc-1b">
         <name>.text:decompress:none:__TI_decompress_none</name>
         <load_address>0x6384</load_address>
         <run_address>0x6384</run_address>
         <size>0xe</size>
         <input_file_ref idref="fl-fb"/>
      </object_component>
      <object_component id="oc-4d">
         <name>.text:decompress:ZI:__TI_zero_init</name>
         <load_address>0x6392</load_address>
         <run_address>0x6392</run_address>
         <size>0xc</size>
         <input_file_ref idref="fl-fa"/>
      </object_component>
      <object_component id="oc-27">
         <name>.text</name>
         <load_address>0x639e</load_address>
         <run_address>0x639e</run_address>
         <size>0xc</size>
         <input_file_ref idref="fl-3"/>
      </object_component>
      <object_component id="oc-183">
         <name>.text:SysCtlDelay</name>
         <load_address>0x63aa</load_address>
         <run_address>0x63aa</run_address>
         <size>0x6</size>
         <input_file_ref idref="fl-30"/>
      </object_component>
      <object_component id="oc-95">
         <name>.text:_system_pre_init</name>
         <load_address>0x63b0</load_address>
         <run_address>0x63b0</run_address>
         <size>0x4</size>
         <input_file_ref idref="fl-102"/>
      </object_component>
      <object_component id="oc-124">
         <name>.text:abort:abort</name>
         <load_address>0x63b4</load_address>
         <run_address>0x63b4</run_address>
         <size>0x4</size>
         <input_file_ref idref="fl-104"/>
      </object_component>
      <object_component id="oc-226">
         <name>.const:g_pppui32XTALtoVCO</name>
         <load_address>0x63b8</load_address>
         <run_address>0x63b8</run_address>
         <size>0x1b0</size>
         <input_file_ref idref="fl-30"/>
      </object_component>
      <object_component id="oc-1f5">
         <name>.const:g_ppui32GPIOIntMapSnowflake</name>
         <load_address>0x6568</load_address>
         <run_address>0x6568</run_address>
         <size>0xd8</size>
         <input_file_ref idref="fl-24"/>
      </object_component>
      <object_component id="oc-1f2">
         <name>.const:g_ppui32GPIOIntMapBlizzard</name>
         <load_address>0x6640</load_address>
         <run_address>0x6640</run_address>
         <size>0xc0</size>
         <input_file_ref idref="fl-24"/>
      </object_component>
      <object_component id="oc-273">
         <name>.const:g_pui32Regs</name>
         <load_address>0x6700</load_address>
         <run_address>0x6700</run_address>
         <size>0x9c</size>
         <input_file_ref idref="fl-27"/>
      </object_component>
      <object_component id="oc-1f8">
         <name>.const:g_pui32GPIOBaseAddrs</name>
         <load_address>0x679c</load_address>
         <run_address>0x679c</run_address>
         <size>0x90</size>
         <input_file_ref idref="fl-24"/>
      </object_component>
      <object_component id="oc-220">
         <name>.const:g_pui32Xtals</name>
         <load_address>0x682c</load_address>
         <run_address>0x682c</run_address>
         <size>0x6c</size>
         <input_file_ref idref="fl-30"/>
      </object_component>
      <object_component id="oc-2fd">
         <name>.const:g_ppui32I2CIntMapSnowflake</name>
         <load_address>0x6898</load_address>
         <run_address>0x6898</run_address>
         <size>0x50</size>
         <input_file_ref idref="fl-26"/>
      </object_component>
      <object_component id="oc-1bd">
         <name>.const:g_ppui32UARTIntMap</name>
         <load_address>0x68e8</load_address>
         <run_address>0x68e8</run_address>
         <size>0x40</size>
         <input_file_ref idref="fl-34"/>
      </object_component>
      <object_component id="oc-1c0">
         <name>.const:g_ppui32UARTIntMapSnowflake</name>
         <load_address>0x6928</load_address>
         <run_address>0x6928</run_address>
         <size>0x40</size>
         <input_file_ref idref="fl-34"/>
      </object_component>
      <object_component id="oc-2fa">
         <name>.const:g_ppui32I2CIntMap</name>
         <load_address>0x6968</load_address>
         <run_address>0x6968</run_address>
         <size>0x30</size>
         <input_file_ref idref="fl-26"/>
      </object_component>
      <object_component id="oc-217">
         <name>.const:g_sXTALtoMEMTIM</name>
         <load_address>0x6998</load_address>
         <run_address>0x6998</run_address>
         <size>0x30</size>
         <input_file_ref idref="fl-30"/>
      </object_component>
      <object_component id="oc-2ee">
         <name>.const:g_ppui32SSIIntMap</name>
         <load_address>0x69c8</load_address>
         <run_address>0x69c8</run_address>
         <size>0x20</size>
         <input_file_ref idref="fl-2e"/>
      </object_component>
      <object_component id="oc-2f1">
         <name>.const:g_ppui32SSIIntMapSnowflake</name>
         <load_address>0x69e8</load_address>
         <run_address>0x69e8</run_address>
         <size>0x20</size>
         <input_file_ref idref="fl-2e"/>
      </object_component>
      <object_component id="oc-270">
         <name>.const:g_pui32Priority</name>
         <load_address>0x6a08</load_address>
         <run_address>0x6a08</run_address>
         <size>0x20</size>
         <input_file_ref idref="fl-27"/>
      </object_component>
      <object_component id="oc-279">
         <name>.const:g_pui32Dii16Regs</name>
         <load_address>0x6a28</load_address>
         <run_address>0x6a28</run_address>
         <size>0x14</size>
         <input_file_ref idref="fl-27"/>
      </object_component>
      <object_component id="oc-276">
         <name>.const:g_pui32EnRegs</name>
         <load_address>0x6a3c</load_address>
         <run_address>0x6a3c</run_address>
         <size>0x14</size>
         <input_file_ref idref="fl-27"/>
      </object_component>
      <object_component id="oc-27c">
         <name>.const:g_pui32PendRegs</name>
         <load_address>0x6a50</load_address>
         <run_address>0x6a50</run_address>
         <size>0x14</size>
         <input_file_ref idref="fl-27"/>
      </object_component>
      <object_component id="oc-27f">
         <name>.const:g_pui32UnpendRegs</name>
         <load_address>0x6a64</load_address>
         <run_address>0x6a64</run_address>
         <size>0x14</size>
         <input_file_ref idref="fl-27"/>
      </object_component>
      <object_component id="oc-2b9">
         <name>.const:.string</name>
         <load_address>0x6a78</load_address>
         <run_address>0x6a78</run_address>
         <size>0x12</size>
         <input_file_ref idref="fl-35"/>
      </object_component>
      <object_component id="oc-203">
         <name>.const:g_ui32UARTBase</name>
         <load_address>0x6a8c</load_address>
         <run_address>0x6a8c</run_address>
         <size>0xc</size>
         <input_file_ref idref="fl-35"/>
      </object_component>
      <object_component id="oc-1fd">
         <name>.const:g_ui32UARTPeriph</name>
         <load_address>0x6a98</load_address>
         <run_address>0x6a98</run_address>
         <size>0xc</size>
         <input_file_ref idref="fl-35"/>
      </object_component>
      <object_component id="oc-223">
         <name>.const:g_pui32VCOFrequencies</name>
         <load_address>0x6aa4</load_address>
         <run_address>0x6aa4</run_address>
         <size>0x8</size>
         <input_file_ref idref="fl-30"/>
      </object_component>
      <object_component id="oc-20b">
         <name>.const</name>
         <load_address>0x6aac</load_address>
         <run_address>0x6aac</run_address>
         <size>0x4</size>
         <input_file_ref idref="fl-35"/>
      </object_component>
      <object_component id="oc-362">
         <name>.cinit..data.load</name>
         <load_address>0x6ab0</load_address>
         <run_address>0x6ab0</run_address>
         <size>0xa2b</size>
      </object_component>
      <object_component id="oc-35f">
         <name>__TI_handler_table</name>
         <load_address>0x74dc</load_address>
         <run_address>0x74dc</run_address>
         <size>0xc</size>
      </object_component>
      <object_component id="oc-363">
         <name>.cinit..bss.load</name>
         <load_address>0x74e8</load_address>
         <run_address>0x74e8</run_address>
         <size>0x8</size>
      </object_component>
      <object_component id="oc-361">
         <name>.cinit..vtable.load</name>
         <load_address>0x74f0</load_address>
         <run_address>0x74f0</run_address>
         <size>0x8</size>
      </object_component>
      <object_component id="oc-360">
         <name>__TI_cinit_table</name>
         <load_address>0x74f8</load_address>
         <run_address>0x74f8</run_address>
         <size>0x18</size>
      </object_component>
      <object_component id="oc-26d">
         <name>.vtable</name>
         <uninitialized>true</uninitialized>
         <run_address>0x20000000</run_address>
         <size>0x26c</size>
         <input_file_ref idref="fl-27"/>
      </object_component>
      <object_component id="oc-111">
         <name>.data</name>
         <load_address>0x20004790</load_address>
         <run_address>0x20004790</run_address>
         <size>0x10</size>
         <input_file_ref idref="fl-2"/>
      </object_component>
      <object_component id="oc-1eb">
         <name>.data</name>
         <load_address>0x200047a8</load_address>
         <run_address>0x200047a8</run_address>
         <size>0x4</size>
         <input_file_ref idref="fl-6"/>
      </object_component>
      <object_component id="oc-184">
         <name>.data:sff</name>
         <load_address>0x200038ea</load_address>
         <run_address>0x200038ea</run_address>
         <size>0x4e2</size>
         <input_file_ref idref="fl-10"/>
      </object_component>
      <object_component id="oc-187">
         <name>.data:sfb</name>
         <load_address>0x20003408</load_address>
         <run_address>0x20003408</run_address>
         <size>0x4e2</size>
         <input_file_ref idref="fl-10"/>
      </object_component>
      <object_component id="oc-18a">
         <name>.data:sfr</name>
         <load_address>0x200042ae</load_address>
         <run_address>0x200042ae</run_address>
         <size>0x4e2</size>
         <input_file_ref idref="fl-10"/>
      </object_component>
      <object_component id="oc-18d">
         <name>.data:sfl</name>
         <load_address>0x20003dcc</load_address>
         <run_address>0x20003dcc</run_address>
         <size>0x4e2</size>
         <input_file_ref idref="fl-10"/>
      </object_component>
      <object_component id="oc-200">
         <name>.data</name>
         <load_address>0x200047a0</load_address>
         <run_address>0x200047a0</run_address>
         <size>0x5</size>
         <input_file_ref idref="fl-35"/>
      </object_component>
      <object_component id="oc-1e8">
         <name>.bss:threadControlBlocks</name>
         <uninitialized>true</uninitialized>
         <run_address>0x2000326c</run_address>
         <size>0x108</size>
         <input_file_ref idref="fl-6"/>
      </object_component>
      <object_component id="oc-1ee">
         <name>.bss:threadStacks</name>
         <uninitialized>true</uninitialized>
         <run_address>0x2000026c</run_address>
         <size>0x3000</size>
         <input_file_ref idref="fl-6"/>
      </object_component>
      <object_component id="oc-1e5">
         <name>.bss:pthreadControlBlocks</name>
         <uninitialized>true</uninitialized>
         <run_address>0x20003374</run_address>
         <size>0x60</size>
         <input_file_ref idref="fl-6"/>
      </object_component>
      <object_component id="oc-1e2">
         <name>.bss</name>
         <uninitialized>true</uninitialized>
         <run_address>0x200033e0</run_address>
         <size>0x8</size>
         <input_file_ref idref="fl-6"/>
      </object_component>
      <object_component id="oc-286">
         <name>.bss:g_pui8OversampleFactor</name>
         <uninitialized>true</uninitialized>
         <run_address>0x200033e8</run_address>
         <size>0x8</size>
         <input_file_ref idref="fl-17"/>
      </object_component>
      <object_component id="oc-1cf">
         <name>.common:IBit_State</name>
         <uninitialized>true</uninitialized>
         <run_address>0x200033f4</run_address>
         <size>0x4</size>
      </object_component>
      <object_component id="oc-115">
         <name>.common:sw_semaphore</name>
         <uninitialized>true</uninitialized>
         <run_address>0x20003404</run_address>
         <size>0x4</size>
      </object_component>
      <object_component id="oc-114">
         <name>.common:joystick_semaphore</name>
         <uninitialized>true</uninitialized>
         <run_address>0x200033fc</run_address>
         <size>0x4</size>
      </object_component>
      <object_component id="oc-11d">
         <name>.common:spi_semaphore</name>
         <uninitialized>true</uninitialized>
         <run_address>0x20003400</run_address>
         <size>0x4</size>
      </object_component>
      <object_component id="oc-11c">
         <name>.common:to_send_s</name>
         <uninitialized>true</uninitialized>
         <run_address>0x200033d4</run_address>
         <size>0xc</size>
      </object_component>
      <object_component id="oc-1e1">
         <name>.common:SystemTime</name>
         <uninitialized>true</uninitialized>
         <run_address>0x200033f8</run_address>
         <size>0x4</size>
      </object_component>
      <object_component id="oc-1d4">
         <name>.common:CurrentlyRunningThread</name>
         <uninitialized>true</uninitialized>
         <run_address>0x200033f0</run_address>
         <size>0x4</size>
      </object_component>
      <object_component id="oc-24">
         <name>.stack</name>
         <uninitialized>true</uninitialized>
         <run_address>0x200047b0</run_address>
         <size>0x4</size>
         <input_file_ref idref="fl-fd"/>
      </object_component>
      <object_component id="oc-365">
         <name>.stack</name>
         <uninitialized>true</uninitialized>
         <run_address>0x200047b0</run_address>
         <size>0x0</size>
      </object_component>
      <object_component id="oc-b7">
         <name>.debug_info</name>
         <load_address>0x0</load_address>
         <run_address>0x0</run_address>
         <size>0xb51</size>
         <input_file_ref idref="fl-2"/>
      </object_component>
      <object_component id="oc-112">
         <name>.debug_info</name>
         <load_address>0xb51</load_address>
         <run_address>0xb51</run_address>
         <size>0x1e0</size>
         <input_file_ref idref="fl-2"/>
      </object_component>
      <object_component id="oc-9c">
         <name>.debug_info</name>
         <load_address>0xd31</load_address>
         <run_address>0xd31</run_address>
         <size>0xbbf</size>
         <input_file_ref idref="fl-2"/>
      </object_component>
      <object_component id="oc-178">
         <name>.debug_info</name>
         <load_address>0x18f0</load_address>
         <run_address>0x18f0</run_address>
         <size>0x7e</size>
         <input_file_ref idref="fl-2"/>
      </object_component>
      <object_component id="oc-11f">
         <name>.debug_info</name>
         <load_address>0x196e</load_address>
         <run_address>0x196e</run_address>
         <size>0xfe</size>
         <input_file_ref idref="fl-2"/>
      </object_component>
      <object_component id="oc-164">
         <name>.debug_info</name>
         <load_address>0x1a6c</load_address>
         <run_address>0x1a6c</run_address>
         <size>0x141</size>
         <input_file_ref idref="fl-2"/>
      </object_component>
      <object_component id="oc-70">
         <name>.debug_info</name>
         <load_address>0x1bad</load_address>
         <run_address>0x1bad</run_address>
         <size>0x26b</size>
         <input_file_ref idref="fl-2"/>
      </object_component>
      <object_component id="oc-b2">
         <name>.debug_info</name>
         <load_address>0x1e18</load_address>
         <run_address>0x1e18</run_address>
         <size>0x8b</size>
         <input_file_ref idref="fl-2"/>
      </object_component>
      <object_component id="oc-ad">
         <name>.debug_info</name>
         <load_address>0x1ea3</load_address>
         <run_address>0x1ea3</run_address>
         <size>0x2a4</size>
         <input_file_ref idref="fl-2"/>
      </object_component>
      <object_component id="oc-1c4">
         <name>.debug_info</name>
         <load_address>0x2147</load_address>
         <run_address>0x2147</run_address>
         <size>0xef</size>
         <input_file_ref idref="fl-2"/>
      </object_component>
      <object_component id="oc-75">
         <name>.debug_info</name>
         <load_address>0x2236</load_address>
         <run_address>0x2236</run_address>
         <size>0xbb</size>
         <input_file_ref idref="fl-2"/>
      </object_component>
      <object_component id="oc-169">
         <name>.debug_info</name>
         <load_address>0x22f1</load_address>
         <run_address>0x22f1</run_address>
         <size>0x2c</size>
         <input_file_ref idref="fl-2"/>
      </object_component>
      <object_component id="oc-173">
         <name>.debug_info</name>
         <load_address>0x231d</load_address>
         <run_address>0x231d</run_address>
         <size>0x1a2</size>
         <input_file_ref idref="fl-2"/>
      </object_component>
      <object_component id="oc-210">
         <name>.debug_info</name>
         <load_address>0x24bf</load_address>
         <run_address>0x24bf</run_address>
         <size>0x2c</size>
         <input_file_ref idref="fl-2"/>
      </object_component>
      <object_component id="oc-16e">
         <name>.debug_info</name>
         <load_address>0x24eb</load_address>
         <run_address>0x24eb</run_address>
         <size>0x35</size>
         <input_file_ref idref="fl-2"/>
      </object_component>
      <object_component id="oc-2f">
         <name>.debug_info</name>
         <load_address>0x2520</load_address>
         <run_address>0x2520</run_address>
         <size>0x2a9</size>
         <input_file_ref idref="fl-3"/>
      </object_component>
      <object_component id="oc-13">
         <name>.debug_info</name>
         <load_address>0x27c9</load_address>
         <run_address>0x27c9</run_address>
         <size>0xe8</size>
         <input_file_ref idref="fl-3"/>
      </object_component>
      <object_component id="oc-28">
         <name>.debug_info</name>
         <load_address>0x28b1</load_address>
         <run_address>0x28b1</run_address>
         <size>0x264</size>
         <input_file_ref idref="fl-3"/>
      </object_component>
      <object_component id="oc-36">
         <name>.debug_info</name>
         <load_address>0x2b15</load_address>
         <run_address>0x2b15</run_address>
         <size>0x84</size>
         <input_file_ref idref="fl-3"/>
      </object_component>
      <object_component id="oc-1cb">
         <name>.debug_info</name>
         <load_address>0x2b99</load_address>
         <run_address>0x2b99</run_address>
         <size>0x148</size>
         <input_file_ref idref="fl-4"/>
      </object_component>
      <object_component id="oc-1d0">
         <name>.debug_info</name>
         <load_address>0x2ce1</load_address>
         <run_address>0x2ce1</run_address>
         <size>0x57b</size>
         <input_file_ref idref="fl-6"/>
      </object_component>
      <object_component id="oc-1e9">
         <name>.debug_info</name>
         <load_address>0x325c</load_address>
         <run_address>0x325c</run_address>
         <size>0xf8</size>
         <input_file_ref idref="fl-6"/>
      </object_component>
      <object_component id="oc-1ef">
         <name>.debug_info</name>
         <load_address>0x3354</load_address>
         <run_address>0x3354</run_address>
         <size>0xea</size>
         <input_file_ref idref="fl-6"/>
      </object_component>
      <object_component id="oc-1e6">
         <name>.debug_info</name>
         <load_address>0x343e</load_address>
         <run_address>0x343e</run_address>
         <size>0xfa</size>
         <input_file_ref idref="fl-6"/>
      </object_component>
      <object_component id="oc-1e3">
         <name>.debug_info</name>
         <load_address>0x3538</load_address>
         <run_address>0x3538</run_address>
         <size>0x120</size>
         <input_file_ref idref="fl-6"/>
      </object_component>
      <object_component id="oc-1ec">
         <name>.debug_info</name>
         <load_address>0x3658</load_address>
         <run_address>0x3658</run_address>
         <size>0xec</size>
         <input_file_ref idref="fl-6"/>
      </object_component>
      <object_component id="oc-103">
         <name>.debug_info</name>
         <load_address>0x3744</load_address>
         <run_address>0x3744</run_address>
         <size>0xe48</size>
         <input_file_ref idref="fl-6"/>
      </object_component>
      <object_component id="oc-1dd">
         <name>.debug_info</name>
         <load_address>0x458c</load_address>
         <run_address>0x458c</run_address>
         <size>0x144</size>
         <input_file_ref idref="fl-7"/>
      </object_component>
      <object_component id="oc-1d2">
         <name>.debug_info</name>
         <load_address>0x46d0</load_address>
         <run_address>0x46d0</run_address>
         <size>0x36a</size>
         <input_file_ref idref="fl-8"/>
      </object_component>
      <object_component id="oc-fb">
         <name>.debug_info</name>
         <load_address>0x4a3a</load_address>
         <run_address>0x4a3a</run_address>
         <size>0x3e9</size>
         <input_file_ref idref="fl-8"/>
      </object_component>
      <object_component id="oc-1b3">
         <name>.debug_info</name>
         <load_address>0x4e23</load_address>
         <run_address>0x4e23</run_address>
         <size>0x414</size>
         <input_file_ref idref="fl-9"/>
      </object_component>
      <object_component id="oc-e5">
         <name>.debug_info</name>
         <load_address>0x5237</load_address>
         <run_address>0x5237</run_address>
         <size>0x29a</size>
         <input_file_ref idref="fl-9"/>
      </object_component>
      <object_component id="oc-198">
         <name>.debug_info</name>
         <load_address>0x54d1</load_address>
         <run_address>0x54d1</run_address>
         <size>0x3de</size>
         <input_file_ref idref="fl-b"/>
      </object_component>
      <object_component id="oc-d2">
         <name>.debug_info</name>
         <load_address>0x58af</load_address>
         <run_address>0x58af</run_address>
         <size>0x1194</size>
         <input_file_ref idref="fl-b"/>
      </object_component>
      <object_component id="oc-1a9">
         <name>.debug_info</name>
         <load_address>0x6a43</load_address>
         <run_address>0x6a43</run_address>
         <size>0x379</size>
         <input_file_ref idref="fl-e"/>
      </object_component>
      <object_component id="oc-d6">
         <name>.debug_info</name>
         <load_address>0x6dbc</load_address>
         <run_address>0x6dbc</run_address>
         <size>0x79c</size>
         <input_file_ref idref="fl-e"/>
      </object_component>
      <object_component id="oc-255">
         <name>.debug_info</name>
         <load_address>0x7558</load_address>
         <run_address>0x7558</run_address>
         <size>0x424</size>
         <input_file_ref idref="fl-10"/>
      </object_component>
      <object_component id="oc-185">
         <name>.debug_info</name>
         <load_address>0x797c</load_address>
         <run_address>0x797c</run_address>
         <size>0xe1</size>
         <input_file_ref idref="fl-10"/>
      </object_component>
      <object_component id="oc-188">
         <name>.debug_info</name>
         <load_address>0x7a5d</load_address>
         <run_address>0x7a5d</run_address>
         <size>0xe1</size>
         <input_file_ref idref="fl-10"/>
      </object_component>
      <object_component id="oc-18b">
         <name>.debug_info</name>
         <load_address>0x7b3e</load_address>
         <run_address>0x7b3e</run_address>
         <size>0xe1</size>
         <input_file_ref idref="fl-10"/>
      </object_component>
      <object_component id="oc-18e">
         <name>.debug_info</name>
         <load_address>0x7c1f</load_address>
         <run_address>0x7c1f</run_address>
         <size>0xe1</size>
         <input_file_ref idref="fl-10"/>
      </object_component>
      <object_component id="oc-cc">
         <name>.debug_info</name>
         <load_address>0x7d00</load_address>
         <run_address>0x7d00</run_address>
         <size>0x1c1f</size>
         <input_file_ref idref="fl-10"/>
      </object_component>
      <object_component id="oc-eb">
         <name>.debug_info</name>
         <load_address>0x991f</load_address>
         <run_address>0x991f</run_address>
         <size>0x2e2</size>
         <input_file_ref idref="fl-12"/>
      </object_component>
      <object_component id="oc-263">
         <name>.debug_info</name>
         <load_address>0x9c01</load_address>
         <run_address>0x9c01</run_address>
         <size>0x4e1</size>
         <input_file_ref idref="fl-13"/>
      </object_component>
      <object_component id="oc-193">
         <name>.debug_info</name>
         <load_address>0xa0e2</load_address>
         <run_address>0xa0e2</run_address>
         <size>0x940</size>
         <input_file_ref idref="fl-13"/>
      </object_component>
      <object_component id="oc-1bc">
         <name>.debug_info</name>
         <load_address>0xaa22</load_address>
         <run_address>0xaa22</run_address>
         <size>0x618</size>
         <input_file_ref idref="fl-14"/>
      </object_component>
      <object_component id="oc-ef">
         <name>.debug_info</name>
         <load_address>0xb03a</load_address>
         <run_address>0xb03a</run_address>
         <size>0x6b6</size>
         <input_file_ref idref="fl-14"/>
      </object_component>
      <object_component id="oc-252">
         <name>.debug_info</name>
         <load_address>0xb6f0</load_address>
         <run_address>0xb6f0</run_address>
         <size>0x492</size>
         <input_file_ref idref="fl-15"/>
      </object_component>
      <object_component id="oc-17e">
         <name>.debug_info</name>
         <load_address>0xbb82</load_address>
         <run_address>0xbb82</run_address>
         <size>0x6e6</size>
         <input_file_ref idref="fl-15"/>
      </object_component>
      <object_component id="oc-1ab">
         <name>.debug_info</name>
         <load_address>0xc268</load_address>
         <run_address>0xc268</run_address>
         <size>0x38b</size>
         <input_file_ref idref="fl-16"/>
      </object_component>
      <object_component id="oc-dc">
         <name>.debug_info</name>
         <load_address>0xc5f3</load_address>
         <run_address>0xc5f3</run_address>
         <size>0x257</size>
         <input_file_ref idref="fl-16"/>
      </object_component>
      <object_component id="oc-28a">
         <name>.debug_info</name>
         <load_address>0xc84a</load_address>
         <run_address>0xc84a</run_address>
         <size>0x32f</size>
         <input_file_ref idref="fl-17"/>
      </object_component>
      <object_component id="oc-287">
         <name>.debug_info</name>
         <load_address>0xcb79</load_address>
         <run_address>0xcb79</run_address>
         <size>0xf0</size>
         <input_file_ref idref="fl-17"/>
      </object_component>
      <object_component id="oc-1b8">
         <name>.debug_info</name>
         <load_address>0xcc69</load_address>
         <run_address>0xcc69</run_address>
         <size>0x2b44</size>
         <input_file_ref idref="fl-17"/>
      </object_component>
      <object_component id="oc-21b">
         <name>.debug_info</name>
         <load_address>0xf7ad</load_address>
         <run_address>0xf7ad</run_address>
         <size>0x335</size>
         <input_file_ref idref="fl-1b"/>
      </object_component>
      <object_component id="oc-1fc">
         <name>.debug_info</name>
         <load_address>0xfae2</load_address>
         <run_address>0xfae2</run_address>
         <size>0x359</size>
         <input_file_ref idref="fl-24"/>
      </object_component>
      <object_component id="oc-1f3">
         <name>.debug_info</name>
         <load_address>0xfe3b</load_address>
         <run_address>0xfe3b</run_address>
         <size>0xf9</size>
         <input_file_ref idref="fl-24"/>
      </object_component>
      <object_component id="oc-1f6">
         <name>.debug_info</name>
         <load_address>0xff34</load_address>
         <run_address>0xff34</run_address>
         <size>0xfb</size>
         <input_file_ref idref="fl-24"/>
      </object_component>
      <object_component id="oc-1f9">
         <name>.debug_info</name>
         <load_address>0x1002f</load_address>
         <run_address>0x1002f</run_address>
         <size>0xed</size>
         <input_file_ref idref="fl-24"/>
      </object_component>
      <object_component id="oc-107">
         <name>.debug_info</name>
         <load_address>0x1011c</load_address>
         <run_address>0x1011c</run_address>
         <size>0x31e2</size>
         <input_file_ref idref="fl-24"/>
      </object_component>
      <object_component id="oc-301">
         <name>.debug_info</name>
         <load_address>0x132fe</load_address>
         <run_address>0x132fe</run_address>
         <size>0x34a</size>
         <input_file_ref idref="fl-26"/>
      </object_component>
      <object_component id="oc-2fb">
         <name>.debug_info</name>
         <load_address>0x13648</load_address>
         <run_address>0x13648</run_address>
         <size>0xe6</size>
         <input_file_ref idref="fl-26"/>
      </object_component>
      <object_component id="oc-2fe">
         <name>.debug_info</name>
         <load_address>0x1372e</load_address>
         <run_address>0x1372e</run_address>
         <size>0xf8</size>
         <input_file_ref idref="fl-26"/>
      </object_component>
      <object_component id="oc-25f">
         <name>.debug_info</name>
         <load_address>0x13826</load_address>
         <run_address>0x13826</run_address>
         <size>0x2b52</size>
         <input_file_ref idref="fl-26"/>
      </object_component>
      <object_component id="oc-283">
         <name>.debug_info</name>
         <load_address>0x16378</load_address>
         <run_address>0x16378</run_address>
         <size>0x336</size>
         <input_file_ref idref="fl-27"/>
      </object_component>
      <object_component id="oc-271">
         <name>.debug_info</name>
         <load_address>0x166ae</load_address>
         <run_address>0x166ae</run_address>
         <size>0xe8</size>
         <input_file_ref idref="fl-27"/>
      </object_component>
      <object_component id="oc-274">
         <name>.debug_info</name>
         <load_address>0x16796</load_address>
         <run_address>0x16796</run_address>
         <size>0xe0</size>
         <input_file_ref idref="fl-27"/>
      </object_component>
      <object_component id="oc-277">
         <name>.debug_info</name>
         <load_address>0x16876</load_address>
         <run_address>0x16876</run_address>
         <size>0xe4</size>
         <input_file_ref idref="fl-27"/>
      </object_component>
      <object_component id="oc-27a">
         <name>.debug_info</name>
         <load_address>0x1695a</load_address>
         <run_address>0x1695a</run_address>
         <size>0xea</size>
         <input_file_ref idref="fl-27"/>
      </object_component>
      <object_component id="oc-27d">
         <name>.debug_info</name>
         <load_address>0x16a44</load_address>
         <run_address>0x16a44</run_address>
         <size>0xe8</size>
         <input_file_ref idref="fl-27"/>
      </object_component>
      <object_component id="oc-280">
         <name>.debug_info</name>
         <load_address>0x16b2c</load_address>
         <run_address>0x16b2c</run_address>
         <size>0xec</size>
         <input_file_ref idref="fl-27"/>
      </object_component>
      <object_component id="oc-26e">
         <name>.debug_info</name>
         <load_address>0x16c18</load_address>
         <run_address>0x16c18</run_address>
         <size>0xe9</size>
         <input_file_ref idref="fl-27"/>
      </object_component>
      <object_component id="oc-1af">
         <name>.debug_info</name>
         <load_address>0x16d01</load_address>
         <run_address>0x16d01</run_address>
         <size>0xce9</size>
         <input_file_ref idref="fl-27"/>
      </object_component>
      <object_component id="oc-2f5">
         <name>.debug_info</name>
         <load_address>0x179ea</load_address>
         <run_address>0x179ea</run_address>
         <size>0x33a</size>
         <input_file_ref idref="fl-2e"/>
      </object_component>
      <object_component id="oc-2ef">
         <name>.debug_info</name>
         <load_address>0x17d24</load_address>
         <run_address>0x17d24</run_address>
         <size>0xe6</size>
         <input_file_ref idref="fl-2e"/>
      </object_component>
      <object_component id="oc-2f2">
         <name>.debug_info</name>
         <load_address>0x17e0a</load_address>
         <run_address>0x17e0a</run_address>
         <size>0xf8</size>
         <input_file_ref idref="fl-2e"/>
      </object_component>
      <object_component id="oc-24c">
         <name>.debug_info</name>
         <load_address>0x17f02</load_address>
         <run_address>0x17f02</run_address>
         <size>0x1661</size>
         <input_file_ref idref="fl-2e"/>
      </object_component>
      <object_component id="oc-22a">
         <name>.debug_info</name>
         <load_address>0x19563</load_address>
         <run_address>0x19563</run_address>
         <size>0x3bb</size>
         <input_file_ref idref="fl-30"/>
      </object_component>
      <object_component id="oc-221">
         <name>.debug_info</name>
         <load_address>0x1991e</load_address>
         <run_address>0x1991e</run_address>
         <size>0xdf</size>
         <input_file_ref idref="fl-30"/>
      </object_component>
      <object_component id="oc-227">
         <name>.debug_info</name>
         <load_address>0x199fd</load_address>
         <run_address>0x199fd</run_address>
         <size>0xeb</size>
         <input_file_ref idref="fl-30"/>
      </object_component>
      <object_component id="oc-218">
         <name>.debug_info</name>
         <load_address>0x19ae8</load_address>
         <run_address>0x19ae8</run_address>
         <size>0xe5</size>
         <input_file_ref idref="fl-30"/>
      </object_component>
      <object_component id="oc-224">
         <name>.debug_info</name>
         <load_address>0x19bcd</load_address>
         <run_address>0x19bcd</run_address>
         <size>0xf2</size>
         <input_file_ref idref="fl-30"/>
      </object_component>
      <object_component id="oc-117">
         <name>.debug_info</name>
         <load_address>0x19cbf</load_address>
         <run_address>0x19cbf</run_address>
         <size>0x2b2f</size>
         <input_file_ref idref="fl-30"/>
      </object_component>
      <object_component id="oc-2c9">
         <name>.debug_info</name>
         <load_address>0x1c7ee</load_address>
         <run_address>0x1c7ee</run_address>
         <size>0x51</size>
         <input_file_ref idref="fl-30"/>
      </object_component>
      <object_component id="oc-299">
         <name>.debug_info</name>
         <load_address>0x1c83f</load_address>
         <run_address>0x1c83f</run_address>
         <size>0x2c5</size>
         <input_file_ref idref="fl-32"/>
      </object_component>
      <object_component id="oc-1d8">
         <name>.debug_info</name>
         <load_address>0x1cb04</load_address>
         <run_address>0x1cb04</run_address>
         <size>0x53e</size>
         <input_file_ref idref="fl-32"/>
      </object_component>
      <object_component id="oc-1c9">
         <name>.debug_info</name>
         <load_address>0x1d042</load_address>
         <run_address>0x1d042</run_address>
         <size>0x33b</size>
         <input_file_ref idref="fl-34"/>
      </object_component>
      <object_component id="oc-1be">
         <name>.debug_info</name>
         <load_address>0x1d37d</load_address>
         <run_address>0x1d37d</run_address>
         <size>0xe9</size>
         <input_file_ref idref="fl-34"/>
      </object_component>
      <object_component id="oc-1c1">
         <name>.debug_info</name>
         <load_address>0x1d466</load_address>
         <run_address>0x1d466</run_address>
         <size>0xfb</size>
         <input_file_ref idref="fl-34"/>
      </object_component>
      <object_component id="oc-f6">
         <name>.debug_info</name>
         <load_address>0x1d561</load_address>
         <run_address>0x1d561</run_address>
         <size>0x26fb</size>
         <input_file_ref idref="fl-34"/>
      </object_component>
      <object_component id="oc-20f">
         <name>.debug_info</name>
         <load_address>0x1fc5c</load_address>
         <run_address>0x1fc5c</run_address>
         <size>0x3e7</size>
         <input_file_ref idref="fl-35"/>
      </object_component>
      <object_component id="oc-201">
         <name>.debug_info</name>
         <load_address>0x20043</load_address>
         <run_address>0x20043</run_address>
         <size>0xde</size>
         <input_file_ref idref="fl-35"/>
      </object_component>
      <object_component id="oc-20c">
         <name>.debug_info</name>
         <load_address>0x20121</load_address>
         <run_address>0x20121</run_address>
         <size>0xd8</size>
         <input_file_ref idref="fl-35"/>
      </object_component>
      <object_component id="oc-204">
         <name>.debug_info</name>
         <load_address>0x201f9</load_address>
         <run_address>0x201f9</run_address>
         <size>0xe6</size>
         <input_file_ref idref="fl-35"/>
      </object_component>
      <object_component id="oc-1fe">
         <name>.debug_info</name>
         <load_address>0x202df</load_address>
         <run_address>0x202df</run_address>
         <size>0xea</size>
         <input_file_ref idref="fl-35"/>
      </object_component>
      <object_component id="oc-10c">
         <name>.debug_info</name>
         <load_address>0x203c9</load_address>
         <run_address>0x203c9</run_address>
         <size>0x7ff</size>
         <input_file_ref idref="fl-35"/>
      </object_component>
      <object_component id="oc-1a0">
         <name>.debug_info</name>
         <load_address>0x20bc8</load_address>
         <run_address>0x20bc8</run_address>
         <size>0x13a</size>
         <input_file_ref idref="fl-f6"/>
      </object_component>
      <object_component id="oc-1a5">
         <name>.debug_info</name>
         <load_address>0x20d02</load_address>
         <run_address>0x20d02</run_address>
         <size>0x12e</size>
         <input_file_ref idref="fl-f7"/>
      </object_component>
      <object_component id="oc-19c">
         <name>.debug_info</name>
         <load_address>0x20e30</load_address>
         <run_address>0x20e30</run_address>
         <size>0x12c</size>
         <input_file_ref idref="fl-f8"/>
      </object_component>
      <object_component id="oc-209">
         <name>.debug_info</name>
         <load_address>0x20f5c</load_address>
         <run_address>0x20f5c</run_address>
         <size>0x142</size>
         <input_file_ref idref="fl-f9"/>
      </object_component>
      <object_component id="oc-8e">
         <name>.debug_info</name>
         <load_address>0x2109e</load_address>
         <run_address>0x2109e</run_address>
         <size>0x2d4</size>
         <input_file_ref idref="fl-fa"/>
      </object_component>
      <object_component id="oc-4f">
         <name>.debug_info</name>
         <load_address>0x21372</load_address>
         <run_address>0x21372</run_address>
         <size>0x1b5</size>
         <input_file_ref idref="fl-fa"/>
      </object_component>
      <object_component id="oc-89">
         <name>.debug_info</name>
         <load_address>0x21527</load_address>
         <run_address>0x21527</run_address>
         <size>0x46</size>
         <input_file_ref idref="fl-fa"/>
      </object_component>
      <object_component id="oc-c0">
         <name>.debug_info</name>
         <load_address>0x2156d</load_address>
         <run_address>0x2156d</run_address>
         <size>0x2c</size>
         <input_file_ref idref="fl-fa"/>
      </object_component>
      <object_component id="oc-46">
         <name>.debug_info</name>
         <load_address>0x21599</load_address>
         <run_address>0x21599</run_address>
         <size>0x2a8</size>
         <input_file_ref idref="fl-fb"/>
      </object_component>
      <object_component id="oc-1d">
         <name>.debug_info</name>
         <load_address>0x21841</load_address>
         <run_address>0x21841</run_address>
         <size>0x1ea</size>
         <input_file_ref idref="fl-fb"/>
      </object_component>
      <object_component id="oc-41">
         <name>.debug_info</name>
         <load_address>0x21a2b</load_address>
         <run_address>0x21a2b</run_address>
         <size>0x46</size>
         <input_file_ref idref="fl-fb"/>
      </object_component>
      <object_component id="oc-81">
         <name>.debug_info</name>
         <load_address>0x21a71</load_address>
         <run_address>0x21a71</run_address>
         <size>0x2c</size>
         <input_file_ref idref="fl-fb"/>
      </object_component>
      <object_component id="oc-7f">
         <name>.debug_info</name>
         <load_address>0x21a9d</load_address>
         <run_address>0x21a9d</run_address>
         <size>0x29e</size>
         <input_file_ref idref="fl-fc"/>
      </object_component>
      <object_component id="oc-19">
         <name>.debug_info</name>
         <load_address>0x21d3b</load_address>
         <run_address>0x21d3b</run_address>
         <size>0x250</size>
         <input_file_ref idref="fl-fc"/>
      </object_component>
      <object_component id="oc-31">
         <name>.debug_info</name>
         <load_address>0x21f8b</load_address>
         <run_address>0x21f8b</run_address>
         <size>0x60</size>
         <input_file_ref idref="fl-fc"/>
      </object_component>
      <object_component id="oc-b9">
         <name>.debug_info</name>
         <load_address>0x21feb</load_address>
         <run_address>0x21feb</run_address>
         <size>0x46</size>
         <input_file_ref idref="fl-fc"/>
      </object_component>
      <object_component id="oc-7a">
         <name>.debug_info</name>
         <load_address>0x22031</load_address>
         <run_address>0x22031</run_address>
         <size>0x39</size>
         <input_file_ref idref="fl-fc"/>
      </object_component>
      <object_component id="oc-25">
         <name>.debug_info</name>
         <load_address>0x2206a</load_address>
         <run_address>0x2206a</run_address>
         <size>0x10b</size>
         <input_file_ref idref="fl-fd"/>
      </object_component>
      <object_component id="oc-5d">
         <name>.debug_info</name>
         <load_address>0x22175</load_address>
         <run_address>0x22175</run_address>
         <size>0x1a9</size>
         <input_file_ref idref="fl-fd"/>
      </object_component>
      <object_component id="oc-2b6">
         <name>.debug_info</name>
         <load_address>0x2231e</load_address>
         <run_address>0x2231e</run_address>
         <size>0x115</size>
         <input_file_ref idref="fl-fe"/>
      </object_component>
      <object_component id="oc-3d">
         <name>.debug_info</name>
         <load_address>0x22433</load_address>
         <run_address>0x22433</run_address>
         <size>0x119</size>
         <input_file_ref idref="fl-ff"/>
      </object_component>
      <object_component id="oc-91">
         <name>.debug_info</name>
         <load_address>0x2254c</load_address>
         <run_address>0x2254c</run_address>
         <size>0x147</size>
         <input_file_ref idref="fl-100"/>
      </object_component>
      <object_component id="oc-236">
         <name>.debug_info</name>
         <load_address>0x22693</load_address>
         <run_address>0x22693</run_address>
         <size>0x4b3</size>
         <input_file_ref idref="fl-101"/>
      </object_component>
      <object_component id="oc-131">
         <name>.debug_info</name>
         <load_address>0x22b46</load_address>
         <run_address>0x22b46</run_address>
         <size>0x1a6</size>
         <input_file_ref idref="fl-101"/>
      </object_component>
      <object_component id="oc-2dd">
         <name>.debug_info</name>
         <load_address>0x22cec</load_address>
         <run_address>0x22cec</run_address>
         <size>0x39</size>
         <input_file_ref idref="fl-101"/>
      </object_component>
      <object_component id="oc-31e">
         <name>.debug_info</name>
         <load_address>0x22d25</load_address>
         <run_address>0x22d25</run_address>
         <size>0x39</size>
         <input_file_ref idref="fl-101"/>
      </object_component>
      <object_component id="oc-2e2">
         <name>.debug_info</name>
         <load_address>0x22d5e</load_address>
         <run_address>0x22d5e</run_address>
         <size>0x39</size>
         <input_file_ref idref="fl-101"/>
      </object_component>
      <object_component id="oc-2e7">
         <name>.debug_info</name>
         <load_address>0x22d97</load_address>
         <run_address>0x22d97</run_address>
         <size>0xcd</size>
         <input_file_ref idref="fl-101"/>
      </object_component>
      <object_component id="oc-96">
         <name>.debug_info</name>
         <load_address>0x22e64</load_address>
         <run_address>0x22e64</run_address>
         <size>0x153</size>
         <input_file_ref idref="fl-102"/>
      </object_component>
      <object_component id="oc-127">
         <name>.debug_info</name>
         <load_address>0x22fb7</load_address>
         <run_address>0x22fb7</run_address>
         <size>0x122</size>
         <input_file_ref idref="fl-104"/>
      </object_component>
      <object_component id="oc-366">
         <name>.debug_info</name>
         <load_address>0x230d9</load_address>
         <run_address>0x230d9</run_address>
         <size>0x9b</size>
      </object_component>
      <object_component id="oc-163">
         <name>.debug_line</name>
         <load_address>0x0</load_address>
         <run_address>0x0</run_address>
         <size>0x2b7</size>
         <input_file_ref idref="fl-2"/>
      </object_component>
      <object_component id="oc-216">
         <name>.debug_line</name>
         <load_address>0x2b7</load_address>
         <run_address>0x2b7</run_address>
         <size>0x2d</size>
         <input_file_ref idref="fl-2"/>
      </object_component>
      <object_component id="oc-9f">
         <name>.debug_line</name>
         <load_address>0x2e4</load_address>
         <run_address>0x2e4</run_address>
         <size>0x2e8</size>
         <input_file_ref idref="fl-2"/>
      </object_component>
      <object_component id="oc-17b">
         <name>.debug_line</name>
         <load_address>0x5cc</load_address>
         <run_address>0x5cc</run_address>
         <size>0x40</size>
         <input_file_ref idref="fl-2"/>
      </object_component>
      <object_component id="oc-122">
         <name>.debug_line</name>
         <load_address>0x60c</load_address>
         <run_address>0x60c</run_address>
         <size>0x2d</size>
         <input_file_ref idref="fl-2"/>
      </object_component>
      <object_component id="oc-167">
         <name>.debug_line</name>
         <load_address>0x639</load_address>
         <run_address>0x639</run_address>
         <size>0x3a</size>
         <input_file_ref idref="fl-2"/>
      </object_component>
      <object_component id="oc-73">
         <name>.debug_line</name>
         <load_address>0x673</load_address>
         <run_address>0x673</run_address>
         <size>0x6f</size>
         <input_file_ref idref="fl-2"/>
      </object_component>
      <object_component id="oc-b5">
         <name>.debug_line</name>
         <load_address>0x6e2</load_address>
         <run_address>0x6e2</run_address>
         <size>0x20</size>
         <input_file_ref idref="fl-2"/>
      </object_component>
      <object_component id="oc-b0">
         <name>.debug_line</name>
         <load_address>0x702</load_address>
         <run_address>0x702</run_address>
         <size>0x73</size>
         <input_file_ref idref="fl-2"/>
      </object_component>
      <object_component id="oc-1c7">
         <name>.debug_line</name>
         <load_address>0x775</load_address>
         <run_address>0x775</run_address>
         <size>0x6f</size>
         <input_file_ref idref="fl-2"/>
      </object_component>
      <object_component id="oc-78">
         <name>.debug_line</name>
         <load_address>0x7e4</load_address>
         <run_address>0x7e4</run_address>
         <size>0x70</size>
         <input_file_ref idref="fl-2"/>
      </object_component>
      <object_component id="oc-16c">
         <name>.debug_line</name>
         <load_address>0x854</load_address>
         <run_address>0x854</run_address>
         <size>0x41</size>
         <input_file_ref idref="fl-2"/>
      </object_component>
      <object_component id="oc-176">
         <name>.debug_line</name>
         <load_address>0x895</load_address>
         <run_address>0x895</run_address>
         <size>0x41</size>
         <input_file_ref idref="fl-2"/>
      </object_component>
      <object_component id="oc-213">
         <name>.debug_line</name>
         <load_address>0x8d6</load_address>
         <run_address>0x8d6</run_address>
         <size>0x6b</size>
         <input_file_ref idref="fl-2"/>
      </object_component>
      <object_component id="oc-171">
         <name>.debug_line</name>
         <load_address>0x941</load_address>
         <run_address>0x941</run_address>
         <size>0x72</size>
         <input_file_ref idref="fl-2"/>
      </object_component>
      <object_component id="oc-6f">
         <name>.debug_line</name>
         <load_address>0x9b3</load_address>
         <run_address>0x9b3</run_address>
         <size>0x41</size>
         <input_file_ref idref="fl-3"/>
      </object_component>
      <object_component id="oc-2e">
         <name>.debug_line</name>
         <load_address>0x9f4</load_address>
         <run_address>0x9f4</run_address>
         <size>0x41</size>
         <input_file_ref idref="fl-3"/>
      </object_component>
      <object_component id="oc-2b">
         <name>.debug_line</name>
         <load_address>0xa35</load_address>
         <run_address>0xa35</run_address>
         <size>0xa1</size>
         <input_file_ref idref="fl-3"/>
      </object_component>
      <object_component id="oc-39">
         <name>.debug_line</name>
         <load_address>0xad6</load_address>
         <run_address>0xad6</run_address>
         <size>0x20</size>
         <input_file_ref idref="fl-3"/>
      </object_component>
      <object_component id="oc-1ce">
         <name>.debug_line</name>
         <load_address>0xaf6</load_address>
         <run_address>0xaf6</run_address>
         <size>0x66</size>
         <input_file_ref idref="fl-4"/>
      </object_component>
      <object_component id="oc-295">
         <name>.debug_line</name>
         <load_address>0xb5c</load_address>
         <run_address>0xb5c</run_address>
         <size>0x153</size>
         <input_file_ref idref="fl-6"/>
      </object_component>
      <object_component id="oc-2a0">
         <name>.debug_line</name>
         <load_address>0xcaf</load_address>
         <run_address>0xcaf</run_address>
         <size>0x44</size>
         <input_file_ref idref="fl-6"/>
      </object_component>
      <object_component id="oc-2a4">
         <name>.debug_line</name>
         <load_address>0xcf3</load_address>
         <run_address>0xcf3</run_address>
         <size>0x44</size>
         <input_file_ref idref="fl-6"/>
      </object_component>
      <object_component id="oc-29e">
         <name>.debug_line</name>
         <load_address>0xd37</load_address>
         <run_address>0xd37</run_address>
         <size>0x44</size>
         <input_file_ref idref="fl-6"/>
      </object_component>
      <object_component id="oc-29c">
         <name>.debug_line</name>
         <load_address>0xd7b</load_address>
         <run_address>0xd7b</run_address>
         <size>0x44</size>
         <input_file_ref idref="fl-6"/>
      </object_component>
      <object_component id="oc-2a2">
         <name>.debug_line</name>
         <load_address>0xdbf</load_address>
         <run_address>0xdbf</run_address>
         <size>0x44</size>
         <input_file_ref idref="fl-6"/>
      </object_component>
      <object_component id="oc-101">
         <name>.debug_line</name>
         <load_address>0xe03</load_address>
         <run_address>0xe03</run_address>
         <size>0x2d0</size>
         <input_file_ref idref="fl-6"/>
      </object_component>
      <object_component id="oc-1e0">
         <name>.debug_line</name>
         <load_address>0x10d3</load_address>
         <run_address>0x10d3</run_address>
         <size>0x79</size>
         <input_file_ref idref="fl-7"/>
      </object_component>
      <object_component id="oc-297">
         <name>.debug_line</name>
         <load_address>0x114c</load_address>
         <run_address>0x114c</run_address>
         <size>0x74</size>
         <input_file_ref idref="fl-8"/>
      </object_component>
      <object_component id="oc-fe">
         <name>.debug_line</name>
         <load_address>0x11c0</load_address>
         <run_address>0x11c0</run_address>
         <size>0xaf</size>
         <input_file_ref idref="fl-8"/>
      </object_component>
      <object_component id="oc-285">
         <name>.debug_line</name>
         <load_address>0x126f</load_address>
         <run_address>0x126f</run_address>
         <size>0x132</size>
         <input_file_ref idref="fl-9"/>
      </object_component>
      <object_component id="oc-e2">
         <name>.debug_line</name>
         <load_address>0x13a1</load_address>
         <run_address>0x13a1</run_address>
         <size>0x77</size>
         <input_file_ref idref="fl-9"/>
      </object_component>
      <object_component id="oc-265">
         <name>.debug_line</name>
         <load_address>0x1418</load_address>
         <run_address>0x1418</run_address>
         <size>0x89</size>
         <input_file_ref idref="fl-b"/>
      </object_component>
      <object_component id="oc-d0">
         <name>.debug_line</name>
         <load_address>0x14a1</load_address>
         <run_address>0x14a1</run_address>
         <size>0x27e</size>
         <input_file_ref idref="fl-b"/>
      </object_component>
      <object_component id="oc-26a">
         <name>.debug_line</name>
         <load_address>0x171f</load_address>
         <run_address>0x171f</run_address>
         <size>0x4c</size>
         <input_file_ref idref="fl-e"/>
      </object_component>
      <object_component id="oc-d9">
         <name>.debug_line</name>
         <load_address>0x176b</load_address>
         <run_address>0x176b</run_address>
         <size>0x116</size>
         <input_file_ref idref="fl-e"/>
      </object_component>
      <object_component id="oc-2f9">
         <name>.debug_line</name>
         <load_address>0x1881</load_address>
         <run_address>0x1881</run_address>
         <size>0xc4</size>
         <input_file_ref idref="fl-10"/>
      </object_component>
      <object_component id="oc-254">
         <name>.debug_line</name>
         <load_address>0x1945</load_address>
         <run_address>0x1945</run_address>
         <size>0x4c</size>
         <input_file_ref idref="fl-10"/>
[...]
      </symbol>
      <symbol id="sm-82b">
         <name>SysCtlDeepSleepClockConfigSet</name>
         <value>0xf5d</value>
         <object_component_ref idref="oc-116"/>
      </symbol>
      <symbol id="sm-82c">
         <name>SysCtlDelay</name>
         <value>0x63ab</value>
         <object_component_ref idref="oc-183"/>
      </symbol>
      <symbol id="sm-82d">
         <name>SysCtlVoltageEventClear</name>
         <value>0x1089</value>
         <object_component_ref idref="oc-116"/>
      </symbol>
      <symbol id="sm-82e">
         <name>SysCtlLDOSleepSet</name>
         <value>0x775</value>
         <object_component_ref idref="oc-116"/>
      </symbol>
      <symbol id="sm-82f">
         <name>SysCtlMOSCConfigSet</name>
         <value>0x80b</value>
         <object_component_ref idref="oc-116"/>
      </symbol>
      <symbol id="sm-830">
         <name>SysCtlPeripheralEnable</name>
         <value>0x509</value>
         <object_component_ref idref="oc-116"/>
      </symbol>
      <symbol id="sm-831">
         <name>SysCtlIntEnable</name>
         <value>0x71d</value>
         <object_component_ref idref="oc-116"/>
      </symbol>
      <symbol id="sm-832">
         <name>SysCtlNMIClear</name>
         <value>0x1171</value>
         <object_component_ref idref="oc-116"/>
      </symbol>
      <symbol id="sm-833">
         <name>SysCtlPeripheralPowerOff</name>
         <value>0x445</value>
         <object_component_ref idref="oc-116"/>
      </symbol>
      <symbol id="sm-834">
         <name>SysCtlSleepPowerSet</name>
         <value>0x7a1</value>
         <object_component_ref idref="oc-116"/>
      </symbol>
      <symbol id="sm-835">
         <name>SysCtlDeepSleep</name>
         <value>0x7d5</value>
         <object_component_ref idref="oc-116"/>
      </symbol>
      <symbol id="sm-836">
         <name>SysCtlLDODeepSleepSet</name>
         <value>0x78b</value>
         <object_component_ref idref="oc-116"/>
      </symbol>
      <symbol id="sm-837">
         <name>SysCtlPeripheralPowerOn</name>
         <value>0x409</value>
         <object_component_ref idref="oc-116"/>
      </symbol>
      <symbol id="sm-838">
         <name>SysCtlPeripheralDeepSleepDisable</name>
         <value>0x659</value>
         <object_component_ref idref="oc-116"/>
      </symbol>
      <symbol id="sm-839">
         <name>SysCtlPeripheralSleepDisable</name>
         <value>0x5cd</value>
         <object_component_ref idref="oc-116"/>
      </symbol>
      <symbol id="sm-83a">
         <name>SysCtlVCOGet</name>
         <value>0x10a1</value>
         <object_component_ref idref="oc-116"/>
      </symbol>
      <symbol id="sm-83b">
         <name>SysCtlResetBehaviorSet</name>
         <value>0x871</value>
         <object_component_ref idref="oc-116"/>
      </symbol>
      <symbol id="sm-83c">
         <name>SysCtlReset</name>
         <value>0x7c5</value>
         <object_component_ref idref="oc-116"/>
      </symbol>
      <symbol id="sm-83d">
         <name>SysCtlGPIOAHBDisable</name>
         <value>0x1033</value>
         <object_component_ref idref="oc-116"/>
      </symbol>
      <symbol id="sm-83e">
         <name>SysCtlSRAMSizeGet</name>
         <value>0x32d</value>
         <object_component_ref idref="oc-116"/>
      </symbol>
      <symbol id="sm-83f">
         <name>SysCtlClockGet</name>
         <value>0xd99</value>
         <object_component_ref idref="oc-116"/>
      </symbol>
      <symbol id="sm-840">
         <name>SysCtlPeripheralDisable</name>
         <value>0x545</value>
         <object_component_ref idref="oc-116"/>
      </symbol>
      <symbol id="sm-841">
         <name>SysCtlPWMClockSet</name>
         <value>0xfe7</value>
         <object_component_ref idref="oc-116"/>
      </symbol>
      <symbol id="sm-842">
         <name>SysCtlUSBPLLEnable</name>
         <value>0x104f</value>
         <object_component_ref idref="oc-116"/>
      </symbol>
      <symbol id="sm-843">
         <name>SysCtlPeripheralSleepEnable</name>
         <value>0x589</value>
         <object_component_ref idref="oc-116"/>
      </symbol>
      <symbol id="sm-844">
         <name>SysCtlIntUnregister</name>
         <value>0x70d</value>
         <object_component_ref idref="oc-116"/>
      </symbol>
      <symbol id="sm-845">
         <name>SysCtlUSBPLLDisable</name>
         <value>0x105b</value>
         <object_component_ref idref="oc-116"/>
      </symbol>
      <symbol id="sm-846">
         <name>SysCtlPeripheralReady</name>
         <value>0x3c9</value>
         <object_component_ref idref="oc-116"/>
      </symbol>
      <symbol id="sm-847">
         <name>SysCtlPIOSCCalibrate</name>
         <value>0x821</value>
         <object_component_ref idref="oc-116"/>
      </symbol>
      <symbol id="sm-848">
         <name>SysCtlResetCauseClear</name>
         <value>0x7f7</value>
         <object_component_ref idref="oc-116"/>
      </symbol>
      <symbol id="sm-849">
         <name>SysCtlLDOSleepGet</name>
         <value>0x785</value>
         <object_component_ref idref="oc-116"/>
      </symbol>
      <symbol id="sm-84a">
         <name>SysCtlClockFreqSet</name>
         <value>0x8d1</value>
         <object_component_ref idref="oc-116"/>
      </symbol>
      <symbol id="sm-84b">
         <name>SysCtlPeripheralReset</name>
         <value>0x481</value>
         <object_component_ref idref="oc-116"/>
      </symbol>
      <symbol id="sm-865">
         <name>SysTickIntDisable</name>
         <value>0x5fc9</value>
         <object_component_ref idref="oc-1d6"/>
      </symbol>
      <symbol id="sm-866">
         <name>SysTickEnable</name>
         <value>0x5f79</value>
         <object_component_ref idref="oc-1d6"/>
      </symbol>
      <symbol id="sm-867">
         <name>SysTickPeriodGet</name>
         <value>0x5fe7</value>
         <object_component_ref idref="oc-1d6"/>
      </symbol>
      <symbol id="sm-868">
         <name>SysTickIntRegister</name>
         <value>0x5f91</value>
         <object_component_ref idref="oc-1d6"/>
      </symbol>
      <symbol id="sm-869">
         <name>SysTickIntEnable</name>
         <value>0x5fbd</value>
         <object_component_ref idref="oc-1d6"/>
      </symbol>
      <symbol id="sm-86a">
         <name>SysTickValueGet</name>
         <value>0x5fef</value>
         <object_component_ref idref="oc-1d6"/>
      </symbol>
      <symbol id="sm-86b">
         <name>SysTickIntUnregister</name>
         <value>0x5fa9</value>
         <object_component_ref idref="oc-1d6"/>
      </symbol>
      <symbol id="sm-86c">
         <name>SysTickPeriodSet</name>
         <value>0x5fd5</value>
         <object_component_ref idref="oc-1d6"/>
      </symbol>
      <symbol id="sm-86d">
         <name>SysTickDisable</name>
         <value>0x5f85</value>
         <object_component_ref idref="oc-1d6"/>
      </symbol>
      <symbol id="sm-8e1">
         <name>UARTClockSourceGet</name>
         <value>0x4247</value>
         <object_component_ref idref="oc-f3"/>
      </symbol>
      <symbol id="sm-8e2">
         <name>UARTCharPutNonBlocking</name>
         <value>0x40b9</value>
         <object_component_ref idref="oc-f3"/>
      </symbol>
      <symbol id="sm-8e3">
         <name>UARTDMAEnable</name>
         <value>0x41e1</value>
         <object_component_ref idref="oc-f3"/>
      </symbol>
      <symbol id="sm-8e4">
         <name>UARTTxIntModeSet</name>
         <value>0x401d</value>
         <object_component_ref idref="oc-f3"/>
      </symbol>
      <symbol id="sm-8e5">
         <name>UARTFIFODisable</name>
         <value>0x3ecb</value>
         <object_component_ref idref="oc-f3"/>
      </symbol>
      <symbol id="sm-8e6">
         <name>UARTIntUnregister</name>
         <value>0x4161</value>
         <object_component_ref idref="oc-f3"/>
      </symbol>
      <symbol id="sm-8e7">
         <name>UARTRxErrorClear</name>
         <value>0x4223</value>
         <object_component_ref idref="oc-f3"/>
      </symbol>
      <symbol id="sm-8e8">
         <name>UARTModemControlSet</name>
         <value>0x3f6d</value>
         <object_component_ref idref="oc-f3"/>
      </symbol>
      <symbol id="sm-8e9">
         <name>UARTFlowControlSet</name>
         <value>0x3fef</value>
         <object_component_ref idref="oc-f3"/>
      </symbol>
      <symbol id="sm-8ea">
         <name>UARTConfigSetExpClk</name>
         <value>0x3da5</value>
         <object_component_ref idref="oc-f3"/>
      </symbol>
      <symbol id="sm-8eb">
         <name>UARTSmartCardDisable</name>
         <value>0x3f57</value>
         <object_component_ref idref="oc-f3"/>
      </symbol>
      <symbol id="sm-8ec">
         <name>UARTDisable</name>
         <value>0x3e8b</value>
         <object_component_ref idref="oc-f3"/>
      </symbol>
      <symbol id="sm-8ed">
         <name>UART9BitDisable</name>
         <value>0x426d</value>
         <object_component_ref idref="oc-f3"/>
      </symbol>
      <symbol id="sm-8ee">
         <name>UARTFIFOLevelGet</name>
         <value>0x3d7d</value>
         <object_component_ref idref="oc-f3"/>
      </symbol>
      <symbol id="sm-8ef">
         <name>UARTBusy</name>
         <value>0x4125</value>
         <object_component_ref idref="oc-f3"/>
      </symbol>
      <symbol id="sm-8f0">
         <name>UARTDisableSIR</name>
         <value>0x3f0f</value>
         <object_component_ref idref="oc-f3"/>
      </symbol>
      <symbol id="sm-8f1">
         <name>UARTLoopbackEnable</name>
         <value>0x42f1</value>
         <object_component_ref idref="oc-f3"/>
      </symbol>
      <symbol id="sm-8f2">
         <name>UARTIntEnable</name>
         <value>0x4181</value>
         <object_component_ref idref="oc-f3"/>
      </symbol>
      <symbol id="sm-8f3">
         <name>UARTCharsAvail</name>
         <value>0x404b</value>
         <object_component_ref idref="oc-f3"/>
      </symbol>
      <symbol id="sm-8f4">
         <name>UARTCharGetNonBlocking</name>
         <value>0x4087</value>
         <object_component_ref idref="oc-f3"/>
      </symbol>
      <symbol id="sm-8f5">
         <name>UARTClockSourceSet</name>
         <value>0x4233</value>
         <object_component_ref idref="oc-f3"/>
      </symbol>
      <symbol id="sm-8f6">
         <name>UARTTxIntModeGet</name>
         <value>0x4039</value>
         <object_component_ref idref="oc-f3"/>
      </symbol>
      <symbol id="sm-8f7">
         <name>UARTModemStatusGet</name>
         <value>0x3fdb</value>
         <object_component_ref idref="oc-f3"/>
      </symbol>
      <symbol id="sm-8f8">
         <name>UARTIntDisable</name>
         <value>0x4199</value>
         <object_component_ref idref="oc-f3"/>
      </symbol>
      <symbol id="sm-8f9">
         <name>UARTCharPut</name>
         <value>0x40dd</value>
         <object_component_ref idref="oc-f3"/>
      </symbol>
      <symbol id="sm-8fa">
         <name>UARTParityModeSet</name>
         <value>0x3d37</value>
         <object_component_ref idref="oc-f3"/>
      </symbol>
      <symbol id="sm-8fb">
         <name>UARTRxErrorGet</name>
         <value>0x4211</value>
         <object_component_ref idref="oc-f3"/>
      </symbol>
      <symbol id="sm-8fc">
         <name>UARTConfigGetExpClk</name>
         <value>0x3e1b</value>
         <object_component_ref idref="oc-f3"/>
      </symbol>
      <symbol id="sm-8fd">
         <name>UARTEnableSIR</name>
         <value>0x3ee1</value>
         <object_component_ref idref="oc-f3"/>
      </symbol>
      <symbol id="sm-8fe">
         <name>UARTEnable</name>
         <value>0x3e67</value>
         <object_component_ref idref="oc-f3"/>
      </symbol>
      <symbol id="sm-8ff">
         <name>UART9BitAddrSend</name>
         <value>0x42a9</value>
         <object_component_ref idref="oc-f3"/>
      </symbol>
      <symbol id="sm-900">
         <name>UARTModemControlGet</name>
         <value>0x3fc9</value>
         <object_component_ref idref="oc-f3"/>
      </symbol>
      <symbol id="sm-901">
         <name>UARTSmartCardEnable</name>
         <value>0x3f25</value>
         <object_component_ref idref="oc-f3"/>
      </symbol>
      <symbol id="sm-902">
         <name>UARTFlowControlGet</name>
         <value>0x400b</value>
         <object_component_ref idref="oc-f3"/>
      </symbol>
      <symbol id="sm-903">
         <name>UARTFIFOEnable</name>
         <value>0x3eb5</value>
         <object_component_ref idref="oc-f3"/>
      </symbol>
      <symbol id="sm-904">
         <name>UARTIntClear</name>
         <value>0x41cf</value>
         <object_component_ref idref="oc-f3"/>
      </symbol>
      <symbol id="sm-905">
         <name>UARTIntStatus</name>
         <value>0x41b1</value>
         <object_component_ref idref="oc-f3"/>
      </symbol>
      <symbol id="sm-906">
         <name>UARTDMADisable</name>
         <value>0x41f9</value>
         <object_component_ref idref="oc-f3"/>
      </symbol>
      <symbol id="sm-907">
         <name>UART9BitEnable</name>
         <value>0x4257</value>
         <object_component_ref idref="oc-f3"/>
      </symbol>
      <symbol id="sm-908">
         <name>UARTSpaceAvail</name>
         <value>0x4069</value>
         <object_component_ref idref="oc-f3"/>
      </symbol>
      <symbol id="sm-909">
         <name>UARTCharGet</name>
         <value>0x40a3</value>
         <object_component_ref idref="oc-f3"/>
      </symbol>
      <symbol id="sm-90a">
         <name>UARTFIFOLevelSet</name>
         <value>0x3d65</value>
         <object_component_ref idref="oc-f3"/>
      </symbol>
      <symbol id="sm-90b">
         <name>UARTModemControlClear</name>
         <value>0x3fa5</value>
         <object_component_ref idref="oc-f3"/>
      </symbol>
      <symbol id="sm-90c">
         <name>UARTParityModeGet</name>
         <value>0x3d53</value>
         <object_component_ref idref="oc-f3"/>
      </symbol>
      <symbol id="sm-90d">
         <name>UARTIntRegister</name>
         <value>0x4143</value>
         <object_component_ref idref="oc-f3"/>
      </symbol>
      <symbol id="sm-90e">
         <name>UARTBreakCtl</name>
         <value>0x40fb</value>
         <object_component_ref idref="oc-f3"/>
      </symbol>
      <symbol id="sm-90f">
         <name>UART9BitAddrSet</name>
         <value>0x4283</value>
         <object_component_ref idref="oc-f3"/>
      </symbol>
      <symbol id="sm-97f">
         <name>UARTgetc</name>
         <value>0x4959</value>
         <object_component_ref idref="oc-10b"/>
      </symbol>
      <symbol id="sm-980">
         <name>UARTgets</name>
         <value>0x489f</value>
         <object_component_ref idref="oc-10b"/>
      </symbol>
      <symbol id="sm-981">
         <name>UARTStdioConfig</name>
         <value>0x4809</value>
         <object_component_ref idref="oc-10b"/>
      </symbol>
      <symbol id="sm-982">
         <name>UARTwrite</name>
         <value>0x484f</value>
         <object_component_ref idref="oc-10b"/>
      </symbol>
      <symbol id="sm-983">
         <name>UARTprintf</name>
         <value>0x4c7b</value>
         <object_component_ref idref="oc-10b"/>
      </symbol>
      <symbol id="sm-984">
         <name>UARTvprintf</name>
         <value>0x4981</value>
         <object_component_ref idref="oc-10b"/>
      </symbol>
      <symbol id="sm-992">
         <name>__aeabi_dmul</name>
         <value>0x5ca5</value>
         <object_component_ref idref="oc-19e"/>
      </symbol>
      <symbol id="sm-99c">
         <name>__aeabi_d2iz</name>
         <value>0x6209</value>
         <object_component_ref idref="oc-1a3"/>
      </symbol>
      <symbol id="sm-9a6">
         <name>__aeabi_i2d</name>
         <value>0x6349</value>
         <object_component_ref idref="oc-199"/>
      </symbol>
      <symbol id="sm-9b5">
         <name>__aeabi_uidivmod</name>
         <value>0x6295</value>
         <object_component_ref idref="oc-206"/>
      </symbol>
      <symbol id="sm-9b6">
         <name>__aeabi_uidiv</name>
         <value>0x6295</value>
         <object_component_ref idref="oc-206"/>
      </symbol>
      <symbol id="sm-9cd">
         <name>__TI_zero_init</name>
         <value>0x6393</value>
         <object_component_ref idref="oc-4d"/>
      </symbol>
      <symbol id="sm-9e4">
         <name>__TI_decompress_none</name>
         <value>0x6385</value>
         <object_component_ref idref="oc-1b"/>
      </symbol>
      <symbol id="sm-a07">
         <name>__TI_decompress_lzss</name>
         <value>0x607b</value>
         <object_component_ref idref="oc-15"/>
      </symbol>
      <symbol id="sm-a1a">
         <name>__stack</name>
         <value>0x200047b0</value>
         <object_component_ref idref="oc-24"/>
      </symbol>
      <symbol id="sm-a1b">
         <name>_c_int00_noargs</name>
         <value>0x6315</value>
         <object_component_ref idref="oc-59"/>
      </symbol>
      <symbol id="sm-a25">
         <name>__aeabi_idiv0</name>
         <value>0x4307</value>
         <object_component_ref idref="oc-2b3"/>
      </symbol>
      <symbol id="sm-a26">
         <name>__aeabi_ldiv0</name>
         <value>0x4307</value>
         <object_component_ref idref="oc-2b3"/>
      </symbol>
      <symbol id="sm-a41">
         <name>memcpy</name>
         <value>0x5e51</value>
         <object_component_ref idref="oc-3b"/>
      </symbol>
      <symbol id="sm-a42">
         <name>__aeabi_memcpy</name>
         <value>0x5e51</value>
         <object_component_ref idref="oc-3b"/>
      </symbol>
      <symbol id="sm-a43">
         <name>__aeabi_memcpy8</name>
         <value>0x5e51</value>
         <object_component_ref idref="oc-3b"/>
      </symbol>
      <symbol id="sm-a44">
         <name>__aeabi_memcpy4</name>
         <value>0x5e51</value>
         <object_component_ref idref="oc-3b"/>
      </symbol>
      <symbol id="sm-a53">
         <name>__aeabi_memset</name>
         <value>0x6003</value>
         <object_component_ref idref="oc-8f"/>
      </symbol>
      <symbol id="sm-a54">
         <name>memset</name>
         <value>0x6009</value>
         <object_component_ref idref="oc-8f"/>
      </symbol>
      <symbol id="sm-a55">
         <name>__aeabi_memset8</name>
         <value>0x6003</value>
         <object_component_ref idref="oc-8f"/>
      </symbol>
      <symbol id="sm-a56">
         <name>__aeabi_memset4</name>
         <value>0x6003</value>
         <object_component_ref idref="oc-8f"/>
      </symbol>
      <symbol id="sm-a57">
         <name>__aeabi_memclr8</name>
         <value>0x6001</value>
         <object_component_ref idref="oc-8f"/>
      </symbol>
      <symbol id="sm-a58">
         <name>__aeabi_memclr4</name>
         <value>0x6001</value>
         <object_component_ref idref="oc-8f"/>
      </symbol>
      <symbol id="sm-a59">
         <name>__aeabi_memclr</name>
         <value>0x6001</value>
         <object_component_ref idref="oc-8f"/>
      </symbol>
      <symbol id="sm-a81">
         <name>__TI_auto_init_nobinit_nopinit</name>
         <value>0x6251</value>
         <object_component_ref idref="oc-130"/>
      </symbol>
      <symbol id="sm-a8b">
         <name>_system_pre_init</name>
         <value>0x63b1</value>
         <object_component_ref idref="oc-95"/>
      </symbol>
      <symbol id="sm-a97">
         <name>C$$EXIT</name>
         <value>0x63b5</value>
         <object_component_ref idref="oc-124"/>
      </symbol>
      <symbol id="sm-a98">
         <name>abort</name>
         <value>0x63b5</value>
         <object_component_ref idref="oc-124"/>
      </symbol>
      <symbol id="sm-a9b">
         <name>__TI_static_base__</name>
         <value>0x0</value>
      </symbol>
      <symbol id="sm-a9e">
         <name>__mpu_init</name>
         <value>0x0</value>
      </symbol>
      <symbol id="sm-a9f">
         <name>_system_post_cinit</name>
         <value>0x0</value>
      </symbol>
   </symbol_table>
   <title>Link successful</title>
</link_info>
