******************************************************************************
                  TI ARM Linker PC v20.2.7                     
******************************************************************************
>> Linked Sun Dec  8 03:21:55 2024

OUTPUT FILE NAME:   <midterm.out>
ENTRY POINT SYMBOL: "_c_int00_noargs"  address: 00006129


MEMORY CONFIGURATION

         name            origin    length      used     unused   attr    fill
----------------------  --------  ---------  --------  --------  ----  --------
  FLASH                 00000000   00040000  0000690c  000396f4  R  X
  SRAM                  20000000   00008000  00007524  00000adc  RW X


SEGMENT ALLOCATION MAP

run origin  load origin   length   init length attrs members
----------  ----------- ---------- ----------- ----- -------
00000000    00000000    00006910   00006910    r-x
  00000000    00000000    0000026c   0000026c    r-- .intvecs
  0000026c    0000026c    00005f60   00005f60    r-x .text
  000061cc    000061cc    000006f8   000006f8    r-- .const
  000068c8    000068c8    00000048   00000048    r-- .cinit
20000000    20000000    00007524   00000000    rw-
  20000000    20000000    0000026c   00000000    rw- .vtable
  2000026c    2000026c    000062a4   00000000    rw- .bss
  20006510    20006510    00001000   00000000    rw- .stack
  20007510    20007510    00000014   00000000    rw- .data


SECTION ALLOCATION MAP

 output                                  attributes/
section   page    origin      length       input sections
--------  ----  ----------  ----------   ----------------
.intvecs   0    00000000    0000026c     
                  00000000    0000026c     tm4c123gh6pm_startup_ccs.obj (.intvecs)

.text      0    0000026c    00005f60     
                  0000026c    00000f80     sysctl.obj (.text)
                  000011ec    00000c14     gpio.obj (.text)
                  00001e00    00000840     adc.obj (.text)
                  00002640    00000754     multimod_ST7789.obj (.text)
                  00002d94    000006f8     i2c.obj (.text)
                  0000348c    000006f0     G8RTOS_Scheduler.obj (.text)
                  00003b7c    0000062e     uart.obj (.text)
                  000041aa    00000002     rtsv7M4_T_le_v4SPD16_eabi.lib : div0.asm.obj (.text)
                  000041ac    000004a8     uartstdio.obj (.text)
                  00004654    0000047c     main.obj (.text)
                  00004ad0    000003c0     interrupt.obj (.text)
                  00004e90    00000362     ssi.obj (.text)
                  000051f2    00000002     --HOLE-- [fill = 0]
                  000051f4    000002fc     multimod_BMI160.obj (.text)
                  000054f0    00000214     multimod_i2c.obj (.text)
                  00005704    0000018c     multimod_spi.obj (.text)
                  00005890    00000128     multimod_OPT3001.obj (.text)
                  000059b8    0000010c     multimod_joystick.obj (.text)
                  00005ac4    000000fc     rtsv7M4_T_le_v4SPD16_eabi.lib : fd_mul_t2.asm.obj (.text)
                  00005bc0    000000b0     G8RTOS_Semaphores.obj (.text)
                  00005c70    0000009c     rtsv7M4_T_le_v4SPD16_eabi.lib : memcpy_t2.asm.obj (.text)
                  00005d0c    00000088     systick.obj (.text)
                  00005d94    00000080     beagle_uart.obj (.text)
                  00005e14    0000007a     rtsv7M4_T_le_v4SPD16_eabi.lib : memset_t2.asm.obj (.text)
                  00005e8e    00000068                                   : copy_decompress_lzss.c.obj (.text:decompress:lzss:__TI_decompress_lzss)
                  00005ef6    00000002     --HOLE-- [fill = 0]
                  00005ef8    00000068     multimod_uart.obj (.text)
                  00005f60    00000060     multimod_buttons.obj (.text)
                  00005fc0    0000005c     G8RTOS_SchedulerASM.obj (.text)
                  0000601c    00000048     rtsv7M4_T_le_v4SPD16_eabi.lib : fd_toi_t2.asm.obj (.text)
                  00006064    00000044                                   : autoinit.c.obj (.text:__TI_auto_init_nobinit_nopinit:__TI_auto_init_nobinit_nopinit)
                  000060a8    00000040                                   : u_divt2.asm.obj (.text)
                  000060e8    0000003e     cpu.obj (.text)
                  00006126    00000002     --HOLE-- [fill = 0]
                  00006128    00000034     rtsv7M4_T_le_v4SPD16_eabi.lib : boot_cortex_m.c.obj (.text:_c_int00_noargs:_c_int00_noargs)
                  0000615c    0000002e                                   : i_tofd_t2.asm.obj (.text)
                  0000618a    0000000e     G8RTOS_CriticalSection.obj (.text)
                  00006198    0000000e     rtsv7M4_T_le_v4SPD16_eabi.lib : copy_decompress_none.c.obj (.text:decompress:none:__TI_decompress_none)
                  000061a6    0000000c                                   : copy_zero_init.c.obj (.text:decompress:ZI:__TI_zero_init)
                  000061b2    0000000c     tm4c123gh6pm_startup_ccs.obj (.text)
                  000061be    00000006     sysctl.obj (.text:SysCtlDelay)
                  000061c4    00000004     rtsv7M4_T_le_v4SPD16_eabi.lib : pre_init.c.obj (.text:_system_pre_init)
                  000061c8    00000004                                   : exit.c.obj (.text:abort:abort)

.const     0    000061cc    000006f8     
                  000061cc    000001b0     sysctl.obj (.const:g_pppui32XTALtoVCO)
                  0000637c    000000d8     gpio.obj (.const:g_ppui32GPIOIntMapSnowflake)
                  00006454    000000c0     gpio.obj (.const:g_ppui32GPIOIntMapBlizzard)
                  00006514    0000009c     interrupt.obj (.const:g_pui32Regs)
                  000065b0    00000090     gpio.obj (.const:g_pui32GPIOBaseAddrs)
                  00006640    0000006c     sysctl.obj (.const:g_pui32Xtals)
                  000066ac    00000050     i2c.obj (.const:g_ppui32I2CIntMapSnowflake)
                  000066fc    00000040     uart.obj (.const:g_ppui32UARTIntMap)
                  0000673c    00000040     uart.obj (.const:g_ppui32UARTIntMapSnowflake)
                  0000677c    00000030     i2c.obj (.const:g_ppui32I2CIntMap)
                  000067ac    00000030     sysctl.obj (.const:g_sXTALtoMEMTIM)
                  000067dc    00000020     ssi.obj (.const:g_ppui32SSIIntMap)
                  000067fc    00000020     ssi.obj (.const:g_ppui32SSIIntMapSnowflake)
                  0000681c    00000020     interrupt.obj (.const:g_pui32Priority)
                  0000683c    00000014     interrupt.obj (.const:g_pui32Dii16Regs)
                  00006850    00000014     interrupt.obj (.const:g_pui32EnRegs)
                  00006864    00000014     interrupt.obj (.const:g_pui32PendRegs)
                  00006878    00000014     interrupt.obj (.const:g_pui32UnpendRegs)
                  0000688c    00000012     uartstdio.obj (.const:.string)
                  0000689e    00000002     --HOLE-- [fill = 0]
                  000068a0    0000000c     uartstdio.obj (.const:g_ui32UARTBase)
                  000068ac    0000000c     uartstdio.obj (.const:g_ui32UARTPeriph)
                  000068b8    00000008     sysctl.obj (.const:g_pui32VCOFrequencies)
                  000068c0    00000004     uartstdio.obj (.const)

.cinit     0    000068c8    00000048     
                  000068c8    0000000e     (.cinit..data.load) [load image, compression = lzss]
                  000068d6    00000002     --HOLE-- [fill = 0]
                  000068d8    0000000c     (__TI_handler_table)
                  000068e4    00000004     --HOLE-- [fill = 0]
                  000068e8    00000008     (.cinit..bss.load) [load image, compression = zero_init]
                  000068f0    00000008     (.cinit..vtable.load) [load image, compression = zero_init]
                  000068f8    00000018     (__TI_cinit_table)

.init_array 
*          0    00000000    00000000     UNINITIALIZED

.vtable    0    20000000    0000026c     UNINITIALIZED
                  20000000    0000026c     interrupt.obj (.vtable)

.bss       0    2000026c    000062a4     UNINITIALIZED
                  2000026c    00006000     G8RTOS_Scheduler.obj (.bss:threadStacks)
                  2000626c    00000210     G8RTOS_Scheduler.obj (.bss:threadControlBlocks)
                  2000647c    00000060     G8RTOS_Scheduler.obj (.bss:pthreadControlBlocks)
                  200064dc    0000000c     (.common:to_send_s)
                  200064e8    00000008     G8RTOS_Scheduler.obj (.bss)
                  200064f0    00000008     adc.obj (.bss:g_pui8OversampleFactor)
                  200064f8    00000004     (.common:CurrentlyRunningThread)
                  200064fc    00000004     (.common:IBit_State)
                  20006500    00000004     (.common:SystemTime)
                  20006504    00000004     (.common:joystick_semaphore)
                  20006508    00000004     (.common:spi_semaphore)
                  2000650c    00000004     (.common:sw_semaphore)

.data      0    20007510    00000014     UNINITIALIZED
                  20007510    00000007     main.obj (.data)
                  20007517    00000001     --HOLE--
                  20007518    00000005     uartstdio.obj (.data)
                  2000751d    00000003     --HOLE--
                  20007520    00000004     G8RTOS_Scheduler.obj (.data)

.stack     0    20006510    00001000     UNINITIALIZED
                  20006510    00000004     rtsv7M4_T_le_v4SPD16_eabi.lib : boot_cortex_m.c.obj (.stack)
                  20006514    00000ffc     --HOLE--

__llvm_prf_cnts 
*          0    20000000    00000000     UNINITIALIZED

MODULE SUMMARY

       Module                         code    ro data   rw data
       ------                         ----    -------   -------
    .\
       main.obj                       1148    0         35     
       tm4c123gh6pm_startup_ccs.obj   12      620       0      
    +--+------------------------------+-------+---------+---------+
       Total:                         1160    620       35     
                                                               
    .\G8RTOS\src\
       G8RTOS_Scheduler.obj           1776    0         25220  
       G8RTOS_Semaphores.obj          176     0         0      
       G8RTOS_SchedulerASM.obj        92      0         0      
       G8RTOS_CriticalSection.obj     14      0         0      
    +--+------------------------------+-------+---------+---------+
       Total:                         2058    0         25220  
                                                               
    .\MultimodDrivers\src\
       multimod_ST7789.obj            1876    0         0      
       multimod_BMI160.obj            764     0         0      
       multimod_i2c.obj               532     0         0      
       multimod_spi.obj               396     0         0      
       multimod_OPT3001.obj           296     0         0      
       multimod_joystick.obj          268     0         0      
       beagle_uart.obj                128     0         0      
       multimod_uart.obj              104     0         0      
       multimod_buttons.obj           96      0         0      
    +--+------------------------------+-------+---------+---------+
       Total:                         4460    0         0      
                                                               
    .\driverlib\
       sysctl.obj                     3974    596       0      
       gpio.obj                       3092    552       0      
       adc.obj                        2112    0         8      
       i2c.obj                        1784    128       0      
       interrupt.obj                  960     268       620    
       uart.obj                       1582    128       0      
       uartstdio.obj                  1192    46        5      
       ssi.obj                        866     64        0      
       systick.obj                    136     0         0      
       cpu.obj                        62      0         0      
    +--+------------------------------+-------+---------+---------+
       Total:                         15760   1782      633    
                                                               
    C:\ti\ccs1280\ccs\tools\compiler\ti-cgt-arm_20.2.7.LTS\lib\rtsv7M4_T_le_v4SPD16_eabi.lib
       fd_mul_t2.asm.obj              252     0         0      
       memcpy_t2.asm.obj              156     0         0      
       memset_t2.asm.obj              122     0         0      
       copy_decompress_lzss.c.obj     104     0         0      
       fd_toi_t2.asm.obj              72      0         0      
       autoinit.c.obj                 68      0         0      
       u_divt2.asm.obj                64      0         0      
       boot_cortex_m.c.obj            52      0         0      
       i_tofd_t2.asm.obj              46      0         0      
       copy_decompress_none.c.obj     14      0         0      
       copy_zero_init.c.obj           12      0         0      
       exit.c.obj                     4       0         0      
       pre_init.c.obj                 4       0         0      
       div0.asm.obj                   2       0         0      
    +--+------------------------------+-------+---------+---------+
       Total:                         972     0         0      
                                                               
       Stack:                         0       0         4096   
       Linker Generated:              0       66        0      
    +--+------------------------------+-------+---------+---------+
       Grand Total:                   24410   2468      29984  


LINKER GENERATED COPY TABLES

__TI_cinit_table @ 000068f8 records: 3, size/record: 8, table size: 24
	.data: load addr=000068c8, load size=0000000e bytes, run addr=20007510, run size=00000014 bytes, compression=lzss
	.bss: load addr=000068e8, load size=00000008 bytes, run addr=2000026c, run size=000062a4 bytes, compression=zero_init
	.vtable: load addr=000068f0, load size=00000008 bytes, run addr=20000000, run size=0000026c bytes, compression=zero_init


LINKER GENERATED HANDLER TABLE

__TI_handler_table @ 000068d8 records: 3, size/record: 4, table size: 12
	index: 0, handler: __TI_zero_init
	index: 1, handler: __TI_decompress_lzss
	index: 2, handler: __TI_decompress_none


GLOBAL SYMBOLS: SORTED ALPHABETICALLY BY Name 

address   name                              
-------   ----                              
000025b1  ADCBusy                           
000025f9  ADCClockConfigGet                 
000025cf  ADCClockConfigSet                 
000023cb  ADCComparatorConfigure            
000024a5  ADCComparatorIntClear             
00002451  ADCComparatorIntDisable           
0000246f  ADCComparatorIntEnable            
00002491  ADCComparatorIntStatus            
000023e7  ADCComparatorRegionSet            
0000240b  ADCComparatorReset                
00002399  ADCHardwareOversampleConfigure    
00001f3b  ADCIntClear                       
00002519  ADCIntClearEx                     
00001ea1  ADCIntDisable                     
000024b7  ADCIntDisableEx                   
00001ebd  ADCIntEnable                      
000024cf  ADCIntEnableEx                    
00001e5b  ADCIntRegister                    
00001ee3  ADCIntStatus                      
000024e7  ADCIntStatusEx                    
00001e83  ADCIntUnregister                  
0000256b  ADCPhaseDelayGet                  
00002559  ADCPhaseDelaySet                  
000021ad  ADCProcessorTrigger               
00002547  ADCReferenceGet                   
0000252b  ADCReferenceSet                   
00001f85  ADCSequenceConfigure              
00002595  ADCSequenceDMADisable             
00002579  ADCSequenceDMAEnable              
0000216b  ADCSequenceDataGet                
00001f6b  ADCSequenceDisable                
00001f51  ADCSequenceEnable                 
0000210f  ADCSequenceOverflow               
00002127  ADCSequenceOverflowClear          
00002021  ADCSequenceStepConfigure          
0000213d  ADCSequenceUnderflow              
00002155  ADCSequenceUnderflowClear         
000021d1  ADCSoftwareOversampleConfigure    
00002305  ADCSoftwareOversampleDataGet      
00002223  ADCSoftwareOversampleStepConfigure
00005d95  BEAGLE_UART_Init                  
0000529f  BMI160_AccelXGetResult            
000053e3  BMI160_AccelXYZGetResult          
000052c3  BMI160_AccelYGetResult            
000052e7  BMI160_AccelZGetResult            
000054df  BMI160_GetDataStatus              
0000530b  BMI160_GyroXGetResult             
00005437  BMI160_GyroXYZGetResult           
0000532f  BMI160_GyroYGetResult             
00005353  BMI160_GyroZGetResult             
000051f5  BMI160_Init                       
00005377  BMI160_MagXGetResult              
0000548b  BMI160_MagXYZGetResult            
0000539b  BMI160_MagYGetResult              
000053bf  BMI160_MagZGetResult              
00005277  BMI160_MultiReadRegister          
00005253  BMI160_ReadRegister               
0000522b  BMI160_WriteRegister              
000061c9  C$$EXIT                           
0000611d  CPUbasepriGet                     
0000610f  CPUbasepriSet                     
000060e9  CPUcpsid                          
000060ff  CPUcpsie                          
000060f5  CPUprimask                        
0000610b  CPUwfi                            
200064f8  CurrentlyRunningThread            
00006193  EndCriticalSection                
00003669  G8RTOS_AddThread                  
00003871  G8RTOS_Add_APeriodicEvent         
000038f1  G8RTOS_Add_PeriodicEvent          
00003b47  G8RTOS_GetNumberOfThreads         
00003b3f  G8RTOS_GetThreadID                
00003567  G8RTOS_Init                       
00005bc1  G8RTOS_InitSemaphore              
00003aa1  G8RTOS_KillSelf                   
000039d5  G8RTOS_KillThread                 
000035bb  G8RTOS_Launch                     
000035df  G8RTOS_Scheduler                  
00005c1f  G8RTOS_SignalSemaphore            
00005fc9  G8RTOS_Start                      
00005bdf  G8RTOS_WaitSemaphore              
00001db1  GPIOADCTriggerDisable             
00001d93  GPIOADCTriggerEnable              
00001d75  GPIODMATriggerDisable             
00001d57  GPIODMATriggerEnable              
0000486f  GPIOD_Handler                     
000012a7  GPIODirModeGet                    
0000124b  GPIODirModeSet                    
0000485d  GPIOE_Handler                     
00001861  GPIOIntClear                      
00001825  GPIOIntDisable                    
00001801  GPIOIntEnable                     
00001875  GPIOIntRegister                   
000018ad  GPIOIntRegisterPin                
0000183f  GPIOIntStatus                     
00001397  GPIOIntTypeGet                    
000012f3  GPIOIntTypeSet                    
00001893  GPIOIntUnregister                 
000018db  GPIOIntUnregisterPin              
0000168f  GPIOPadConfigGet                  
00001421  GPIOPadConfigSet                  
00001cf9  GPIOPinConfigure                  
000018ff  GPIOPinRead                       
00001937  GPIOPinTypeADC                    
0000195b  GPIOPinTypeCAN                    
0000197f  GPIOPinTypeComparator             
000019a3  GPIOPinTypeComparatorOutput       
000019c7  GPIOPinTypeDIVSCLK                
000019eb  GPIOPinTypeEPI                    
00001a0f  GPIOPinTypeEthernetLED            
00001a33  GPIOPinTypeEthernetMII            
00001a57  GPIOPinTypeGPIOInput              
00001a7b  GPIOPinTypeGPIOOutput             
00001aa5  GPIOPinTypeGPIOOutputOD           
00001ac9  GPIOPinTypeHibernateRTCCLK        
00001aed  GPIOPinTypeI2C                    
00001b11  GPIOPinTypeI2CSCL                 
00001b35  GPIOPinTypeLCD                    
00001b59  GPIOPinTypeOneWire                
00001b7d  GPIOPinTypePWM                    
00001ba1  GPIOPinTypeQEI                    
00001bc5  GPIOPinTypeSSI                    
00001be9  GPIOPinTypeTimer                  
00001c0d  GPIOPinTypeTrace                  
00001c31  GPIOPinTypeUART                   
00001c55  GPIOPinTypeUSBAnalog              
00001c79  GPIOPinTypeUSBDigital             
00001c9d  GPIOPinTypeWakeHigh               
00001cc3  GPIOPinTypeWakeLow                
00001ce9  GPIOPinWakeStatus                 
00001917  GPIOPinWrite                      
00001dcf  GPIOUnlockPin                     
000047e7  Get_Joystick                      
0000338b  I2CFIFODataGet                    
000033a5  I2CFIFODataGetNonBlocking         
00003341  I2CFIFODataPut                    
00003363  I2CFIFODataPutNonBlocking         
00003331  I2CFIFOStatus                     
00002f25  I2CIntRegister                    
00002f43  I2CIntUnregister                  
00003467  I2CLoopbackEnable                 
000033e1  I2CMasterBurstCountGet            
000033cb  I2CMasterBurstLengthSet           
00003189  I2CMasterBusBusy                  
00003171  I2CMasterBusy                     
000031a1  I2CMasterControl                  
000031f5  I2CMasterDataGet                  
000031df  I2CMasterDataPut                  
00002ef1  I2CMasterDisable                  
00002ebd  I2CMasterEnable                   
000031b3  I2CMasterErr                      
000033ef  I2CMasterGlitchFilterConfigSet    
00002df3  I2CMasterInitExpClk               
000030eb  I2CMasterIntClear                 
00003109  I2CMasterIntClearEx               
00002fb7  I2CMasterIntDisable               
00002fc7  I2CMasterIntDisableEx             
00002f5d  I2CMasterIntEnable                
00002f6d  I2CMasterIntEnableEx              
00003011  I2CMasterIntStatus                
00003055  I2CMasterIntStatusEx              
00003163  I2CMasterLineStateGet             
00003141  I2CMasterSlaveAddrSet             
00003203  I2CMasterTimeoutSet               
000032f1  I2CRxFIFOConfigSet                
00003319  I2CRxFIFOFlush                    
00003215  I2CSlaveACKOverride               
00003247  I2CSlaveACKValueSet               
00002e7f  I2CSlaveAddressSet                
000032a1  I2CSlaveDataGet                   
00003289  I2CSlaveDataPut                   
00002f07  I2CSlaveDisable                   
00002ed3  I2CSlaveEnable                    
00003455  I2CSlaveFIFODisable               
0000343d  I2CSlaveFIFOEnable                
00002e65  I2CSlaveInit                      
0000311b  I2CSlaveIntClear                  
0000312d  I2CSlaveIntClearEx                
00002fdf  I2CSlaveIntDisable                
00002ff7  I2CSlaveIntDisableEx              
00002f85  I2CSlaveIntEnable                 
00002f9d  I2CSlaveIntEnableEx               
00003081  I2CSlaveIntStatus                 
000030c9  I2CSlaveIntStatusEx               
00003279  I2CSlaveStatus                    
000032b1  I2CTxFIFOConfigSet                
000032d9  I2CTxFIFOFlush                    
000054f1  I2C_Init                          
00005659  I2C_ReadMultiple                  
0000557b  I2C_ReadSingle                    
000055b9  I2C_WriteMultiple                 
0000553d  I2C_WriteSingle                   
200064fc  IBit_State                        
00004c91  IntDisable                        
00004c1f  IntEnable                         
00004d03  IntIsEnabled                      
00004ae3  IntMasterDisable                  
00004ad3  IntMasterEnable                   
00004df9  IntPendClear                      
00004d89  IntPendSet                        
00004bfb  IntPriorityGet                    
00004b73  IntPriorityGroupingGet            
00004b59  IntPriorityGroupingSet            
00004e53  IntPriorityMaskGet                
00004e47  IntPriorityMaskSet                
00004bab  IntPrioritySet                    
00004af3  IntRegister                       
00004e5b  IntTrigger                        
00004b45  IntUnregister                     
00005a43  JOYSTICK_GetPress                 
00005a57  JOYSTICK_GetX                     
00005a79  JOYSTICK_GetXY                    
00005a67  JOYSTICK_GetY                     
000059b9  JOYSTICK_Init                     
00005a15  JOYSTICK_IntEnable                
00005f95  MultimodButtons_Get               
00005f61  MultimodButtons_Init              
000059a1  OPT3001_GetChipID                 
0000590f  OPT3001_GetResult                 
00005891  OPT3001_Init                      
000058d9  OPT3001_ReadRegister              
00005981  OPT3001_SetHighLimit              
00005961  OPT3001_SetLowLimit               
000058a5  OPT3001_WriteRegister             
00005feb  PendSV_Handler                    
000047a3  Read_Buttons                      
0000476f  Read_JoystickPress                
000061b3  ResetISR                          
00005705  SPI_Init                          
00005813  SPI_ReadMultiple                  
0000578b  SPI_ReadSingle                    
000057b3  SPI_WriteMultiple                 
0000576d  SPI_WriteSingle                   
00005149  SSIAdvDataPutFrameEnd             
0000516f  SSIAdvDataPutFrameEndNonBlocking  
000051b1  SSIAdvFrameHoldDisable            
0000519b  SSIAdvFrameHoldEnable             
00005117  SSIAdvModeSet                     
000050d5  SSIBusy                           
00005107  SSIClockSourceGet                 
000050f3  SSIClockSourceSet                 
00004eef  SSIConfigSetExpClk                
000050bd  SSIDMADisable                     
000050a5  SSIDMAEnable                      
00005067  SSIDataGet                        
00005083  SSIDataGetNonBlocking             
0000502d  SSIDataPut                        
00005047  SSIDataPutNonBlocking             
00004f7f  SSIDisable                        
00004f69  SSIEnable                         
0000501b  SSIIntClear                       
00004fe5  SSIIntDisable                     
00004fcd  SSIIntEnable                      
00004f95  SSIIntRegister                    
00004ffd  SSIIntStatus                      
00004fb3  SSIIntUnregister                  
000051dd  SSILoopbackDisable                
000051c7  SSILoopbackEnable                 
0000264f  ST7789_Deselect                   
000027e5  ST7789_DrawHLine                  
00002b87  ST7789_DrawLine                   
00002b19  ST7789_DrawPixel                  
00002c57  ST7789_DrawRectangle              
0000276d  ST7789_DrawVLine                  
00002b6b  ST7789_Fill                       
00002a37  ST7789_Init                       
00002899  ST7789_Line                       
000026a5  ST7789_ReadRegister               
00002641  ST7789_Select                     
0000266b  ST7789_SetCommand                 
0000265d  ST7789_SetData                    
000026b3  ST7789_SetWindow                  
00002ccb  ST7789_UartScreen                 
00002679  ST7789_WriteCommand               
00002693  ST7789_WriteData                  
0000618b  StartCriticalSection              
000011a9  SysCtlAltClkConfig                
000008d1  SysCtlClockFreqSet                
00000d99  SysCtlClockGet                    
0000118d  SysCtlClockOutConfig              
00000bc9  SysCtlClockSet                    
000007d5  SysCtlDeepSleep                   
00000f5d  SysCtlDeepSleepClockConfigSet     
00000f3f  SysCtlDeepSleepClockSet           
000007b5  SysCtlDeepSleepPowerSet           
000061bf  SysCtlDelay                       
00000363  SysCtlFlashSectorSizeGet          
00000337  SysCtlFlashSizeGet                
00001033  SysCtlGPIOAHBDisable              
00001017  SysCtlGPIOAHBEnable               
00000749  SysCtlIntClear                    
00000731  SysCtlIntDisable                  
0000071d  SysCtlIntEnable                   
000006f5  SysCtlIntRegister                 
00000759  SysCtlIntStatus                   
0000070d  SysCtlIntUnregister               
0000079b  SysCtlLDODeepSleepGet             
0000078b  SysCtlLDODeepSleepSet             
00000785  SysCtlLDOSleepGet                 
00000775  SysCtlLDOSleepSet                 
0000080b  SysCtlMOSCConfigSet               
00001171  SysCtlNMIClear                    
0000115d  SysCtlNMIStatus                   
00000821  SysCtlPIOSCCalibrate              
00001001  SysCtlPWMClockGet                 
00000fe7  SysCtlPWMClockSet                 
000006a1  SysCtlPeripheralClockGating       
00000659  SysCtlPeripheralDeepSleepDisable  
00000609  SysCtlPeripheralDeepSleepEnable   
00000545  SysCtlPeripheralDisable           
00000509  SysCtlPeripheralEnable            
00000445  SysCtlPeripheralPowerOff          
00000409  SysCtlPeripheralPowerOn           
00000389  SysCtlPeripheralPresent           
000003c9  SysCtlPeripheralReady             
00000481  SysCtlPeripheralReset             
000005cd  SysCtlPeripheralSleepDisable      
00000589  SysCtlPeripheralSleepEnable       
000007c5  SysCtlReset                       
00000881  SysCtlResetBehaviorGet            
00000871  SysCtlResetBehaviorSet            
000007f7  SysCtlResetCauseClear             
000007f1  SysCtlResetCauseGet               
0000032d  SysCtlSRAMSizeGet                 
000007cd  SysCtlSleep                       
000007a1  SysCtlSleepPowerSet               
0000105b  SysCtlUSBPLLDisable               
0000104f  SysCtlUSBPLLEnable                
000010a1  SysCtlVCOGet                      
00001089  SysCtlVoltageEventClear           
0000106d  SysCtlVoltageEventConfig          
0000107d  SysCtlVoltageEventStatus          
00005d19  SysTickDisable                    
00005d0d  SysTickEnable                     
00005d5d  SysTickIntDisable                 
00005d51  SysTickIntEnable                  
00005d25  SysTickIntRegister                
00005d3d  SysTickIntUnregister              
00005d7b  SysTickPeriodGet                  
00005d69  SysTickPeriodSet                  
00005d83  SysTickValueGet                   
000034b7  SysTick_Handler                   
20006500  SystemTime                        
0000414d  UART9BitAddrSend                  
00004127  UART9BitAddrSet                   
00004111  UART9BitDisable                   
000040fb  UART9BitEnable                    
00003f9f  UARTBreakCtl                      
00003fc9  UARTBusy                          
00003f47  UARTCharGet                       
00003f2b  UARTCharGetNonBlocking            
00003f81  UARTCharPut                       
00003f5d  UARTCharPutNonBlocking            
00003eef  UARTCharsAvail                    
000040eb  UARTClockSourceGet                
000040d7  UARTClockSourceSet                
00003cbf  UARTConfigGetExpClk               
00003c49  UARTConfigSetExpClk               
0000409d  UARTDMADisable                    
00004085  UARTDMAEnable                     
00003d2f  UARTDisable                       
00003db3  UARTDisableSIR                    
00003d0b  UARTEnable                        
00003d85  UARTEnableSIR                     
00003d6f  UARTFIFODisable                   
00003d59  UARTFIFOEnable                    
00003c21  UARTFIFOLevelGet                  
00003c09  UARTFIFOLevelSet                  
00003eaf  UARTFlowControlGet                
00003e93  UARTFlowControlSet                
00004073  UARTIntClear                      
0000403d  UARTIntDisable                    
00004025  UARTIntEnable                     
00003fe7  UARTIntRegister                   
00004055  UARTIntStatus                     
00004005  UARTIntUnregister                 
00004195  UARTLoopbackEnable                
00003e49  UARTModemControlClear             
00003e6d  UARTModemControlGet               
00003e11  UARTModemControlSet               
00003e7f  UARTModemStatusGet                
00003bf7  UARTParityModeGet                 
00003bdb  UARTParityModeSet                 
000040c7  UARTRxErrorClear                  
000040b5  UARTRxErrorGet                    
00003dfb  UARTSmartCardDisable              
00003dc9  UARTSmartCardEnable               
00003f0d  UARTSpaceAvail                    
000041ad  UARTStdioConfig                   
00003edd  UARTTxIntModeGet                  
00003ec1  UARTTxIntModeSet                  
00005ef9  UART_Init                         
000042fd  UARTgetc                          
00004243  UARTgets                          
0000461f  UARTprintf                        
00004325  UARTvprintf                       
000041f3  UARTwrite                         
20007510  __STACK_END                       
00001000  __STACK_SIZE                      
20006710  __STACK_TOP                       
000068f8  __TI_CINIT_Base                   
00006910  __TI_CINIT_Limit                  
000068d8  __TI_Handler_Table_Base           
000068e4  __TI_Handler_Table_Limit          
00006065  __TI_auto_init_nobinit_nopinit    
00005e8f  __TI_decompress_lzss              
00006199  __TI_decompress_none              
ffffffff  __TI_pprof_out_hndl               
ffffffff  __TI_prof_data_size               
ffffffff  __TI_prof_data_start              
00000000  __TI_static_base__                
000061a7  __TI_zero_init                    
0000601d  __aeabi_d2iz                      
00005ac5  __aeabi_dmul                      
0000615d  __aeabi_i2d                       
000041ab  __aeabi_idiv0                     
000041ab  __aeabi_ldiv0                     
00005e15  __aeabi_memclr                    
00005e15  __aeabi_memclr4                   
00005e15  __aeabi_memclr8                   
00005c71  __aeabi_memcpy                    
00005c71  __aeabi_memcpy4                   
00005c71  __aeabi_memcpy8                   
00005e17  __aeabi_memset                    
00005e17  __aeabi_memset4                   
00005e17  __aeabi_memset8                   
000060a9  __aeabi_uidiv                     
000060a9  __aeabi_uidivmod                  
ffffffff  __binit__                         
ffffffff  __c_args__                        
UNDEFED   __mpu_init                        
20006510  __stack                           
20000000  __start___llvm_prf_cnts           
20000000  __stop___llvm_prf_cnts            
00006129  _c_int00_noargs                   
UNDEFED   _system_post_cinit                
000061c5  _system_pre_init                  
000061c9  abort                             
00004881  beagle_data                       
ffffffff  binit                             
00002a19  delay_ms                          
00002ce1  end_me                            
20000000  g_pfnRAMVectors                   
00000000  g_pfnVectors                      
00004705  get_color                         
000049e1  handle_draw                       
000048eb  handle_read                       
00004737  idle                              
00004679  is_valid_move                     
000046bf  is_valid_move_obs                 
20006504  joystick_semaphore                
20007510  joystick_y                        
00004a21  main                              
00005c71  memcpy                            
00005e1d  memset                            
20007514  on_ground                         
00003b15  sleep                             
20006508  spi_semaphore                     
20007511  sw_1_pressed                      
20007512  sw_2_pressed                      
2000650c  sw_semaphore                      
200064dc  to_send_s                         
20007513  uart_index_g                      
20007515  x_val                             
20007516  y_val                             


GLOBAL SYMBOLS: SORTED BY Symbol Address 

address   name                              
-------   ----                              
00000000  __TI_static_base__                
00000000  g_pfnVectors                      
0000032d  SysCtlSRAMSizeGet                 
00000337  SysCtlFlashSizeGet                
00000363  SysCtlFlashSectorSizeGet          
00000389  SysCtlPeripheralPresent           
000003c9  SysCtlPeripheralReady             
00000409  SysCtlPeripheralPowerOn           
00000445  SysCtlPeripheralPowerOff          
00000481  SysCtlPeripheralReset             
00000509  SysCtlPeripheralEnable            
00000545  SysCtlPeripheralDisable           
00000589  SysCtlPeripheralSleepEnable       
000005cd  SysCtlPeripheralSleepDisable      
00000609  SysCtlPeripheralDeepSleepEnable   
00000659  SysCtlPeripheralDeepSleepDisable  
000006a1  SysCtlPeripheralClockGating       
000006f5  SysCtlIntRegister                 
0000070d  SysCtlIntUnregister               
0000071d  SysCtlIntEnable                   
00000731  SysCtlIntDisable                  
00000749  SysCtlIntClear                    
00000759  SysCtlIntStatus                   
00000775  SysCtlLDOSleepSet                 
00000785  SysCtlLDOSleepGet                 
0000078b  SysCtlLDODeepSleepSet             
0000079b  SysCtlLDODeepSleepGet             
000007a1  SysCtlSleepPowerSet               
000007b5  SysCtlDeepSleepPowerSet           
000007c5  SysCtlReset                       
000007cd  SysCtlSleep                       
000007d5  SysCtlDeepSleep                   
000007f1  SysCtlResetCauseGet               
000007f7  SysCtlResetCauseClear             
0000080b  SysCtlMOSCConfigSet               
00000821  SysCtlPIOSCCalibrate              
00000871  SysCtlResetBehaviorSet            
00000881  SysCtlResetBehaviorGet            
000008d1  SysCtlClockFreqSet                
00000bc9  SysCtlClockSet                    
00000d99  SysCtlClockGet                    
00000f3f  SysCtlDeepSleepClockSet           
00000f5d  SysCtlDeepSleepClockConfigSet     
00000fe7  SysCtlPWMClockSet                 
00001000  __STACK_SIZE                      
00001001  SysCtlPWMClockGet                 
00001017  SysCtlGPIOAHBEnable               
00001033  SysCtlGPIOAHBDisable              
0000104f  SysCtlUSBPLLEnable                
0000105b  SysCtlUSBPLLDisable               
0000106d  SysCtlVoltageEventConfig          
0000107d  SysCtlVoltageEventStatus          
00001089  SysCtlVoltageEventClear           
000010a1  SysCtlVCOGet                      
0000115d  SysCtlNMIStatus                   
00001171  SysCtlNMIClear                    
0000118d  SysCtlClockOutConfig              
000011a9  SysCtlAltClkConfig                
0000124b  GPIODirModeSet                    
000012a7  GPIODirModeGet                    
000012f3  GPIOIntTypeSet                    
00001397  GPIOIntTypeGet                    
00001421  GPIOPadConfigSet                  
0000168f  GPIOPadConfigGet                  
00001801  GPIOIntEnable                     
00001825  GPIOIntDisable                    
0000183f  GPIOIntStatus                     
00001861  GPIOIntClear                      
00001875  GPIOIntRegister                   
00001893  GPIOIntUnregister                 
000018ad  GPIOIntRegisterPin                
000018db  GPIOIntUnregisterPin              
000018ff  GPIOPinRead                       
00001917  GPIOPinWrite                      
00001937  GPIOPinTypeADC                    
0000195b  GPIOPinTypeCAN                    
0000197f  GPIOPinTypeComparator             
000019a3  GPIOPinTypeComparatorOutput       
000019c7  GPIOPinTypeDIVSCLK                
000019eb  GPIOPinTypeEPI                    
00001a0f  GPIOPinTypeEthernetLED            
00001a33  GPIOPinTypeEthernetMII            
00001a57  GPIOPinTypeGPIOInput              
00001a7b  GPIOPinTypeGPIOOutput             
00001aa5  GPIOPinTypeGPIOOutputOD           
00001ac9  GPIOPinTypeHibernateRTCCLK        
00001aed  GPIOPinTypeI2C                    
00001b11  GPIOPinTypeI2CSCL                 
00001b35  GPIOPinTypeLCD                    
00001b59  GPIOPinTypeOneWire                
00001b7d  GPIOPinTypePWM                    
00001ba1  GPIOPinTypeQEI                    
00001bc5  GPIOPinTypeSSI                    
00001be9  GPIOPinTypeTimer                  
00001c0d  GPIOPinTypeTrace                  
00001c31  GPIOPinTypeUART                   
00001c55  GPIOPinTypeUSBAnalog              
00001c79  GPIOPinTypeUSBDigital             
00001c9d  GPIOPinTypeWakeHigh               
00001cc3  GPIOPinTypeWakeLow                
00001ce9  GPIOPinWakeStatus                 
00001cf9  GPIOPinConfigure                  
00001d57  GPIODMATriggerEnable              
00001d75  GPIODMATriggerDisable             
00001d93  GPIOADCTriggerEnable              
00001db1  GPIOADCTriggerDisable             
00001dcf  GPIOUnlockPin                     
00001e5b  ADCIntRegister                    
00001e83  ADCIntUnregister                  
00001ea1  ADCIntDisable                     
00001ebd  ADCIntEnable                      
00001ee3  ADCIntStatus                      
00001f3b  ADCIntClear                       
00001f51  ADCSequenceEnable                 
00001f6b  ADCSequenceDisable                
00001f85  ADCSequenceConfigure              
00002021  ADCSequenceStepConfigure          
0000210f  ADCSequenceOverflow               
00002127  ADCSequenceOverflowClear          
0000213d  ADCSequenceUnderflow              
00002155  ADCSequenceUnderflowClear         
0000216b  ADCSequenceDataGet                
000021ad  ADCProcessorTrigger               
000021d1  ADCSoftwareOversampleConfigure    
00002223  ADCSoftwareOversampleStepConfigure
00002305  ADCSoftwareOversampleDataGet      
00002399  ADCHardwareOversampleConfigure    
000023cb  ADCComparatorConfigure            
000023e7  ADCComparatorRegionSet            
0000240b  ADCComparatorReset                
00002451  ADCComparatorIntDisable           
0000246f  ADCComparatorIntEnable            
00002491  ADCComparatorIntStatus            
000024a5  ADCComparatorIntClear             
000024b7  ADCIntDisableEx                   
000024cf  ADCIntEnableEx                    
000024e7  ADCIntStatusEx                    
00002519  ADCIntClearEx                     
0000252b  ADCReferenceSet                   
00002547  ADCReferenceGet                   
00002559  ADCPhaseDelaySet                  
0000256b  ADCPhaseDelayGet                  
00002579  ADCSequenceDMAEnable              
00002595  ADCSequenceDMADisable             
000025b1  ADCBusy                           
000025cf  ADCClockConfigSet                 
000025f9  ADCClockConfigGet                 
00002641  ST7789_Select                     
0000264f  ST7789_Deselect                   
0000265d  ST7789_SetData                    
0000266b  ST7789_SetCommand                 
00002679  ST7789_WriteCommand               
00002693  ST7789_WriteData                  
000026a5  ST7789_ReadRegister               
000026b3  ST7789_SetWindow                  
0000276d  ST7789_DrawVLine                  
000027e5  ST7789_DrawHLine                  
00002899  ST7789_Line                       
00002a19  delay_ms                          
00002a37  ST7789_Init                       
00002b19  ST7789_DrawPixel                  
00002b6b  ST7789_Fill                       
00002b87  ST7789_DrawLine                   
00002c57  ST7789_DrawRectangle              
00002ccb  ST7789_UartScreen                 
00002ce1  end_me                            
00002df3  I2CMasterInitExpClk               
00002e65  I2CSlaveInit                      
00002e7f  I2CSlaveAddressSet                
00002ebd  I2CMasterEnable                   
00002ed3  I2CSlaveEnable                    
00002ef1  I2CMasterDisable                  
00002f07  I2CSlaveDisable                   
00002f25  I2CIntRegister                    
00002f43  I2CIntUnregister                  
00002f5d  I2CMasterIntEnable                
00002f6d  I2CMasterIntEnableEx              
00002f85  I2CSlaveIntEnable                 
00002f9d  I2CSlaveIntEnableEx               
00002fb7  I2CMasterIntDisable               
00002fc7  I2CMasterIntDisableEx             
00002fdf  I2CSlaveIntDisable                
00002ff7  I2CSlaveIntDisableEx              
00003011  I2CMasterIntStatus                
00003055  I2CMasterIntStatusEx              
00003081  I2CSlaveIntStatus                 
000030c9  I2CSlaveIntStatusEx               
000030eb  I2CMasterIntClear                 
00003109  I2CMasterIntClearEx               
0000311b  I2CSlaveIntClear                  
0000312d  I2CSlaveIntClearEx                
00003141  I2CMasterSlaveAddrSet             
00003163  I2CMasterLineStateGet             
00003171  I2CMasterBusy                     
00003189  I2CMasterBusBusy                  
000031a1  I2CMasterControl                  
000031b3  I2CMasterErr                      
000031df  I2CMasterDataPut                  
000031f5  I2CMasterDataGet                  
00003203  I2CMasterTimeoutSet               
00003215  I2CSlaveACKOverride               
00003247  I2CSlaveACKValueSet               
00003279  I2CSlaveStatus                    
00003289  I2CSlaveDataPut                   
000032a1  I2CSlaveDataGet                   
000032b1  I2CTxFIFOConfigSet                
000032d9  I2CTxFIFOFlush                    
000032f1  I2CRxFIFOConfigSet                
00003319  I2CRxFIFOFlush                    
00003331  I2CFIFOStatus                     
00003341  I2CFIFODataPut                    
00003363  I2CFIFODataPutNonBlocking         
0000338b  I2CFIFODataGet                    
000033a5  I2CFIFODataGetNonBlocking         
000033cb  I2CMasterBurstLengthSet           
000033e1  I2CMasterBurstCountGet            
000033ef  I2CMasterGlitchFilterConfigSet    
0000343d  I2CSlaveFIFOEnable                
00003455  I2CSlaveFIFODisable               
00003467  I2CLoopbackEnable                 
000034b7  SysTick_Handler                   
00003567  G8RTOS_Init                       
000035bb  G8RTOS_Launch                     
000035df  G8RTOS_Scheduler                  
00003669  G8RTOS_AddThread                  
00003871  G8RTOS_Add_APeriodicEvent         
000038f1  G8RTOS_Add_PeriodicEvent          
000039d5  G8RTOS_KillThread                 
00003aa1  G8RTOS_KillSelf                   
00003b15  sleep                             
00003b3f  G8RTOS_GetThreadID                
00003b47  G8RTOS_GetNumberOfThreads         
00003bdb  UARTParityModeSet                 
00003bf7  UARTParityModeGet                 
00003c09  UARTFIFOLevelSet                  
00003c21  UARTFIFOLevelGet                  
00003c49  UARTConfigSetExpClk               
00003cbf  UARTConfigGetExpClk               
00003d0b  UARTEnable                        
00003d2f  UARTDisable                       
00003d59  UARTFIFOEnable                    
00003d6f  UARTFIFODisable                   
00003d85  UARTEnableSIR                     
00003db3  UARTDisableSIR                    
00003dc9  UARTSmartCardEnable               
00003dfb  UARTSmartCardDisable              
00003e11  UARTModemControlSet               
00003e49  UARTModemControlClear             
00003e6d  UARTModemControlGet               
00003e7f  UARTModemStatusGet                
00003e93  UARTFlowControlSet                
00003eaf  UARTFlowControlGet                
00003ec1  UARTTxIntModeSet                  
00003edd  UARTTxIntModeGet                  
00003eef  UARTCharsAvail                    
00003f0d  UARTSpaceAvail                    
00003f2b  UARTCharGetNonBlocking            
00003f47  UARTCharGet                       
00003f5d  UARTCharPutNonBlocking            
00003f81  UARTCharPut                       
00003f9f  UARTBreakCtl                      
00003fc9  UARTBusy                          
00003fe7  UARTIntRegister                   
00004005  UARTIntUnregister                 
00004025  UARTIntEnable                     
0000403d  UARTIntDisable                    
00004055  UARTIntStatus                     
00004073  UARTIntClear                      
00004085  UARTDMAEnable                     
0000409d  UARTDMADisable                    
000040b5  UARTRxErrorGet                    
000040c7  UARTRxErrorClear                  
000040d7  UARTClockSourceSet                
000040eb  UARTClockSourceGet                
000040fb  UART9BitEnable                    
00004111  UART9BitDisable                   
00004127  UART9BitAddrSet                   
0000414d  UART9BitAddrSend                  
00004195  UARTLoopbackEnable                
000041ab  __aeabi_idiv0                     
000041ab  __aeabi_ldiv0                     
000041ad  UARTStdioConfig                   
000041f3  UARTwrite                         
00004243  UARTgets                          
000042fd  UARTgetc                          
00004325  UARTvprintf                       
0000461f  UARTprintf                        
00004679  is_valid_move                     
000046bf  is_valid_move_obs                 
00004705  get_color                         
00004737  idle                              
0000476f  Read_JoystickPress                
000047a3  Read_Buttons                      
000047e7  Get_Joystick                      
0000485d  GPIOE_Handler                     
0000486f  GPIOD_Handler                     
00004881  beagle_data                       
000048eb  handle_read                       
000049e1  handle_draw                       
00004a21  main                              
00004ad3  IntMasterEnable                   
00004ae3  IntMasterDisable                  
00004af3  IntRegister                       
00004b45  IntUnregister                     
00004b59  IntPriorityGroupingSet            
00004b73  IntPriorityGroupingGet            
00004bab  IntPrioritySet                    
00004bfb  IntPriorityGet                    
00004c1f  IntEnable                         
00004c91  IntDisable                        
00004d03  IntIsEnabled                      
00004d89  IntPendSet                        
00004df9  IntPendClear                      
00004e47  IntPriorityMaskSet                
00004e53  IntPriorityMaskGet                
00004e5b  IntTrigger                        
00004eef  SSIConfigSetExpClk                
00004f69  SSIEnable                         
00004f7f  SSIDisable                        
00004f95  SSIIntRegister                    
00004fb3  SSIIntUnregister                  
00004fcd  SSIIntEnable                      
00004fe5  SSIIntDisable                     
00004ffd  SSIIntStatus                      
0000501b  SSIIntClear                       
0000502d  SSIDataPut                        
00005047  SSIDataPutNonBlocking             
00005067  SSIDataGet                        
00005083  SSIDataGetNonBlocking             
000050a5  SSIDMAEnable                      
000050bd  SSIDMADisable                     
000050d5  SSIBusy                           
000050f3  SSIClockSourceSet                 
00005107  SSIClockSourceGet                 
00005117  SSIAdvModeSet                     
00005149  SSIAdvDataPutFrameEnd             
0000516f  SSIAdvDataPutFrameEndNonBlocking  
0000519b  SSIAdvFrameHoldEnable             
000051b1  SSIAdvFrameHoldDisable            
000051c7  SSILoopbackEnable                 
000051dd  SSILoopbackDisable                
000051f5  BMI160_Init                       
0000522b  BMI160_WriteRegister              
00005253  BMI160_ReadRegister               
00005277  BMI160_MultiReadRegister          
0000529f  BMI160_AccelXGetResult            
000052c3  BMI160_AccelYGetResult            
000052e7  BMI160_AccelZGetResult            
0000530b  BMI160_GyroXGetResult             
0000532f  BMI160_GyroYGetResult             
00005353  BMI160_GyroZGetResult             
00005377  BMI160_MagXGetResult              
0000539b  BMI160_MagYGetResult              
000053bf  BMI160_MagZGetResult              
000053e3  BMI160_AccelXYZGetResult          
00005437  BMI160_GyroXYZGetResult           
0000548b  BMI160_MagXYZGetResult            
000054df  BMI160_GetDataStatus              
000054f1  I2C_Init                          
0000553d  I2C_WriteSingle                   
0000557b  I2C_ReadSingle                    
000055b9  I2C_WriteMultiple                 
00005659  I2C_ReadMultiple                  
00005705  SPI_Init                          
0000576d  SPI_WriteSingle                   
0000578b  SPI_ReadSingle                    
000057b3  SPI_WriteMultiple                 
00005813  SPI_ReadMultiple                  
00005891  OPT3001_Init                      
000058a5  OPT3001_WriteRegister             
000058d9  OPT3001_ReadRegister              
0000590f  OPT3001_GetResult                 
00005961  OPT3001_SetLowLimit               
00005981  OPT3001_SetHighLimit              
000059a1  OPT3001_GetChipID                 
000059b9  JOYSTICK_Init                     
00005a15  JOYSTICK_IntEnable                
00005a43  JOYSTICK_GetPress                 
00005a57  JOYSTICK_GetX                     
00005a67  JOYSTICK_GetY                     
00005a79  JOYSTICK_GetXY                    
00005ac5  __aeabi_dmul                      
00005bc1  G8RTOS_InitSemaphore              
00005bdf  G8RTOS_WaitSemaphore              
00005c1f  G8RTOS_SignalSemaphore            
00005c71  __aeabi_memcpy                    
00005c71  __aeabi_memcpy4                   
00005c71  __aeabi_memcpy8                   
00005c71  memcpy                            
00005d0d  SysTickEnable                     
00005d19  SysTickDisable                    
00005d25  SysTickIntRegister                
00005d3d  SysTickIntUnregister              
00005d51  SysTickIntEnable                  
00005d5d  SysTickIntDisable                 
00005d69  SysTickPeriodSet                  
00005d7b  SysTickPeriodGet                  
00005d83  SysTickValueGet                   
00005d95  BEAGLE_UART_Init                  
00005e15  __aeabi_memclr                    
00005e15  __aeabi_memclr4                   
00005e15  __aeabi_memclr8                   
00005e17  __aeabi_memset                    
00005e17  __aeabi_memset4                   
00005e17  __aeabi_memset8                   
00005e1d  memset                            
00005e8f  __TI_decompress_lzss              
00005ef9  UART_Init                         
00005f61  MultimodButtons_Init              
00005f95  MultimodButtons_Get               
00005fc9  G8RTOS_Start                      
00005feb  PendSV_Handler                    
0000601d  __aeabi_d2iz                      
00006065  __TI_auto_init_nobinit_nopinit    
000060a9  __aeabi_uidiv                     
000060a9  __aeabi_uidivmod                  
000060e9  CPUcpsid                          
000060f5  CPUprimask                        
000060ff  CPUcpsie                          
0000610b  CPUwfi                            
0000610f  CPUbasepriSet                     
0000611d  CPUbasepriGet                     
00006129  _c_int00_noargs                   
0000615d  __aeabi_i2d                       
0000618b  StartCriticalSection              
00006193  EndCriticalSection                
00006199  __TI_decompress_none              
000061a7  __TI_zero_init                    
000061b3  ResetISR                          
000061bf  SysCtlDelay                       
000061c5  _system_pre_init                  
000061c9  C$$EXIT                           
000061c9  abort                             
000068d8  __TI_Handler_Table_Base           
000068e4  __TI_Handler_Table_Limit          
000068f8  __TI_CINIT_Base                   
00006910  __TI_CINIT_Limit                  
20000000  __start___llvm_prf_cnts           
20000000  __stop___llvm_prf_cnts            
20000000  g_pfnRAMVectors                   
200064dc  to_send_s                         
200064f8  CurrentlyRunningThread            
200064fc  IBit_State                        
20006500  SystemTime                        
20006504  joystick_semaphore                
20006508  spi_semaphore                     
2000650c  sw_semaphore                      
20006510  __stack                           
20006710  __STACK_TOP                       
20007510  __STACK_END                       
20007510  joystick_y                        
20007511  sw_1_pressed                      
20007512  sw_2_pressed                      
20007513  uart_index_g                      
20007514  on_ground                         
20007515  x_val                             
20007516  y_val                             
ffffffff  __TI_pprof_out_hndl               
ffffffff  __TI_prof_data_size               
ffffffff  __TI_prof_data_start              
ffffffff  __binit__                         
ffffffff  __c_args__                        
ffffffff  binit                             
UNDEFED   __mpu_init                        
UNDEFED   _system_post_cinit                

[465 symbols]
