******************************************************************************
                  TI ARM Linker PC v20.2.7                     
******************************************************************************
>> Linked Thu Dec 12 02:48:19 2024

OUTPUT FILE NAME:   <midterm.out>
ENTRY POINT SYMBOL: "_c_int00_noargs"  address: 0000634d


MEMORY CONFIGURATION

         name            origin    length      used     unused   attr    fill
----------------------  --------  ---------  --------  --------  ----  --------
  FLASH                 00000000   00040000  00007550  00038ab0  R  X
  SRAM                  20000000   00008000  000057b0  00002850  RW X


SEGMENT ALLOCATION MAP

run origin  load origin   length   init length attrs members
----------  ----------- ---------- ----------- ----- -------
00000000    00000000    00007550   00007550    r-x
  00000000    00000000    0000026c   0000026c    r-- .intvecs
  0000026c    0000026c    00006184   00006184    r-x .text
  000063f0    000063f0    000006f8   000006f8    r-- .const
  00006ae8    00006ae8    00000a68   00000a68    r-- .cinit
20000000    20000000    000057b0   00000000    rw-
  20000000    20000000    0000026c   00000000    rw- .vtable
  2000026c    2000026c    0000319c   00000000    rw- .bss
  20003408    20003408    000013a8   00000000    rw- .data
  200047b0    200047b0    00001000   00000000    rw- .stack


SECTION ALLOCATION MAP

 output                                  attributes/
section   page    origin      length       input sections
--------  ----  ----------  ----------   ----------------
.intvecs   0    00000000    0000026c     
                  00000000    0000026c     tm4c123gh6pm_startup_ccs.obj (.intvecs)

.text      0    0000026c    00006184     
                  0000026c    00000f80     sysctl.obj (.text)
                  000011ec    00000c14     gpio.obj (.text)
                  00001e00    000008b0     multimod_ST7789.obj (.text)
                  000026b0    00000840     adc.obj (.text)
                  00002ef0    000006f8     i2c.obj (.text)
                  000035e8    000006f0     G8RTOS_Scheduler.obj (.text)
                  00003cd8    0000062e     uart.obj (.text)
                  00004306    00000002     rtsv7M4_T_le_v4SPD16_eabi.lib : div0.asm.obj (.text)
                  00004308    00000538     main.obj (.text)
                  00004840    000004a8     uartstdio.obj (.text)
                  00004ce8    000003c0     interrupt.obj (.text)
                  000050a8    00000362     ssi.obj (.text)
                  0000540a    00000002     --HOLE-- [fill = 0]
                  0000540c    000002fc     multimod_BMI160.obj (.text)
                  00005708    00000214     multimod_i2c.obj (.text)
                  0000591c    0000018c     multimod_spi.obj (.text)
                  00005aa8    00000128     multimod_OPT3001.obj (.text)
                  00005bd0    0000010c     multimod_joystick.obj (.text)
                  00005cdc    000000fc     rtsv7M4_T_le_v4SPD16_eabi.lib : fd_mul_t2.asm.obj (.text)
                  00005dd8    000000b0     G8RTOS_Semaphores.obj (.text)
                  00005e88    0000009c     rtsv7M4_T_le_v4SPD16_eabi.lib : memcpy_t2.asm.obj (.text)
                  00005f24    0000008c     beagle_uart.obj (.text)
                  00005fb0    00000088     systick.obj (.text)
                  00006038    0000007a     rtsv7M4_T_le_v4SPD16_eabi.lib : memset_t2.asm.obj (.text)
                  000060b2    00000068                                   : copy_decompress_lzss.c.obj (.text:decompress:lzss:__TI_decompress_lzss)
                  0000611a    00000002     --HOLE-- [fill = 0]
                  0000611c    00000068     multimod_uart.obj (.text)
                  00006184    00000060     multimod_buttons.obj (.text)
                  000061e4    0000005c     G8RTOS_SchedulerASM.obj (.text)
                  00006240    00000048     rtsv7M4_T_le_v4SPD16_eabi.lib : fd_toi_t2.asm.obj (.text)
                  00006288    00000044                                   : autoinit.c.obj (.text:__TI_auto_init_nobinit_nopinit:__TI_auto_init_nobinit_nopinit)
                  000062cc    00000040                                   : u_divt2.asm.obj (.text)
                  0000630c    0000003e     cpu.obj (.text)
                  0000634a    00000002     --HOLE-- [fill = 0]
                  0000634c    00000034     rtsv7M4_T_le_v4SPD16_eabi.lib : boot_cortex_m.c.obj (.text:_c_int00_noargs:_c_int00_noargs)
                  00006380    0000002e                                   : i_tofd_t2.asm.obj (.text)
                  000063ae    0000000e     G8RTOS_CriticalSection.obj (.text)
                  000063bc    0000000e     rtsv7M4_T_le_v4SPD16_eabi.lib : copy_decompress_none.c.obj (.text:decompress:none:__TI_decompress_none)
                  000063ca    0000000c                                   : copy_zero_init.c.obj (.text:decompress:ZI:__TI_zero_init)
                  000063d6    0000000c     tm4c123gh6pm_startup_ccs.obj (.text)
                  000063e2    00000006     sysctl.obj (.text:SysCtlDelay)
                  000063e8    00000004     rtsv7M4_T_le_v4SPD16_eabi.lib : pre_init.c.obj (.text:_system_pre_init)
                  000063ec    00000004                                   : exit.c.obj (.text:abort:abort)

.const     0    000063f0    000006f8     
                  000063f0    000001b0     sysctl.obj (.const:g_pppui32XTALtoVCO)
                  000065a0    000000d8     gpio.obj (.const:g_ppui32GPIOIntMapSnowflake)
                  00006678    000000c0     gpio.obj (.const:g_ppui32GPIOIntMapBlizzard)
                  00006738    0000009c     interrupt.obj (.const:g_pui32Regs)
                  000067d4    00000090     gpio.obj (.const:g_pui32GPIOBaseAddrs)
                  00006864    0000006c     sysctl.obj (.const:g_pui32Xtals)
                  000068d0    00000050     i2c.obj (.const:g_ppui32I2CIntMapSnowflake)
                  00006920    00000040     uart.obj (.const:g_ppui32UARTIntMap)
                  00006960    00000040     uart.obj (.const:g_ppui32UARTIntMapSnowflake)
                  000069a0    00000030     i2c.obj (.const:g_ppui32I2CIntMap)
                  000069d0    00000030     sysctl.obj (.const:g_sXTALtoMEMTIM)
                  00006a00    00000020     ssi.obj (.const:g_ppui32SSIIntMap)
                  00006a20    00000020     ssi.obj (.const:g_ppui32SSIIntMapSnowflake)
                  00006a40    00000020     interrupt.obj (.const:g_pui32Priority)
                  00006a60    00000014     interrupt.obj (.const:g_pui32Dii16Regs)
                  00006a74    00000014     interrupt.obj (.const:g_pui32EnRegs)
                  00006a88    00000014     interrupt.obj (.const:g_pui32PendRegs)
                  00006a9c    00000014     interrupt.obj (.const:g_pui32UnpendRegs)
                  00006ab0    00000012     uartstdio.obj (.const:.string)
                  00006ac2    00000002     --HOLE-- [fill = 0]
                  00006ac4    0000000c     uartstdio.obj (.const:g_ui32UARTBase)
                  00006ad0    0000000c     uartstdio.obj (.const:g_ui32UARTPeriph)
                  00006adc    00000008     sysctl.obj (.const:g_pui32VCOFrequencies)
                  00006ae4    00000004     uartstdio.obj (.const)

.cinit     0    00006ae8    00000a68     
                  00006ae8    00000a30     (.cinit..data.load) [load image, compression = lzss]
                  00007518    0000000c     (__TI_handler_table)
                  00007524    00000004     --HOLE-- [fill = 0]
                  00007528    00000008     (.cinit..bss.load) [load image, compression = zero_init]
                  00007530    00000008     (.cinit..vtable.load) [load image, compression = zero_init]
                  00007538    00000018     (__TI_cinit_table)

.init_array 
*          0    00000000    00000000     UNINITIALIZED

.vtable    0    20000000    0000026c     UNINITIALIZED
                  20000000    0000026c     interrupt.obj (.vtable)

.bss       0    2000026c    0000319c     UNINITIALIZED
                  2000026c    00003000     G8RTOS_Scheduler.obj (.bss:threadStacks)
                  2000326c    00000108     G8RTOS_Scheduler.obj (.bss:threadControlBlocks)
                  20003374    00000060     G8RTOS_Scheduler.obj (.bss:pthreadControlBlocks)
                  200033d4    0000000c     (.common:to_send_s)
                  200033e0    00000008     G8RTOS_Scheduler.obj (.bss)
                  200033e8    00000008     adc.obj (.bss:g_pui8OversampleFactor)
                  200033f0    00000004     (.common:CurrentlyRunningThread)
                  200033f4    00000004     (.common:IBit_State)
                  200033f8    00000004     (.common:SystemTime)
                  200033fc    00000004     (.common:joystick_semaphore)
                  20003400    00000004     (.common:spi_semaphore)
                  20003404    00000004     (.common:sw_semaphore)

.data      0    20003408    000013a8     UNINITIALIZED
                  20003408    000004e2     multimod_ST7789.obj (.data:sfb)
                  200038ea    000004e2     multimod_ST7789.obj (.data:sff)
                  20003dcc    000004e2     multimod_ST7789.obj (.data:sfl)
                  200042ae    000004e2     multimod_ST7789.obj (.data:sfr)
                  20004790    00000011     main.obj (.data)
                  200047a1    00000003     --HOLE--
                  200047a4    00000005     uartstdio.obj (.data)
                  200047a9    00000003     --HOLE--
                  200047ac    00000004     G8RTOS_Scheduler.obj (.data)

.stack     0    200047b0    00001000     UNINITIALIZED
                  200047b0    00000004     rtsv7M4_T_le_v4SPD16_eabi.lib : boot_cortex_m.c.obj (.stack)
                  200047b4    00000ffc     --HOLE--

__llvm_prf_cnts 
*          0    20000000    00000000     UNINITIALIZED

MODULE SUMMARY

       Module                         code    ro data   rw data
       ------                         ----    -------   -------
    .\
       main.obj                       1336    0         45     
       tm4c123gh6pm_startup_ccs.obj   12      620       0      
    +--+------------------------------+-------+---------+---------+
       Total:                         1348    620       45     
                                                               
    .\G8RTOS\src\
       G8RTOS_Scheduler.obj           1776    0         12668  
       G8RTOS_Semaphores.obj          176     0         0      
       G8RTOS_SchedulerASM.obj        92      0         0      
       G8RTOS_CriticalSection.obj     14      0         0      
    +--+------------------------------+-------+---------+---------+
       Total:                         2058    0         12668  
                                                               
    .\MultimodDrivers\src\
       multimod_ST7789.obj            2224    0         5000   
       multimod_BMI160.obj            764     0         0      
       multimod_i2c.obj               532     0         0      
       multimod_spi.obj               396     0         0      
       multimod_OPT3001.obj           296     0         0      
       multimod_joystick.obj          268     0         0      
       beagle_uart.obj                140     0         0      
       multimod_uart.obj              104     0         0      
       multimod_buttons.obj           96      0         0      
    +--+------------------------------+-------+---------+---------+
       Total:                         4820    0         5000   
                                                               
    .\driverlib\
       sysctl.obj                     3974    596       0      
       gpio.obj                       3092    552       0      
       adc.obj                        2112    0         8      
       i2c.obj                        1784    128       0      
       interrupt.obj                  960     268       620    
       uart.obj                       1582    128       0      
       uartstdio.obj                  1192    46        5      
       ssi.obj                        866     64        0      
       systick.obj                    136     0         0      
       cpu.obj                        62      0         0      
    +--+------------------------------+-------+---------+---------+
       Total:                         15760   1782      633    
                                                               
    C:\ti\ccs1280\ccs\tools\compiler\ti-cgt-arm_20.2.7.LTS\lib\rtsv7M4_T_le_v4SPD16_eabi.lib
       fd_mul_t2.asm.obj              252     0         0      
       memcpy_t2.asm.obj              156     0         0      
       memset_t2.asm.obj              122     0         0      
       copy_decompress_lzss.c.obj     104     0         0      
       fd_toi_t2.asm.obj              72      0         0      
       autoinit.c.obj                 68      0         0      
       u_divt2.asm.obj                64      0         0      
       boot_cortex_m.c.obj            52      0         0      
       i_tofd_t2.asm.obj              46      0         0      
       copy_decompress_none.c.obj     14      0         0      
       copy_zero_init.c.obj           12      0         0      
       exit.c.obj                     4       0         0      
       pre_init.c.obj                 4       0         0      
       div0.asm.obj                   2       0         0      
    +--+------------------------------+-------+---------+---------+
       Total:                         972     0         0      
                                                               
       Stack:                         0       0         4096   
       Linker Generated:              0       2660      0      
    +--+------------------------------+-------+---------+---------+
       Grand Total:                   24958   5062      22442  


LINKER GENERATED COPY TABLES

__TI_cinit_table @ 00007538 records: 3, size/record: 8, table size: 24
	.data: load addr=00006ae8, load size=00000a30 bytes, run addr=20003408, run size=000013a8 bytes, compression=lzss
	.bss: load addr=00007528, load size=00000008 bytes, run addr=2000026c, run size=0000319c bytes, compression=zero_init
	.vtable: load addr=00007530, load size=00000008 bytes, run addr=20000000, run size=0000026c bytes, compression=zero_init


LINKER GENERATED HANDLER TABLE

__TI_handler_table @ 00007518 records: 3, size/record: 4, table size: 12
	index: 0, handler: __TI_zero_init
	index: 1, handler: __TI_decompress_lzss
	index: 2, handler: __TI_decompress_none


GLOBAL SYMBOLS: SORTED ALPHABETICALLY BY Name 

address   name                              
-------   ----                              
00002e61  ADCBusy                           
00002ea9  ADCClockConfigGet                 
00002e7f  ADCClockConfigSet                 
00002c7b  ADCComparatorConfigure            
00002d55  ADCComparatorIntClear             
00002d01  ADCComparatorIntDisable           
00002d1f  ADCComparatorIntEnable            
00002d41  ADCComparatorIntStatus            
00002c97  ADCComparatorRegionSet            
00002cbb  ADCComparatorReset                
00002c49  ADCHardwareOversampleConfigure    
000027eb  ADCIntClear                       
00002dc9  ADCIntClearEx                     
00002751  ADCIntDisable                     
00002d67  ADCIntDisableEx                   
0000276d  ADCIntEnable                      
00002d7f  ADCIntEnableEx                    
0000270b  ADCIntRegister                    
00002793  ADCIntStatus                      
00002d97  ADCIntStatusEx                    
00002733  ADCIntUnregister                  
00002e1b  ADCPhaseDelayGet                  
00002e09  ADCPhaseDelaySet                  
00002a5d  ADCProcessorTrigger               
00002df7  ADCReferenceGet                   
00002ddb  ADCReferenceSet                   
00002835  ADCSequenceConfigure              
00002e45  ADCSequenceDMADisable             
00002e29  ADCSequenceDMAEnable              
00002a1b  ADCSequenceDataGet                
0000281b  ADCSequenceDisable                
00002801  ADCSequenceEnable                 
000029bf  ADCSequenceOverflow               
000029d7  ADCSequenceOverflowClear          
000028d1  ADCSequenceStepConfigure          
000029ed  ADCSequenceUnderflow              
00002a05  ADCSequenceUnderflowClear         
00002a81  ADCSoftwareOversampleConfigure    
00002bb5  ADCSoftwareOversampleDataGet      
00002ad3  ADCSoftwareOversampleStepConfigure
00005f25  BEAGLE_UART_Init                  
000054b7  BMI160_AccelXGetResult            
000055fb  BMI160_AccelXYZGetResult          
000054db  BMI160_AccelYGetResult            
000054ff  BMI160_AccelZGetResult            
000056f7  BMI160_GetDataStatus              
00005523  BMI160_GyroXGetResult             
0000564f  BMI160_GyroXYZGetResult           
00005547  BMI160_GyroYGetResult             
0000556b  BMI160_GyroZGetResult             
0000540d  BMI160_Init                       
0000558f  BMI160_MagXGetResult              
000056a3  BMI160_MagXYZGetResult            
000055b3  BMI160_MagYGetResult              
000055d7  BMI160_MagZGetResult              
0000548f  BMI160_MultiReadRegister          
0000546b  BMI160_ReadRegister               
00005443  BMI160_WriteRegister              
000063ed  C$$EXIT                           
00006341  CPUbasepriGet                     
00006333  CPUbasepriSet                     
0000630d  CPUcpsid                          
00006323  CPUcpsie                          
00006319  CPUprimask                        
0000632f  CPUwfi                            
200033f0  CurrentlyRunningThread            
000063b7  EndCriticalSection                
000037c5  G8RTOS_AddThread                  
000039cd  G8RTOS_Add_APeriodicEvent         
00003a4d  G8RTOS_Add_PeriodicEvent          
00003ca3  G8RTOS_GetNumberOfThreads         
00003c9b  G8RTOS_GetThreadID                
000036c3  G8RTOS_Init                       
00005dd9  G8RTOS_InitSemaphore              
00003bfd  G8RTOS_KillSelf                   
00003b31  G8RTOS_KillThread                 
00003717  G8RTOS_Launch                     
0000373b  G8RTOS_Scheduler                  
00005e37  G8RTOS_SignalSemaphore            
000061ed  G8RTOS_Start                      
00005df7  G8RTOS_WaitSemaphore              
00001db1  GPIOADCTriggerDisable             
00001d93  GPIOADCTriggerEnable              
00001d75  GPIODMATriggerDisable             
00001d57  GPIODMATriggerEnable              
000044f9  GPIOD_Handler                     
000012a7  GPIODirModeGet                    
0000124b  GPIODirModeSet                    
000044e7  GPIOE_Handler                     
00001861  GPIOIntClear                      
00001825  GPIOIntDisable                    
00001801  GPIOIntEnable                     
00001875  GPIOIntRegister                   
000018ad  GPIOIntRegisterPin                
0000183f  GPIOIntStatus                     
00001397  GPIOIntTypeGet                    
000012f3  GPIOIntTypeSet                    
00001893  GPIOIntUnregister                 
000018db  GPIOIntUnregisterPin              
0000168f  GPIOPadConfigGet                  
00001421  GPIOPadConfigSet                  
00001cf9  GPIOPinConfigure                  
000018ff  GPIOPinRead                       
00001937  GPIOPinTypeADC                    
0000195b  GPIOPinTypeCAN                    
0000197f  GPIOPinTypeComparator             
000019a3  GPIOPinTypeComparatorOutput       
000019c7  GPIOPinTypeDIVSCLK                
000019eb  GPIOPinTypeEPI                    
00001a0f  GPIOPinTypeEthernetLED            
00001a33  GPIOPinTypeEthernetMII            
00001a57  GPIOPinTypeGPIOInput              
00001a7b  GPIOPinTypeGPIOOutput             
00001aa5  GPIOPinTypeGPIOOutputOD           
00001ac9  GPIOPinTypeHibernateRTCCLK        
00001aed  GPIOPinTypeI2C                    
00001b11  GPIOPinTypeI2CSCL                 
00001b35  GPIOPinTypeLCD                    
00001b59  GPIOPinTypeOneWire                
00001b7d  GPIOPinTypePWM                    
00001ba1  GPIOPinTypeQEI                    
00001bc5  GPIOPinTypeSSI                    
00001be9  GPIOPinTypeTimer                  
00001c0d  GPIOPinTypeTrace                  
00001c31  GPIOPinTypeUART                   
00001c55  GPIOPinTypeUSBAnalog              
00001c79  GPIOPinTypeUSBDigital             
00001c9d  GPIOPinTypeWakeHigh               
00001cc3  GPIOPinTypeWakeLow                
00001ce9  GPIOPinWakeStatus                 
00001917  GPIOPinWrite                      
00001dcf  GPIOUnlockPin                     
00004471  Get_Joystick                      
000034e7  I2CFIFODataGet                    
00003501  I2CFIFODataGetNonBlocking         
0000349d  I2CFIFODataPut                    
000034bf  I2CFIFODataPutNonBlocking         
0000348d  I2CFIFOStatus                     
00003081  I2CIntRegister                    
0000309f  I2CIntUnregister                  
000035c3  I2CLoopbackEnable                 
0000353d  I2CMasterBurstCountGet            
00003527  I2CMasterBurstLengthSet           
000032e5  I2CMasterBusBusy                  
000032cd  I2CMasterBusy                     
000032fd  I2CMasterControl                  
00003351  I2CMasterDataGet                  
0000333b  I2CMasterDataPut                  
0000304d  I2CMasterDisable                  
00003019  I2CMasterEnable                   
0000330f  I2CMasterErr                      
0000354b  I2CMasterGlitchFilterConfigSet    
00002f4f  I2CMasterInitExpClk               
00003247  I2CMasterIntClear                 
00003265  I2CMasterIntClearEx               
00003113  I2CMasterIntDisable               
00003123  I2CMasterIntDisableEx             
000030b9  I2CMasterIntEnable                
000030c9  I2CMasterIntEnableEx              
0000316d  I2CMasterIntStatus                
000031b1  I2CMasterIntStatusEx              
000032bf  I2CMasterLineStateGet             
0000329d  I2CMasterSlaveAddrSet             
0000335f  I2CMasterTimeoutSet               
0000344d  I2CRxFIFOConfigSet                
00003475  I2CRxFIFOFlush                    
00003371  I2CSlaveACKOverride               
000033a3  I2CSlaveACKValueSet               
00002fdb  I2CSlaveAddressSet                
000033fd  I2CSlaveDataGet                   
000033e5  I2CSlaveDataPut                   
00003063  I2CSlaveDisable                   
0000302f  I2CSlaveEnable                    
000035b1  I2CSlaveFIFODisable               
00003599  I2CSlaveFIFOEnable                
00002fc1  I2CSlaveInit                      
00003277  I2CSlaveIntClear                  
00003289  I2CSlaveIntClearEx                
0000313b  I2CSlaveIntDisable                
00003153  I2CSlaveIntDisableEx              
000030e1  I2CSlaveIntEnable                 
000030f9  I2CSlaveIntEnableEx               
000031dd  I2CSlaveIntStatus                 
00003225  I2CSlaveIntStatusEx               
000033d5  I2CSlaveStatus                    
0000340d  I2CTxFIFOConfigSet                
00003435  I2CTxFIFOFlush                    
00005709  I2C_Init                          
00005871  I2C_ReadMultiple                  
00005793  I2C_ReadSingle                    
000057d1  I2C_WriteMultiple                 
00005755  I2C_WriteSingle                   
200033f4  IBit_State                        
00004ea9  IntDisable                        
00004e37  IntEnable                         
00004f1b  IntIsEnabled                      
00004cfb  IntMasterDisable                  
00004ceb  IntMasterEnable                   
00005011  IntPendClear                      
00004fa1  IntPendSet                        
00004e13  IntPriorityGet                    
00004d8b  IntPriorityGroupingGet            
00004d71  IntPriorityGroupingSet            
0000506b  IntPriorityMaskGet                
0000505f  IntPriorityMaskSet                
00004dc3  IntPrioritySet                    
00004d0b  IntRegister                       
00005073  IntTrigger                        
00004d5d  IntUnregister                     
00005c5b  JOYSTICK_GetPress                 
00005c6f  JOYSTICK_GetX                     
00005c91  JOYSTICK_GetXY                    
00005c7f  JOYSTICK_GetY                     
00005bd1  JOYSTICK_Init                     
00005c2d  JOYSTICK_IntEnable                
000061b9  MultimodButtons_Get               
00006185  MultimodButtons_Init              
00005bb9  OPT3001_GetChipID                 
00005b27  OPT3001_GetResult                 
00005aa9  OPT3001_Init                      
00005af1  OPT3001_ReadRegister              
00005b99  OPT3001_SetHighLimit              
00005b79  OPT3001_SetLowLimit               
00005abd  OPT3001_WriteRegister             
0000620f  PendSV_Handler                    
0000442d  Read_Buttons                      
000043f9  Read_JoystickPress                
000063d7  ResetISR                          
0000591d  SPI_Init                          
00005a2b  SPI_ReadMultiple                  
000059a3  SPI_ReadSingle                    
000059cb  SPI_WriteMultiple                 
00005985  SPI_WriteSingle                   
00005361  SSIAdvDataPutFrameEnd             
00005387  SSIAdvDataPutFrameEndNonBlocking  
000053c9  SSIAdvFrameHoldDisable            
000053b3  SSIAdvFrameHoldEnable             
0000532f  SSIAdvModeSet                     
000052ed  SSIBusy                           
0000531f  SSIClockSourceGet                 
0000530b  SSIClockSourceSet                 
00005107  SSIConfigSetExpClk                
000052d5  SSIDMADisable                     
000052bd  SSIDMAEnable                      
0000527f  SSIDataGet                        
0000529b  SSIDataGetNonBlocking             
00005245  SSIDataPut                        
0000525f  SSIDataPutNonBlocking             
00005197  SSIDisable                        
00005181  SSIEnable                         
00005233  SSIIntClear                       
000051fd  SSIIntDisable                     
000051e5  SSIIntEnable                      
000051ad  SSIIntRegister                    
00005215  SSIIntStatus                      
000051cb  SSIIntUnregister                  
000053f5  SSILoopbackDisable                
000053df  SSILoopbackEnable                 
00001e0f  ST7789_Deselect                   
00002559  ST7789_DrawChar                   
00001fa9  ST7789_DrawHLine                  
0000234b  ST7789_DrawLine                   
000022dd  ST7789_DrawPixel                  
0000241b  ST7789_DrawRectangle              
00001f31  ST7789_DrawVLine                  
0000232f  ST7789_Fill                       
000021fb  ST7789_Init                       
0000205d  ST7789_Line                       
00001e65  ST7789_ReadRegister               
00001e01  ST7789_Select                     
00001e2b  ST7789_SetCommand                 
00001e1d  ST7789_SetData                    
00001e73  ST7789_SetWindow                  
0000248f  ST7789_UartScreen                 
00001e39  ST7789_WriteCommand               
00001e53  ST7789_WriteData                  
000063af  StartCriticalSection              
000011a9  SysCtlAltClkConfig                
000008d1  SysCtlClockFreqSet                
00000d99  SysCtlClockGet                    
0000118d  SysCtlClockOutConfig              
00000bc9  SysCtlClockSet                    
000007d5  SysCtlDeepSleep                   
00000f5d  SysCtlDeepSleepClockConfigSet     
00000f3f  SysCtlDeepSleepClockSet           
000007b5  SysCtlDeepSleepPowerSet           
000063e3  SysCtlDelay                       
00000363  SysCtlFlashSectorSizeGet          
00000337  SysCtlFlashSizeGet                
00001033  SysCtlGPIOAHBDisable              
00001017  SysCtlGPIOAHBEnable               
00000749  SysCtlIntClear                    
00000731  SysCtlIntDisable                  
0000071d  SysCtlIntEnable                   
000006f5  SysCtlIntRegister                 
00000759  SysCtlIntStatus                   
0000070d  SysCtlIntUnregister               
0000079b  SysCtlLDODeepSleepGet             
0000078b  SysCtlLDODeepSleepSet             
00000785  SysCtlLDOSleepGet                 
00000775  SysCtlLDOSleepSet                 
0000080b  SysCtlMOSCConfigSet               
00001171  SysCtlNMIClear                    
0000115d  SysCtlNMIStatus                   
00000821  SysCtlPIOSCCalibrate              
00001001  SysCtlPWMClockGet                 
00000fe7  SysCtlPWMClockSet                 
000006a1  SysCtlPeripheralClockGating       
00000659  SysCtlPeripheralDeepSleepDisable  
00000609  SysCtlPeripheralDeepSleepEnable   
00000545  SysCtlPeripheralDisable           
00000509  SysCtlPeripheralEnable            
00000445  SysCtlPeripheralPowerOff          
00000409  SysCtlPeripheralPowerOn           
00000389  SysCtlPeripheralPresent           
000003c9  SysCtlPeripheralReady             
00000481  SysCtlPeripheralReset             
000005cd  SysCtlPeripheralSleepDisable      
00000589  SysCtlPeripheralSleepEnable       
000007c5  SysCtlReset                       
00000881  SysCtlResetBehaviorGet            
00000871  SysCtlResetBehaviorSet            
000007f7  SysCtlResetCauseClear             
000007f1  SysCtlResetCauseGet               
0000032d  SysCtlSRAMSizeGet                 
000007cd  SysCtlSleep                       
000007a1  SysCtlSleepPowerSet               
0000105b  SysCtlUSBPLLDisable               
0000104f  SysCtlUSBPLLEnable                
000010a1  SysCtlVCOGet                      
00001089  SysCtlVoltageEventClear           
0000106d  SysCtlVoltageEventConfig          
0000107d  SysCtlVoltageEventStatus          
00005fbd  SysTickDisable                    
00005fb1  SysTickEnable                     
00006001  SysTickIntDisable                 
00005ff5  SysTickIntEnable                  
00005fc9  SysTickIntRegister                
00005fe1  SysTickIntUnregister              
0000601f  SysTickPeriodGet                  
0000600d  SysTickPeriodSet                  
00006027  SysTickValueGet                   
00003613  SysTick_Handler                   
200033f8  SystemTime                        
000042a9  UART9BitAddrSend                  
00004283  UART9BitAddrSet                   
0000426d  UART9BitDisable                   
00004257  UART9BitEnable                    
000040fb  UARTBreakCtl                      
00004125  UARTBusy                          
000040a3  UARTCharGet                       
00004087  UARTCharGetNonBlocking            
000040dd  UARTCharPut                       
000040b9  UARTCharPutNonBlocking            
0000404b  UARTCharsAvail                    
00004247  UARTClockSourceGet                
00004233  UARTClockSourceSet                
00003e1b  UARTConfigGetExpClk               
00003da5  UARTConfigSetExpClk               
000041f9  UARTDMADisable                    
000041e1  UARTDMAEnable                     
00003e8b  UARTDisable                       
00003f0f  UARTDisableSIR                    
00003e67  UARTEnable                        
00003ee1  UARTEnableSIR                     
00003ecb  UARTFIFODisable                   
00003eb5  UARTFIFOEnable                    
00003d7d  UARTFIFOLevelGet                  
00003d65  UARTFIFOLevelSet                  
0000400b  UARTFlowControlGet                
00003fef  UARTFlowControlSet                
000041cf  UARTIntClear                      
00004199  UARTIntDisable                    
00004181  UARTIntEnable                     
00004143  UARTIntRegister                   
000041b1  UARTIntStatus                     
00004161  UARTIntUnregister                 
000042f1  UARTLoopbackEnable                
00003fa5  UARTModemControlClear             
00003fc9  UARTModemControlGet               
00003f6d  UARTModemControlSet               
00003fdb  UARTModemStatusGet                
00003d53  UARTParityModeGet                 
00003d37  UARTParityModeSet                 
00004223  UARTRxErrorClear                  
00004211  UARTRxErrorGet                    
00003f57  UARTSmartCardDisable              
00003f25  UARTSmartCardEnable               
00004069  UARTSpaceAvail                    
00004841  UARTStdioConfig                   
00004039  UARTTxIntModeGet                  
0000401d  UARTTxIntModeSet                  
0000611d  UART_Init                         
00004991  UARTgetc                          
000048d7  UARTgets                          
00004cb3  UARTprintf                        
000049b9  UARTvprintf                       
00004887  UARTwrite                         
200057b0  __STACK_END                       
00001000  __STACK_SIZE                      
200049b0  __STACK_TOP                       
00007538  __TI_CINIT_Base                   
00007550  __TI_CINIT_Limit                  
00007518  __TI_Handler_Table_Base           
00007524  __TI_Handler_Table_Limit          
00006289  __TI_auto_init_nobinit_nopinit    
000060b3  __TI_decompress_lzss              
000063bd  __TI_decompress_none              
ffffffff  __TI_pprof_out_hndl               
ffffffff  __TI_prof_data_size               
ffffffff  __TI_prof_data_start              
00000000  __TI_static_base__                
000063cb  __TI_zero_init                    
00006241  __aeabi_d2iz                      
00005cdd  __aeabi_dmul                      
00006381  __aeabi_i2d                       
00004307  __aeabi_idiv0                     
00004307  __aeabi_ldiv0                     
00006039  __aeabi_memclr                    
00006039  __aeabi_memclr4                   
00006039  __aeabi_memclr8                   
00005e89  __aeabi_memcpy                    
00005e89  __aeabi_memcpy4                   
00005e89  __aeabi_memcpy8                   
0000603b  __aeabi_memset                    
0000603b  __aeabi_memset4                   
0000603b  __aeabi_memset8                   
000062cd  __aeabi_uidiv                     
000062cd  __aeabi_uidivmod                  
ffffffff  __binit__                         
ffffffff  __c_args__                        
UNDEFED   __mpu_init                        
200047b0  __stack                           
20000000  __start___llvm_prf_cnts           
20000000  __stop___llvm_prf_cnts            
0000634d  _c_int00_noargs                   
UNDEFED   _system_post_cinit                
000063e9  _system_pre_init                  
000063ed  abort                             
0000450b  beagle_data                       
ffffffff  binit                             
000021dd  delay_ms                          
000024a5  end_me                            
20000000  g_pfnRAMVectors                   
00000000  g_pfnVectors                      
000043b9  get_color                         
200047a0  give_joy                          
00004721  handle_draw                       
00004611  handle_read                       
000043eb  idle                              
0000432d  is_valid_move                     
00004373  is_valid_move_obs                 
200033fc  joystick_semaphore                
20004790  joystick_y                        
20004798  last                              
0000476f  main                              
00005e89  memcpy                            
00006041  memset                            
20004794  on_ground                         
20003408  sfb                               
200038ea  sff                               
20003dcc  sfl                               
200042ae  sfr                               
00003c71  sleep                             
20003400  spi_semaphore                     
20004791  sw_1_pressed                      
20004792  sw_2_pressed                      
20003404  sw_semaphore                      
200033d4  to_send_s                         
2000479c  total_pix                         
20004793  uart_index_g                      
20004795  x_val                             
20004796  y_val                             


GLOBAL SYMBOLS: SORTED BY Symbol Address 

address   name                              
-------   ----                              
00000000  __TI_static_base__                
00000000  g_pfnVectors                      
0000032d  SysCtlSRAMSizeGet                 
00000337  SysCtlFlashSizeGet                
00000363  SysCtlFlashSectorSizeGet          
00000389  SysCtlPeripheralPresent           
000003c9  SysCtlPeripheralReady             
00000409  SysCtlPeripheralPowerOn           
00000445  SysCtlPeripheralPowerOff          
00000481  SysCtlPeripheralReset             
00000509  SysCtlPeripheralEnable            
00000545  SysCtlPeripheralDisable           
00000589  SysCtlPeripheralSleepEnable       
000005cd  SysCtlPeripheralSleepDisable      
00000609  SysCtlPeripheralDeepSleepEnable   
00000659  SysCtlPeripheralDeepSleepDisable  
000006a1  SysCtlPeripheralClockGating       
000006f5  SysCtlIntRegister                 
0000070d  SysCtlIntUnregister               
0000071d  SysCtlIntEnable                   
00000731  SysCtlIntDisable                  
00000749  SysCtlIntClear                    
00000759  SysCtlIntStatus                   
00000775  SysCtlLDOSleepSet                 
00000785  SysCtlLDOSleepGet                 
0000078b  SysCtlLDODeepSleepSet             
0000079b  SysCtlLDODeepSleepGet             
000007a1  SysCtlSleepPowerSet               
000007b5  SysCtlDeepSleepPowerSet           
000007c5  SysCtlReset                       
000007cd  SysCtlSleep                       
000007d5  SysCtlDeepSleep                   
000007f1  SysCtlResetCauseGet               
000007f7  SysCtlResetCauseClear             
0000080b  SysCtlMOSCConfigSet               
00000821  SysCtlPIOSCCalibrate              
00000871  SysCtlResetBehaviorSet            
00000881  SysCtlResetBehaviorGet            
000008d1  SysCtlClockFreqSet                
00000bc9  SysCtlClockSet                    
00000d99  SysCtlClockGet                    
00000f3f  SysCtlDeepSleepClockSet           
00000f5d  SysCtlDeepSleepClockConfigSet     
00000fe7  SysCtlPWMClockSet                 
00001000  __STACK_SIZE                      
00001001  SysCtlPWMClockGet                 
00001017  SysCtlGPIOAHBEnable               
00001033  SysCtlGPIOAHBDisable              
0000104f  SysCtlUSBPLLEnable                
0000105b  SysCtlUSBPLLDisable               
0000106d  SysCtlVoltageEventConfig          
0000107d  SysCtlVoltageEventStatus          
00001089  SysCtlVoltageEventClear           
000010a1  SysCtlVCOGet                      
0000115d  SysCtlNMIStatus                   
00001171  SysCtlNMIClear                    
0000118d  SysCtlClockOutConfig              
000011a9  SysCtlAltClkConfig                
0000124b  GPIODirModeSet                    
000012a7  GPIODirModeGet                    
000012f3  GPIOIntTypeSet                    
00001397  GPIOIntTypeGet                    
00001421  GPIOPadConfigSet                  
0000168f  GPIOPadConfigGet                  
00001801  GPIOIntEnable                     
00001825  GPIOIntDisable                    
0000183f  GPIOIntStatus                     
00001861  GPIOIntClear                      
00001875  GPIOIntRegister                   
00001893  GPIOIntUnregister                 
000018ad  GPIOIntRegisterPin                
000018db  GPIOIntUnregisterPin              
000018ff  GPIOPinRead                       
00001917  GPIOPinWrite                      
00001937  GPIOPinTypeADC                    
0000195b  GPIOPinTypeCAN                    
0000197f  GPIOPinTypeComparator             
000019a3  GPIOPinTypeComparatorOutput       
000019c7  GPIOPinTypeDIVSCLK                
000019eb  GPIOPinTypeEPI                    
00001a0f  GPIOPinTypeEthernetLED            
00001a33  GPIOPinTypeEthernetMII            
00001a57  GPIOPinTypeGPIOInput              
00001a7b  GPIOPinTypeGPIOOutput             
00001aa5  GPIOPinTypeGPIOOutputOD           
00001ac9  GPIOPinTypeHibernateRTCCLK        
00001aed  GPIOPinTypeI2C                    
00001b11  GPIOPinTypeI2CSCL                 
00001b35  GPIOPinTypeLCD                    
00001b59  GPIOPinTypeOneWire                
00001b7d  GPIOPinTypePWM                    
00001ba1  GPIOPinTypeQEI                    
00001bc5  GPIOPinTypeSSI                    
00001be9  GPIOPinTypeTimer                  
00001c0d  GPIOPinTypeTrace                  
00001c31  GPIOPinTypeUART                   
00001c55  GPIOPinTypeUSBAnalog              
00001c79  GPIOPinTypeUSBDigital             
00001c9d  GPIOPinTypeWakeHigh               
00001cc3  GPIOPinTypeWakeLow                
00001ce9  GPIOPinWakeStatus                 
00001cf9  GPIOPinConfigure                  
00001d57  GPIODMATriggerEnable              
00001d75  GPIODMATriggerDisable             
00001d93  GPIOADCTriggerEnable              
00001db1  GPIOADCTriggerDisable             
00001dcf  GPIOUnlockPin                     
00001e01  ST7789_Select                     
00001e0f  ST7789_Deselect                   
00001e1d  ST7789_SetData                    
00001e2b  ST7789_SetCommand                 
00001e39  ST7789_WriteCommand               
00001e53  ST7789_WriteData                  
00001e65  ST7789_ReadRegister               
00001e73  ST7789_SetWindow                  
00001f31  ST7789_DrawVLine                  
00001fa9  ST7789_DrawHLine                  
0000205d  ST7789_Line                       
000021dd  delay_ms                          
000021fb  ST7789_Init                       
000022dd  ST7789_DrawPixel                  
0000232f  ST7789_Fill                       
0000234b  ST7789_DrawLine                   
0000241b  ST7789_DrawRectangle              
0000248f  ST7789_UartScreen                 
000024a5  end_me                            
00002559  ST7789_DrawChar                   
0000270b  ADCIntRegister                    
00002733  ADCIntUnregister                  
00002751  ADCIntDisable                     
0000276d  ADCIntEnable                      
00002793  ADCIntStatus                      
000027eb  ADCIntClear                       
00002801  ADCSequenceEnable                 
0000281b  ADCSequenceDisable                
00002835  ADCSequenceConfigure              
000028d1  ADCSequenceStepConfigure          
000029bf  ADCSequenceOverflow               
000029d7  ADCSequenceOverflowClear          
000029ed  ADCSequenceUnderflow              
00002a05  ADCSequenceUnderflowClear         
00002a1b  ADCSequenceDataGet                
00002a5d  ADCProcessorTrigger               
00002a81  ADCSoftwareOversampleConfigure    
00002ad3  ADCSoftwareOversampleStepConfigure
00002bb5  ADCSoftwareOversampleDataGet      
00002c49  ADCHardwareOversampleConfigure    
00002c7b  ADCComparatorConfigure            
00002c97  ADCComparatorRegionSet            
00002cbb  ADCComparatorReset                
00002d01  ADCComparatorIntDisable           
00002d1f  ADCComparatorIntEnable            
00002d41  ADCComparatorIntStatus            
00002d55  ADCComparatorIntClear             
00002d67  ADCIntDisableEx                   
00002d7f  ADCIntEnableEx                    
00002d97  ADCIntStatusEx                    
00002dc9  ADCIntClearEx                     
00002ddb  ADCReferenceSet                   
00002df7  ADCReferenceGet                   
00002e09  ADCPhaseDelaySet                  
00002e1b  ADCPhaseDelayGet                  
00002e29  ADCSequenceDMAEnable              
00002e45  ADCSequenceDMADisable             
00002e61  ADCBusy                           
00002e7f  ADCClockConfigSet                 
00002ea9  ADCClockConfigGet                 
00002f4f  I2CMasterInitExpClk               
00002fc1  I2CSlaveInit                      
00002fdb  I2CSlaveAddressSet                
00003019  I2CMasterEnable                   
0000302f  I2CSlaveEnable                    
0000304d  I2CMasterDisable                  
00003063  I2CSlaveDisable                   
00003081  I2CIntRegister                    
0000309f  I2CIntUnregister                  
000030b9  I2CMasterIntEnable                
000030c9  I2CMasterIntEnableEx              
000030e1  I2CSlaveIntEnable                 
000030f9  I2CSlaveIntEnableEx               
00003113  I2CMasterIntDisable               
00003123  I2CMasterIntDisableEx             
0000313b  I2CSlaveIntDisable                
00003153  I2CSlaveIntDisableEx              
0000316d  I2CMasterIntStatus                
000031b1  I2CMasterIntStatusEx              
000031dd  I2CSlaveIntStatus                 
00003225  I2CSlaveIntStatusEx               
00003247  I2CMasterIntClear                 
00003265  I2CMasterIntClearEx               
00003277  I2CSlaveIntClear                  
00003289  I2CSlaveIntClearEx                
0000329d  I2CMasterSlaveAddrSet             
000032bf  I2CMasterLineStateGet             
000032cd  I2CMasterBusy                     
000032e5  I2CMasterBusBusy                  
000032fd  I2CMasterControl                  
0000330f  I2CMasterErr                      
0000333b  I2CMasterDataPut                  
00003351  I2CMasterDataGet                  
0000335f  I2CMasterTimeoutSet               
00003371  I2CSlaveACKOverride               
000033a3  I2CSlaveACKValueSet               
000033d5  I2CSlaveStatus                    
000033e5  I2CSlaveDataPut                   
000033fd  I2CSlaveDataGet                   
0000340d  I2CTxFIFOConfigSet                
00003435  I2CTxFIFOFlush                    
0000344d  I2CRxFIFOConfigSet                
00003475  I2CRxFIFOFlush                    
0000348d  I2CFIFOStatus                     
0000349d  I2CFIFODataPut                    
000034bf  I2CFIFODataPutNonBlocking         
000034e7  I2CFIFODataGet                    
00003501  I2CFIFODataGetNonBlocking         
00003527  I2CMasterBurstLengthSet           
0000353d  I2CMasterBurstCountGet            
0000354b  I2CMasterGlitchFilterConfigSet    
00003599  I2CSlaveFIFOEnable                
000035b1  I2CSlaveFIFODisable               
000035c3  I2CLoopbackEnable                 
00003613  SysTick_Handler                   
000036c3  G8RTOS_Init                       
00003717  G8RTOS_Launch                     
0000373b  G8RTOS_Scheduler                  
000037c5  G8RTOS_AddThread                  
000039cd  G8RTOS_Add_APeriodicEvent         
00003a4d  G8RTOS_Add_PeriodicEvent          
00003b31  G8RTOS_KillThread                 
00003bfd  G8RTOS_KillSelf                   
00003c71  sleep                             
00003c9b  G8RTOS_GetThreadID                
00003ca3  G8RTOS_GetNumberOfThreads         
00003d37  UARTParityModeSet                 
00003d53  UARTParityModeGet                 
00003d65  UARTFIFOLevelSet                  
00003d7d  UARTFIFOLevelGet                  
00003da5  UARTConfigSetExpClk               
00003e1b  UARTConfigGetExpClk               
00003e67  UARTEnable                        
00003e8b  UARTDisable                       
00003eb5  UARTFIFOEnable                    
00003ecb  UARTFIFODisable                   
00003ee1  UARTEnableSIR                     
00003f0f  UARTDisableSIR                    
00003f25  UARTSmartCardEnable               
00003f57  UARTSmartCardDisable              
00003f6d  UARTModemControlSet               
00003fa5  UARTModemControlClear             
00003fc9  UARTModemControlGet               
00003fdb  UARTModemStatusGet                
00003fef  UARTFlowControlSet                
0000400b  UARTFlowControlGet                
0000401d  UARTTxIntModeSet                  
00004039  UARTTxIntModeGet                  
0000404b  UARTCharsAvail                    
00004069  UARTSpaceAvail                    
00004087  UARTCharGetNonBlocking            
000040a3  UARTCharGet                       
000040b9  UARTCharPutNonBlocking            
000040dd  UARTCharPut                       
000040fb  UARTBreakCtl                      
00004125  UARTBusy                          
00004143  UARTIntRegister                   
00004161  UARTIntUnregister                 
00004181  UARTIntEnable                     
00004199  UARTIntDisable                    
000041b1  UARTIntStatus                     
000041cf  UARTIntClear                      
000041e1  UARTDMAEnable                     
000041f9  UARTDMADisable                    
00004211  UARTRxErrorGet                    
00004223  UARTRxErrorClear                  
00004233  UARTClockSourceSet                
00004247  UARTClockSourceGet                
00004257  UART9BitEnable                    
0000426d  UART9BitDisable                   
00004283  UART9BitAddrSet                   
000042a9  UART9BitAddrSend                  
000042f1  UARTLoopbackEnable                
00004307  __aeabi_idiv0                     
00004307  __aeabi_ldiv0                     
0000432d  is_valid_move                     
00004373  is_valid_move_obs                 
000043b9  get_color                         
000043eb  idle                              
000043f9  Read_JoystickPress                
0000442d  Read_Buttons                      
00004471  Get_Joystick                      
000044e7  GPIOE_Handler                     
000044f9  GPIOD_Handler                     
0000450b  beagle_data                       
00004611  handle_read                       
00004721  handle_draw                       
0000476f  main                              
00004841  UARTStdioConfig                   
00004887  UARTwrite                         
000048d7  UARTgets                          
00004991  UARTgetc                          
000049b9  UARTvprintf                       
00004cb3  UARTprintf                        
00004ceb  IntMasterEnable                   
00004cfb  IntMasterDisable                  
00004d0b  IntRegister                       
00004d5d  IntUnregister                     
00004d71  IntPriorityGroupingSet            
00004d8b  IntPriorityGroupingGet            
00004dc3  IntPrioritySet                    
00004e13  IntPriorityGet                    
00004e37  IntEnable                         
00004ea9  IntDisable                        
00004f1b  IntIsEnabled                      
00004fa1  IntPendSet                        
00005011  IntPendClear                      
0000505f  IntPriorityMaskSet                
0000506b  IntPriorityMaskGet                
00005073  IntTrigger                        
00005107  SSIConfigSetExpClk                
00005181  SSIEnable                         
00005197  SSIDisable                        
000051ad  SSIIntRegister                    
000051cb  SSIIntUnregister                  
000051e5  SSIIntEnable                      
000051fd  SSIIntDisable                     
00005215  SSIIntStatus                      
00005233  SSIIntClear                       
00005245  SSIDataPut                        
0000525f  SSIDataPutNonBlocking             
0000527f  SSIDataGet                        
0000529b  SSIDataGetNonBlocking             
000052bd  SSIDMAEnable                      
000052d5  SSIDMADisable                     
000052ed  SSIBusy                           
0000530b  SSIClockSourceSet                 
0000531f  SSIClockSourceGet                 
0000532f  SSIAdvModeSet                     
00005361  SSIAdvDataPutFrameEnd             
00005387  SSIAdvDataPutFrameEndNonBlocking  
000053b3  SSIAdvFrameHoldEnable             
000053c9  SSIAdvFrameHoldDisable            
000053df  SSILoopbackEnable                 
000053f5  SSILoopbackDisable                
0000540d  BMI160_Init                       
00005443  BMI160_WriteRegister              
0000546b  BMI160_ReadRegister               
0000548f  BMI160_MultiReadRegister          
000054b7  BMI160_AccelXGetResult            
000054db  BMI160_AccelYGetResult            
000054ff  BMI160_AccelZGetResult            
00005523  BMI160_GyroXGetResult             
00005547  BMI160_GyroYGetResult             
0000556b  BMI160_GyroZGetResult             
0000558f  BMI160_MagXGetResult              
000055b3  BMI160_MagYGetResult              
000055d7  BMI160_MagZGetResult              
000055fb  BMI160_AccelXYZGetResult          
0000564f  BMI160_GyroXYZGetResult           
000056a3  BMI160_MagXYZGetResult            
000056f7  BMI160_GetDataStatus              
00005709  I2C_Init                          
00005755  I2C_WriteSingle                   
00005793  I2C_ReadSingle                    
000057d1  I2C_WriteMultiple                 
00005871  I2C_ReadMultiple                  
0000591d  SPI_Init                          
00005985  SPI_WriteSingle                   
000059a3  SPI_ReadSingle                    
000059cb  SPI_WriteMultiple                 
00005a2b  SPI_ReadMultiple                  
00005aa9  OPT3001_Init                      
00005abd  OPT3001_WriteRegister             
00005af1  OPT3001_ReadRegister              
00005b27  OPT3001_GetResult                 
00005b79  OPT3001_SetLowLimit               
00005b99  OPT3001_SetHighLimit              
00005bb9  OPT3001_GetChipID                 
00005bd1  JOYSTICK_Init                     
00005c2d  JOYSTICK_IntEnable                
00005c5b  JOYSTICK_GetPress                 
00005c6f  JOYSTICK_GetX                     
00005c7f  JOYSTICK_GetY                     
00005c91  JOYSTICK_GetXY                    
00005cdd  __aeabi_dmul                      
00005dd9  G8RTOS_InitSemaphore              
00005df7  G8RTOS_WaitSemaphore              
00005e37  G8RTOS_SignalSemaphore            
00005e89  __aeabi_memcpy                    
00005e89  __aeabi_memcpy4                   
00005e89  __aeabi_memcpy8                   
00005e89  memcpy                            
00005f25  BEAGLE_UART_Init                  
00005fb1  SysTickEnable                     
00005fbd  SysTickDisable                    
00005fc9  SysTickIntRegister                
00005fe1  SysTickIntUnregister              
00005ff5  SysTickIntEnable                  
00006001  SysTickIntDisable                 
0000600d  SysTickPeriodSet                  
0000601f  SysTickPeriodGet                  
00006027  SysTickValueGet                   
00006039  __aeabi_memclr                    
00006039  __aeabi_memclr4                   
00006039  __aeabi_memclr8                   
0000603b  __aeabi_memset                    
0000603b  __aeabi_memset4                   
0000603b  __aeabi_memset8                   
00006041  memset                            
000060b3  __TI_decompress_lzss              
0000611d  UART_Init                         
00006185  MultimodButtons_Init              
000061b9  MultimodButtons_Get               
000061ed  G8RTOS_Start                      
0000620f  PendSV_Handler                    
00006241  __aeabi_d2iz                      
00006289  __TI_auto_init_nobinit_nopinit    
000062cd  __aeabi_uidiv                     
000062cd  __aeabi_uidivmod                  
0000630d  CPUcpsid                          
00006319  CPUprimask                        
00006323  CPUcpsie                          
0000632f  CPUwfi                            
00006333  CPUbasepriSet                     
00006341  CPUbasepriGet                     
0000634d  _c_int00_noargs                   
00006381  __aeabi_i2d                       
000063af  StartCriticalSection              
000063b7  EndCriticalSection                
000063bd  __TI_decompress_none              
000063cb  __TI_zero_init                    
000063d7  ResetISR                          
000063e3  SysCtlDelay                       
000063e9  _system_pre_init                  
000063ed  C$$EXIT                           
000063ed  abort                             
00007518  __TI_Handler_Table_Base           
00007524  __TI_Handler_Table_Limit          
00007538  __TI_CINIT_Base                   
00007550  __TI_CINIT_Limit                  
20000000  __start___llvm_prf_cnts           
20000000  __stop___llvm_prf_cnts            
20000000  g_pfnRAMVectors                   
200033d4  to_send_s                         
200033f0  CurrentlyRunningThread            
200033f4  IBit_State                        
200033f8  SystemTime                        
200033fc  joystick_semaphore                
20003400  spi_semaphore                     
20003404  sw_semaphore                      
20003408  sfb                               
200038ea  sff                               
20003dcc  sfl                               
200042ae  sfr                               
20004790  joystick_y                        
20004791  sw_1_pressed                      
20004792  sw_2_pressed                      
20004793  uart_index_g                      
20004794  on_ground                         
20004795  x_val                             
20004796  y_val                             
20004798  last                              
2000479c  total_pix                         
200047a0  give_joy                          
200047b0  __stack                           
200049b0  __STACK_TOP                       
200057b0  __STACK_END                       
ffffffff  __TI_pprof_out_hndl               
ffffffff  __TI_prof_data_size               
ffffffff  __TI_prof_data_start              
ffffffff  __binit__                         
ffffffff  __c_args__                        
ffffffff  binit                             
UNDEFED   __mpu_init                        
UNDEFED   _system_post_cinit                

[473 symbols]
